Archive member included to satisfy reference by file (symbol)

build/cooja/contiki-ng-cooja.a(simEnvChange.o)
                              build/cooja/mtype673709555.o (simDontFallAsleep)
build/cooja/contiki-ng-cooja.a(cooja_mt.o)
                              build/cooja/mtype673709555.o (cooja_mt_start)
build/cooja/contiki-ng-cooja.a(cooja_mtarch.o)
                              build/cooja/contiki-ng-cooja.a(cooja_mt.o) (cooja_mtarch_start)
build/cooja/contiki-ng-cooja.a(rtimer-arch.o)
                              build/cooja/mtype673709555.o (rtimer_arch_check)
build/cooja/contiki-ng-cooja.a(beep.o)
                              build/cooja/mtype673709555.o (beep_interface)
build/cooja/contiki-ng-cooja.a(leds-arch.o)
                              build/cooja/mtype673709555.o (leds_interface)
build/cooja/contiki-ng-cooja.a(moteid.o)
                              build/cooja/mtype673709555.o (moteid_interface)
build/cooja/contiki-ng-cooja.a(pir-sensor.o)
                              build/cooja/mtype673709555.o (pir_interface)
build/cooja/contiki-ng-cooja.a(rs232.o)
                              build/cooja/mtype673709555.o (rs232_interface)
build/cooja/contiki-ng-cooja.a(vib-sensor.o)
                              build/cooja/mtype673709555.o (vib_interface)
build/cooja/contiki-ng-cooja.a(clock.o)
                              build/cooja/mtype673709555.o (clock_interface)
build/cooja/contiki-ng-cooja.a(cooja-log.o)
                              build/cooja/mtype673709555.o (simlog_interface)
build/cooja/contiki-ng-cooja.a(cfs-cooja.o)
                              build/cooja/mtype673709555.o (cfs_interface)
build/cooja/contiki-ng-cooja.a(cooja-radio.o)
                              build/cooja/mtype673709555.o (radio_interface)
build/cooja/contiki-ng-cooja.a(eeprom.o)
                              build/cooja/mtype673709555.o (eeprom_interface)
build/cooja/contiki-ng-cooja.a(random.o)
                              build/cooja/contiki-ng-cooja.a(moteid.o) (random_init)
build/cooja/contiki-ng-cooja.a(sensors.o)
                              build/cooja/contiki-ng-cooja.a(pir-sensor.o) (sensors_changed)
build/cooja/contiki-ng-cooja.a(leds.o)
                              build/cooja/contiki-ng-cooja.a(leds-arch.o) (leds_get)
build/cooja/contiki-ng-cooja.a(gpio-hal-arch.o)
                              build/cooja/contiki-ng-cooja.a(leds-arch.o) (gpio_hal_arch_register_pin_callback)
build/cooja/contiki-ng-cooja.a(buttons.o)
                              build/cooja/mtype673709555.o (button_interface)
build/cooja/contiki-ng-cooja.a(res-hello.o)
                              coap_server.o (res_hello)
build/cooja/contiki-ng-cooja.a(coap-engine.o)
                              coap_server.o (coap_activate_resource)
build/cooja/contiki-ng-cooja.a(coap-observe.o)
                              build/cooja/contiki-ng-cooja.a(coap-engine.o) (coap_remove_observer_by_mid)
build/cooja/contiki-ng-cooja.a(coap-res-well-known-core.o)
                              build/cooja/contiki-ng-cooja.a(coap-engine.o) (res_well_known_core)
build/cooja/contiki-ng-cooja.a(coap-timer.o)
                              build/cooja/contiki-ng-cooja.a(coap-engine.o) (coap_timer_set)
build/cooja/contiki-ng-cooja.a(coap-transactions.o)
                              build/cooja/contiki-ng-cooja.a(coap-engine.o) (coap_send_transaction)
build/cooja/contiki-ng-cooja.a(coap-uip.o)
                              build/cooja/contiki-ng-cooja.a(coap-observe.o) (coap_endpoint_copy)
build/cooja/contiki-ng-cooja.a(coap.o)
                              build/cooja/contiki-ng-cooja.a(coap-engine.o) (coap_status_code)
build/cooja/contiki-ng-cooja.a(contiki-main.o)
                              build/cooja/mtype673709555.o (main)
build/cooja/contiki-ng-cooja.a(autostart.o)
                              build/cooja/contiki-ng-cooja.a(contiki-main.o) (autostart_start)
build/cooja/contiki-ng-cooja.a(ctimer.o)
                              build/cooja/contiki-ng-cooja.a(contiki-main.o) (ctimer_init)
build/cooja/contiki-ng-cooja.a(energest.o)
                              build/cooja/contiki-ng-cooja.a(contiki-main.o) (energest_init)
build/cooja/contiki-ng-cooja.a(etimer.o)
                              build/cooja/contiki-ng-cooja.a(contiki-main.o) (etimer_process)
build/cooja/contiki-ng-cooja.a(log.o)
                              build/cooja/contiki-ng-cooja.a(contiki-main.o) (curr_log_level_main)
build/cooja/contiki-ng-cooja.a(node-id.o)
                              build/cooja/contiki-ng-cooja.a(contiki-main.o) (node_id)
build/cooja/contiki-ng-cooja.a(process.o)
                              build/cooja/contiki-ng-cooja.a(ctimer.o) (process_current)
build/cooja/contiki-ng-cooja.a(rtimer.o)
                              build/cooja/contiki-ng-cooja.a(contiki-main.o) (rtimer_init)
build/cooja/contiki-ng-cooja.a(timer.o)
                              build/cooja/contiki-ng-cooja.a(etimer.o) (timer_set)
build/cooja/contiki-ng-cooja.a(list.o)
[...]
Memory Configuration

Name             Origin             Length             Attributes
*default*        0x0000000000000000 0xffffffffffffffff

Linker script and memory map

LOAD /usr/lib/gcc/x86_64-linux-gnu/11/../../../x86_64-linux-gnu/crti.o
LOAD /usr/lib/gcc/x86_64-linux-gnu/11/crtbeginS.o
LOAD coap_server.o
LOAD build/cooja/mtype673709555.o
LOAD build/cooja/contiki-ng-cooja.a
LOAD /usr/lib/gcc/x86_64-linux-gnu/11/libgcc.a
LOAD /usr/lib/gcc/x86_64-linux-gnu/11/libgcc_s.so
START GROUP
LOAD /usr/lib/gcc/x86_64-linux-gnu/11/../../../x86_64-linux-gnu/libgcc_s.so.1
LOAD /usr/lib/gcc/x86_64-linux-gnu/11/libgcc.a
END GROUP
LOAD /usr/lib/gcc/x86_64-linux-gnu/11/../../../x86_64-linux-gnu/libc.so
START GROUP
LOAD /lib/x86_64-linux-gnu/libc.so.6
LOAD /usr/lib/x86_64-linux-gnu/libc_nonshared.a
LOAD /lib64/ld-linux-x86-64.so.2
END GROUP
LOAD /usr/lib/gcc/x86_64-linux-gnu/11/libgcc.a
LOAD /usr/lib/gcc/x86_64-linux-gnu/11/libgcc_s.so
START GROUP
LOAD /usr/lib/gcc/x86_64-linux-gnu/11/../../../x86_64-linux-gnu/libgcc_s.so.1
LOAD /usr/lib/gcc/x86_64-linux-gnu/11/libgcc.a
END GROUP
LOAD /usr/lib/gcc/x86_64-linux-gnu/11/crtendS.o
LOAD /usr/lib/gcc/x86_64-linux-gnu/11/../../../x86_64-linux-gnu/crtn.o
                0x00000000000002a8                . = (SEGMENT_START ("text-segment", 0x0) + SIZEOF_HEADERS)

.note.gnu.property
                0x00000000000002a8       0x20
 .note.gnu.property
                0x00000000000002a8       0x20 /usr/lib/gcc/x86_64-linux-gnu/11/../../../x86_64-linux-gnu/crti.o

.note.gnu.build-id
                0x00000000000002c8       0x24
 *(.note.gnu.build-id)
 .note.gnu.build-id
                0x00000000000002c8       0x24 /usr/lib/gcc/x86_64-linux-gnu/11/../../../x86_64-linux-gnu/crti.o

.hash
 *(.hash)

.gnu.hash       0x00000000000002f0     0x159c
 *(.gnu.hash)
 .gnu.hash      0x00000000000002f0     0x159c /usr/lib/gcc/x86_64-linux-gnu/11/../../../x86_64-linux-gnu/crti.o

.dynsym         0x0000000000001890     0x4638
 *(.dynsym)
 .dynsym        0x0000000000001890     0x4638 /usr/lib/gcc/x86_64-linux-gnu/11/../../../x86_64-linux-gnu/crti.o

.dynstr         0x0000000000005ec8     0x36a9
 *(.dynstr)
 .dynstr        0x0000000000005ec8     0x36a9 /usr/lib/gcc/x86_64-linux-gnu/11/../../../x86_64-linux-gnu/crti.o

.gnu.version    0x0000000000009572      0x5da
 *(.gnu.version)
 .gnu.version   0x0000000000009572      0x5da /usr/lib/gcc/x86_64-linux-gnu/11/../../../x86_64-linux-gnu/crti.o

.gnu.version_d  0x0000000000009b50        0x0
 *(.gnu.version_d)
 .gnu.version_d
                0x0000000000009b50        0x0 /usr/lib/gcc/x86_64-linux-gnu/11/../../../x86_64-linux-gnu/crti.o

.gnu.version_r  0x0000000000009b50       0x40
 *(.gnu.version_r)
 .gnu.version_r
                0x0000000000009b50       0x40 /usr/lib/gcc/x86_64-linux-gnu/11/../../../x86_64-linux-gnu/crti.o

.rela.dyn       0x0000000000009b90     0x2040
 *(.rela.init)
 *(.rela.text .rela.text.* .rela.gnu.linkonce.t.*)
 .rela.text     0x0000000000009b90        0x0 /usr/lib/gcc/x86_64-linux-gnu/11/../../../x86_64-linux-gnu/crti.o
 *(.rela.fini)
 *(.rela.rodata .rela.rodata.* .rela.gnu.linkonce.r.*)
 *(.rela.data .rela.data.* .rela.gnu.linkonce.d.*)
 .rela.data.rel.local
                0x0000000000009b90      0x828 /usr/lib/gcc/x86_64-linux-gnu/11/../../../x86_64-linux-gnu/crti.o
 .rela.data.rel.ro
                0x000000000000a3b8      0x288 /usr/lib/gcc/x86_64-linux-gnu/11/../../../x86_64-linux-gnu/crti.o
 .rela.data.rel
                0x000000000000a640      0x3a8 /usr/lib/gcc/x86_64-linux-gnu/11/../../../x86_64-linux-gnu/crti.o
 .rela.data.rel.ro.local
                0x000000000000a9e8      0x5e8 /usr/lib/gcc/x86_64-linux-gnu/11/../../../x86_64-linux-gnu/crti.o
 *(.rela.tdata .rela.tdata.* .rela.gnu.linkonce.td.*)
 *(.rela.tbss .rela.tbss.* .rela.gnu.linkonce.tb.*)
 *(.rela.ctors)
 *(.rela.dtors)
 *(.rela.got)
 .rela.got      0x000000000000afd0      0xbd0 /usr/lib/gcc/x86_64-linux-gnu/11/../../../x86_64-linux-gnu/crti.o
 *(.rela.bss .rela.bss.* .rela.gnu.linkonce.b.*)
 *(.rela.ldata .rela.ldata.* .rela.gnu.linkonce.l.*)
 *(.rela.lbss .rela.lbss.* .rela.gnu.linkonce.lb.*)
 *(.rela.lrodata .rela.lrodata.* .rela.gnu.linkonce.lr.*)
 *(.rela.ifunc)
 .rela.ifunc    0x000000000000bba0        0x0 /usr/lib/gcc/x86_64-linux-gnu/11/../../../x86_64-linux-gnu/crti.o
 .rela.fini_array
                0x000000000000bba0       0x18 /usr/lib/gcc/x86_64-linux-gnu/11/../../../x86_64-linux-gnu/crti.o
 .rela.init_array
                0x000000000000bbb8       0x18 /usr/lib/gcc/x86_64-linux-gnu/11/../../../x86_64-linux-gnu/crti.o

.rela.plt       0x000000000000bbd0     0x2520
 *(.rela.plt)
 .rela.plt      0x000000000000bbd0     0x2520 /usr/lib/gcc/x86_64-linux-gnu/11/../../../x86_64-linux-gnu/crti.o
 *(.rela.iplt)

.relr.dyn
 *(.relr.dyn)
                0x000000000000f000                . = ALIGN (CONSTANT (MAXPAGESIZE))

.init           0x000000000000f000       0x1b
 *(SORT_NONE(.init))
 .init          0x000000000000f000       0x16 /usr/lib/gcc/x86_64-linux-gnu/11/../../../x86_64-linux-gnu/crti.o
                0x000000000000f000                _init
 .init          0x000000000000f016        0x5 /usr/lib/gcc/x86_64-linux-gnu/11/../../../x86_64-linux-gnu/crtn.o

.plt            0x000000000000f020     0x18d0
 *(.plt)
 .plt           0x000000000000f020     0x18d0 /usr/lib/gcc/x86_64-linux-gnu/11/../../../x86_64-linux-gnu/crti.o
 *(.iplt)

.plt.got        0x00000000000108f0       0x30
 *(.plt.got)
 .plt.got       0x00000000000108f0       0x30 /usr/lib/gcc/x86_64-linux-gnu/11/../../../x86_64-linux-gnu/crti.o

.plt.sec        0x0000000000010920     0x18c0
 *(.plt.sec)
 .plt.sec       0x0000000000010920     0x18c0 /usr/lib/gcc/x86_64-linux-gnu/11/../../../x86_64-linux-gnu/crti.o

.text           0x00000000000121e0    0x1f18d
 *(.text.unlikely .text.*_unlikely .text.unlikely.*)
 *(.text.exit .text.exit.*)
 *(.text.startup .text.startup.*)
 *(.text.hot .text.hot.*)
 *(SORT_BY_NAME(.text.sorted.*))
 *(.text .stub .text.* .gnu.linkonce.t.*)
 .text          0x00000000000121e0        0x0 /usr/lib/gcc/x86_64-linux-gnu/11/../../../x86_64-linux-gnu/crti.o
 .text          0x00000000000121e0       0xb9 /usr/lib/gcc/x86_64-linux-gnu/11/crtbeginS.o
 .text          0x0000000000012299       0x8f coap_server.o
 .text          0x0000000000012328      0x374 build/cooja/mtype673709555.o
                0x00000000000123de                platform_init_stage_one
                0x00000000000123f3                platform_init_stage_two
                0x0000000000012408                platform_init_stage_three
                0x000000000001241d                platform_main_loop
                0x00000000000124b7                JNI_OnLoad
                0x00000000000124ce                Java_org_contikios_cooja_corecomm_Lib11_init
                0x0000000000012521                Java_org_contikios_cooja_corecomm_Lib11_getMemory
                0x0000000000012580                Java_org_contikios_cooja_corecomm_Lib11_setMemory
                0x00000000000125df                Java_org_contikios_cooja_corecomm_Lib11_tick
                0x000000000001266d                Java_org_contikios_cooja_corecomm_Lib11_setReferenceAddress
 .text          0x000000000001269c       0x93 build/cooja/contiki-ng-cooja.a(simEnvChange.o)
                0x000000000001269c                doActionsBeforeTick
                0x00000000000126e5                doActionsAfterTick
 .text          0x000000000001272f       0xab build/cooja/contiki-ng-cooja.a(cooja_mt.o)
                0x000000000001272f                cooja_mt_start
                0x000000000001276f                cooja_mt_exec
                0x00000000000127b2                cooja_mt_yield
 .text          0x00000000000127da      0x10e build/cooja/contiki-ng-cooja.a(cooja_mtarch.o)
                0x00000000000127da                cooja_mtarch_start
                0x000000000001287d                cooja_sw
                0x00000000000128aa                cooja_mtarch_exec
                0x00000000000128d8                cooja_mtarch_yield
 .text          0x00000000000128e8       0xcc build/cooja/contiki-ng-cooja.a(rtimer-arch.o)
                0x00000000000128e8                rtimer_arch_init
                0x000000000001290e                rtimer_arch_schedule
                0x0000000000012938                rtimer_arch_next
                0x000000000001294c                rtimer_arch_pending
                0x000000000001295f                rtimer_arch_check
                0x00000000000129a0                rtimer_arch_now
 .text          0x00000000000129b4       0xe6 build/cooja/contiki-ng-cooja.a(beep.o)
                0x00000000000129b4                beep_alarm
                0x00000000000129cf                beep_beep
                0x00000000000129e7                beep
                0x00000000000129fc                beep_down
                0x0000000000012a14                beep_on
                0x0000000000012a29                beep_off
                0x0000000000012a3e                beep_spinup
                0x0000000000012a53                beep_quick
                0x0000000000012a6b                beep_long
 .text          0x0000000000012a9a       0x80 build/cooja/contiki-ng-cooja.a(leds-arch.o)
                0x0000000000012ab3                leds_arch_init
 .text          0x0000000000012b1a       0x41 build/cooja/contiki-ng-cooja.a(moteid.o)
 .text          0x0000000000012b5b       0xfa build/cooja/contiki-ng-cooja.a(pir-sensor.o)
 .text          0x0000000000012c55      0x18b build/cooja/contiki-ng-cooja.a(rs232.o)
                0x0000000000012c55                rs232_init
                0x0000000000012c60                rs232_set_speed
                0x0000000000012c70                rs232_set_input
                0x0000000000012c8a                rs232_send
                0x0000000000012ca9                rs232_print
                0x0000000000012cd7                slip_arch_writeb
 .text          0x0000000000012de0       0xfa build/cooja/contiki-ng-cooja.a(vib-sensor.o)
 .text          0x0000000000012eda       0x6f build/cooja/contiki-ng-cooja.a(clock.o)
                0x0000000000012eda                clock_init
                0x0000000000012ee5                clock_time
                0x0000000000012ef9                clock_seconds
                0x0000000000012f25                clock_delay
 .text          0x0000000000012f49      0x214 build/cooja/contiki-ng-cooja.a(cooja-log.o)
                0x0000000000012f49                simlog_char
                0x0000000000012fa3                simlog
                0x0000000000013028                log_message
                0x000000000001306d                log_set_putchar_with_slip
                0x0000000000013084                dbg_putchar
                0x0000000000013105                dbg_send_bytes
 .text          0x000000000001315d      0x39b build/cooja/contiki-ng-cooja.a(cfs-cooja.o)
                0x000000000001315d                cfs_open
                0x00000000000131da                cfs_close
                0x00000000000131ef                cfs_read
                0x00000000000132b6                cfs_write
                0x00000000000133c6                cfs_seek
                0x0000000000013475                cfs_remove
                0x00000000000134a5                cfs_opendir
                0x00000000000134bc                cfs_readdir
                0x00000000000134d3                cfs_closedir
 .text          0x00000000000134f8      0x79f build/cooja/contiki-ng-cooja.a(cooja-radio.o)
                0x0000000000013557                radio_set_channel
                0x0000000000013571                radio_set_txpower
                0x000000000001358e                radio_signal_strength_last
                0x00000000000135a1                radio_signal_strength_current
                0x00000000000135b4                radio_LQI
 .text          0x0000000000013c97      0x163 build/cooja/contiki-ng-cooja.a(eeprom.o)
                0x0000000000013c97                eeprom_init
                0x0000000000013ca6                eeprom_read
                0x0000000000013d45                eeprom_write
 .text          0x0000000000013dfa       0x2f build/cooja/contiki-ng-cooja.a(random.o)
                0x0000000000013dfa                random_init
                0x0000000000013e1a                random_rand
 .text          0x0000000000013e29      0x35f build/cooja/contiki-ng-cooja.a(sensors.o)
                0x0000000000013e72                sensors_first
                0x0000000000013e86                sensors_next
                0x0000000000013eb5                sensors_changed
                0x0000000000013f02                sensors_find
 .text          0x0000000000014188      0x3ad build/cooja/contiki-ng-cooja.a(leds.o)
                0x0000000000014188                leds_init
                0x00000000000141d3                leds_single_on
                0x0000000000014240                leds_single_off
                0x00000000000142ad                leds_single_toggle
                0x00000000000142e5                leds_on
                0x0000000000014376                leds_off
                0x0000000000014407                leds_toggle
                0x0000000000014463                leds_set
                0x000000000001448c                leds_get
 .text          0x0000000000014535      0x41b build/cooja/contiki-ng-cooja.a(gpio-hal-arch.o)
                0x0000000000014535                gpio_hal_arch_register_pin_callback
                0x00000000000145dc                gpio_hal_arch_init
                0x0000000000014632                gpio_hal_arch_no_port_interrupt_enable
                0x000000000001467f                gpio_hal_arch_no_port_interrupt_disable
                0x00000000000146cc                gpio_hal_arch_no_port_pin_cfg_set
                0x0000000000014702                gpio_hal_arch_no_port_pin_cfg_get
                0x0000000000014736                gpio_hal_arch_no_port_pin_set_input
                0x0000000000014749                gpio_hal_arch_no_port_pin_set_output
                0x000000000001475c                gpio_hal_arch_no_port_set_pin
                0x0000000000014780                gpio_hal_arch_no_port_clear_pin
                0x00000000000147a4                gpio_hal_arch_no_port_read_pin
                0x00000000000147d1                gpio_hal_arch_no_port_write_pin
                0x00000000000147fb                gpio_hal_arch_no_port_set_pins
                0x000000000001484a                gpio_hal_arch_no_port_clear_pins
                0x0000000000014899                gpio_hal_arch_no_port_read_pins
                0x00000000000148e7                gpio_hal_arch_no_port_write_pins
 .text          0x0000000000014950       0xa8 build/cooja/contiki-ng-cooja.a(buttons.o)
 .text          0x00000000000149f8      0x122 build/cooja/contiki-ng-cooja.a(res-hello.o)
 .text          0x0000000000014b1a      0xdaa build/cooja/contiki-ng-cooja.a(coap-engine.o)
                0x0000000000014be9                coap_add_handler
                0x0000000000014c12                coap_remove_handler
                0x0000000000014c3b                coap_call_handlers
                0x0000000000014d7c                coap_receive
                0x0000000000015432                coap_engine_init
                0x0000000000015492                coap_activate_resource
                0x0000000000015563                coap_get_first_resource
                0x000000000001557c                coap_get_next_resource
 .text          0x00000000000158c4      0xa9c build/cooja/contiki-ng-cooja.a(coap-observe.o)
                0x0000000000015a15                coap_remove_observer
                0x0000000000015a54                coap_remove_observer_by_client
                0x0000000000015aca                coap_remove_observer_by_token
                0x0000000000015b78                coap_remove_observer_by_uri
                0x0000000000015c35                coap_remove_observer_by_mid
                0x0000000000015cbf                coap_notify_observers
                0x0000000000015ce3                coap_notify_observers_sub
                0x0000000000016195                coap_observe_handler
                0x00000000000162e9                coap_has_observers
 .text          0x0000000000016360      0x376 build/cooja/contiki-ng-cooja.a(coap-res-well-known-core.o)
 .text          0x00000000000166d6      0x322 build/cooja/contiki-ng-cooja.a(coap-timer.o)
                0x00000000000167e8                coap_timer_stop
                0x000000000001681e                coap_timer_set
                0x0000000000016855                coap_timer_reset
                0x000000000001688f                coap_timer_time_to_next_expiration
                0x00000000000168e8                coap_timer_run
                0x00000000000169af                coap_timer_init
 .text          0x00000000000169f8      0x33a build/cooja/contiki-ng-cooja.a(coap-transactions.o)
                0x0000000000016a8a                coap_new_transaction
                0x0000000000016b01                coap_send_transaction
                0x0000000000016c80                coap_clear_transaction
                0x0000000000016cd6                coap_get_transaction_by_mid
 .text          0x0000000000016d32      0x8b4 build/cooja/contiki-ng-cooja.a(coap-uip.o)
                0x0000000000016d32                coap_endpoint_log
                0x0000000000016dce                coap_endpoint_print
                0x0000000000016e6a                coap_endpoint_snprint
                0x0000000000016ff0                coap_endpoint_copy
                0x0000000000017038                coap_endpoint_cmp
                0x000000000001718d                coap_endpoint_parse
                0x00000000000173bc                coap_endpoint_is_secure
                0x00000000000173d5                coap_endpoint_is_connected
                0x000000000001741b                coap_endpoint_connect
                0x0000000000017441                coap_endpoint_disconnect
                0x0000000000017450                coap_databuf
                0x0000000000017464                coap_transport_init
                0x00000000000174c4                coap_sendto
 .text          0x00000000000175e6     0x24a7 build/cooja/contiki-ng-cooja.a(coap.o)
                0x0000000000017cbe                coap_init_connection
                0x0000000000017cd5                coap_get_mid
                0x0000000000017cf7                coap_init_message
                0x0000000000017d4d                coap_serialize_message
                0x00000000000184d6                coap_parse_message
                0x0000000000018d0a                coap_get_query_variable
                0x0000000000018d66                coap_get_post_variable
                0x0000000000018dc0                coap_set_status_code
                0x0000000000018df2                coap_set_token
                0x0000000000018e52                coap_get_header_content_format
                0x0000000000018e9a                coap_set_header_content_format
                0x0000000000018ed2                coap_get_header_accept
                0x0000000000018f1d                coap_set_header_accept
                0x0000000000018f58                coap_get_header_max_age
                0x0000000000018fa1                coap_set_header_max_age
                0x0000000000018fd6                coap_get_header_etag
                0x0000000000019022                coap_set_header_etag
                0x0000000000019093                coap_get_header_if_match
                0x00000000000190e5                coap_set_header_if_match
                0x0000000000019162                coap_get_header_if_none_match
                0x000000000001918d                coap_set_header_if_none_match
                0x00000000000191b5                coap_get_header_proxy_uri
                0x00000000000191fe                coap_set_header_proxy_uri
                0x000000000001924d                coap_get_header_uri_host
                0x0000000000019296                coap_set_header_uri_host
                0x00000000000192e5                coap_get_header_uri_path
                0x0000000000019334                coap_set_header_uri_path
                0x000000000001939e                coap_get_header_uri_query
                0x00000000000193ed                coap_set_header_uri_query
                0x0000000000019457                coap_get_header_location_path
                0x00000000000194a0                coap_set_header_location_path
                0x0000000000019556                coap_get_header_location_query
                0x00000000000195a5                coap_set_header_location_query
                0x000000000001960f                coap_get_header_observe
                0x0000000000019658                coap_set_header_observe
                0x0000000000019690                coap_get_header_block2
                0x0000000000019732                coap_set_header_block2
                0x00000000000197c2                coap_get_header_block1
                0x0000000000019864                coap_set_header_block1
                0x00000000000198ef                coap_get_header_size2
                0x0000000000019936                coap_set_header_size2
                0x000000000001996e                coap_get_header_size1
                0x00000000000199b5                coap_set_header_size1
                0x00000000000199ed                coap_get_payload
                0x0000000000019a3d                coap_set_payload
 .text          0x0000000000019a8d      0x405 build/cooja/contiki-ng-cooja.a(contiki-main.o)
                0x0000000000019a8d                main
 .text          0x0000000000019e92       0xbd build/cooja/contiki-ng-cooja.a(autostart.o)
                0x0000000000019e92                autostart_start
                0x0000000000019ef3                autostart_exit
 .text          0x0000000000019f4f      0x441 build/cooja/contiki-ng-cooja.a(ctimer.o)
                0x000000000001a0b1                ctimer_init
                0x000000000001a0e6                ctimer_set
                0x000000000001a12a                ctimer_set_with_process
                0x000000000001a1e4                ctimer_reset
                0x000000000001a255                ctimer_restart
                0x000000000001a2c6                ctimer_stop
                0x000000000001a324                ctimer_expired
 .text          0x000000000001a390       0x25 build/cooja/contiki-ng-cooja.a(energest.o)
                0x000000000001a390                energest_init
                0x000000000001a39b                energest_flush
                0x000000000001a3a6                energest_get_total_time
 .text          0x000000000001a3b5      0x57c build/cooja/contiki-ng-cooja.a(etimer.o)
                0x000000000001a65d                etimer_request_poll
                0x000000000001a70f                etimer_set
                0x000000000001a745                etimer_reset_with_new_interval
                0x000000000001a780                etimer_reset
                0x000000000001a7ab                etimer_restart
                0x000000000001a7d6                etimer_adjust
                0x000000000001a807                etimer_expired
                0x000000000001a826                etimer_expiration_time
                0x000000000001a846                etimer_start_time
                0x000000000001a85b                etimer_pending
                0x000000000001a875                etimer_next_expiration_time
                0x000000000001a896                etimer_stop
 .text          0x000000000001a931      0x539 build/cooja/contiki-ng-cooja.a(log.o)
                0x000000000001a931                log_6addr
                0x000000000001a997                log_6addr_compact_snprint
                0x000000000001aa72                log_6addr_compact
                0x000000000001aad8                log_lladdr
                0x000000000001ab58                log_lladdr_compact
                0x000000000001abda                log_bytes
                0x000000000001ac3a                log_set_level
                0x000000000001ad48                log_get_level
                0x000000000001adff                log_level_to_str
 .text          0x000000000001ae6a       0x36 build/cooja/contiki-ng-cooja.a(node-id.o)
                0x000000000001ae6a                node_id_init
 .text          0x000000000001aea0      0x673 build/cooja/contiki-ng-cooja.a(process.o)
                0x000000000001aea0                process_alloc_event
                0x000000000001aeba                process_start
                0x000000000001b12a                process_exit
                0x000000000001b156                process_init
                0x000000000001b34d                process_run
                0x000000000001b382                process_nevents
                0x000000000001b3a2                process_post
                0x000000000001b46a                process_post_synch
                0x000000000001b4b8                process_poll
                0x000000000001b4f5                process_is_running
 .text          0x000000000001b513      0x101 build/cooja/contiki-ng-cooja.a(rtimer.o)
                0x000000000001b513                rtimer_init
                0x000000000001b523                rtimer_set
                0x000000000001b5a4                rtimer_run_next
 .text          0x000000000001b614       0xfd build/cooja/contiki-ng-cooja.a(timer.o)
                0x000000000001b614                timer_set
                0x000000000001b643                timer_reset
                0x000000000001b67f                timer_restart
                0x000000000001b69e                timer_expired
                0x000000000001b6d9                timer_remaining
 .text          0x000000000001b711      0x39b build/cooja/contiki-ng-cooja.a(list.o)
                0x000000000001b711                list_init
                0x000000000001b72b                list_head
                0x000000000001b740                list_copy
                0x000000000001b761                list_tail
                0x000000000001b7aa                list_add
                0x000000000001b80e                list_push
                0x000000000001b851                list_chop
                0x000000000001b8de                list_pop
                0x000000000001b918                list_remove
                0x000000000001b9a4                list_length
                0x000000000001b9df                list_insert
                0x000000000001ba42                list_item_next
                0x000000000001ba65                list_contains
 .text          0x000000000001baac      0x21a build/cooja/contiki-ng-cooja.a(memb.o)
                0x000000000001baac                memb_init
                0x000000000001bb0f                memb_alloc
                0x000000000001bb89                memb_free
                0x000000000001bc1c                memb_inmemb
                0x000000000001bc73                memb_numfree
 .text          0x000000000001bcc6      0x574 build/cooja/contiki-ng-cooja.a(button-hal.o)
                0x000000000001be91                button_hal_get_by_id
                0x000000000001bedf                button_hal_get_by_index
                0x000000000001bf16                button_hal_get_state
                0x000000000001bf79                button_hal_init
 .text          0x000000000001c23a      0x181 build/cooja/contiki-ng-cooja.a(gpio-hal.o)
                0x000000000001c23a                gpio_hal_register_handler
                0x000000000001c263                gpio_hal_event_handler
                0x000000000001c2ce                gpio_hal_init
                0x000000000001c2ed                gpio_hal_arch_port_toggle_pin
                0x000000000001c324                gpio_hal_arch_port_toggle_pins
                0x000000000001c355                gpio_hal_arch_no_port_toggle_pin
                0x000000000001c38f                gpio_hal_arch_no_port_toggle_pins
 .text          0x000000000001c3bb      0x238 build/cooja/contiki-ng-cooja.a(serial-line.o)
                0x000000000001c3bb                serial_line_input_byte
                0x000000000001c5b6                serial_line_init
 .text          0x000000000001c5f3       0x80 build/cooja/contiki-ng-cooja.a(linkaddr.o)
                0x000000000001c5f3                linkaddr_copy
                0x000000000001c614                linkaddr_cmp
                0x000000000001c64a                linkaddr_set_node_addr
 .text          0x000000000001c673      0x12b build/cooja/contiki-ng-cooja.a(netstack.o)
                0x000000000001c673                netstack_process_ip_callback
                0x000000000001c714                netstack_ip_packet_processor_add
                0x000000000001c744                uip_ds6_ip_packet_processor_rm
                0x000000000001c76d                netstack_init
 .text          0x000000000001c79e      0x4a8 build/cooja/contiki-ng-cooja.a(packetbuf.o)
                0x000000000001c79e                packetbuf_clear
                0x000000000001c7cc                packetbuf_copyfrom
                0x000000000001c825                packetbuf_copyto
                0x000000000001c8cb                packetbuf_hdralloc
                0x000000000001c95a                packetbuf_hdrreduce
                0x000000000001c9aa                packetbuf_set_datalen
                0x000000000001c9c6                packetbuf_dataptr
                0x000000000001c9eb                packetbuf_hdrptr
                0x000000000001c9fc                packetbuf_datalen
                0x000000000001ca0d                packetbuf_hdrlen
                0x000000000001ca29                packetbuf_totlen
                0x000000000001ca4b                packetbuf_remaininglen
                0x000000000001ca63                packetbuf_attr_clear
                0x000000000001cac8                packetbuf_attr_copyto
                0x000000000001cb13                packetbuf_attr_copyfrom
                0x000000000001cb5e                packetbuf_set_attr
                0x000000000001cb8e                packetbuf_attr
                0x000000000001cbaf                packetbuf_set_addr
                0x000000000001cbf5                packetbuf_addr
                0x000000000001cc1f                packetbuf_holds_broadcast
 .text          0x000000000001cc46      0x382 build/cooja/contiki-ng-cooja.a(queuebuf.o)
                0x000000000001cc5b                queuebuf_init
                0x000000000001cc84                queuebuf_numfree
                0x000000000001cc9d                queuebuf_new_from_packetbuf
                0x000000000001cd50                queuebuf_update_attr_from_packetbuf
                0x000000000001cd93                queuebuf_update_from_packetbuf
                0x000000000001cdef                queuebuf_free
                0x000000000001ce4b                queuebuf_to_packetbuf
                0x000000000001cec4                queuebuf_dataptr
                0x000000000001cf0b                queuebuf_datalen
                0x000000000001cf3b                queuebuf_addr
                0x000000000001cf82                queuebuf_attr
                0x000000000001cfbd                queuebuf_debug_print
 .text          0x000000000001cfc8      0x116 build/cooja/contiki-ng-cooja.a(printf.o)
                0x000000000001cffd                log_printf
 .text          0x000000000001d0de       0x1e build/cooja/contiki-ng-cooja.a(putchar.o)
                0x000000000001d0de                log_putchar
 .text          0x000000000001d0fc       0x3d build/cooja/contiki-ng-cooja.a(puts.o)
                0x000000000001d0fc                log_puts
 .text          0x000000000001d139      0x1f8 build/cooja/contiki-ng-cooja.a(snprintf.o)
                0x000000000001d1c4                log_snprintf
                0x000000000001d2a9                log_vsnprintf
 .text          0x000000000001d331     0x170b build/cooja/contiki-ng-cooja.a(strformat.o)
                0x000000000001d6a4                format_str
                0x000000000001d785                format_str_v
 .text          0x000000000001ea3c      0x292 build/cooja/contiki-ng-cooja.a(csma.o)
 .text          0x000000000001ecce     0x3747 build/cooja/contiki-ng-cooja.a(sicslowpan.o)
                0x000000000001f4a4                netstack_sniffer_add
                0x000000000001f4be                netstack_sniffer_remove
                0x00000000000223de                sicslowpan_init
                0x0000000000022405                sicslowpan_get_last_rssi
 .text          0x0000000000022415      0x884 build/cooja/contiki-ng-cooja.a(tcpip.o)
                0x0000000000022445                tcpip_output
                0x00000000000224dd                udp_attach
                0x000000000002250b                udp_new
                0x0000000000022566                udp_broadcast_new
                0x000000000002271a                tcpip_input
                0x00000000000228f2                tcpip_ipv6_output
                0x0000000000022b4b                tcpip_poll_udp
                0x0000000000022b79                tcpip_uipcall
 .text          0x0000000000022c99      0x416 build/cooja/contiki-ng-cooja.a(uip-ds6-nbr.o)
                0x0000000000022c99                uip_ds6_neighbors_init
                0x0000000000022cc2                uip_ds6_nbr_add
                0x0000000000022d60                uip_ds6_nbr_rm
                0x0000000000022dbd                uip_ds6_nbr_update_ll
                0x0000000000022ec2                uip_ds6_nbr_get_ipaddr
                0x0000000000022ee2                uip_ds6_nbr_get_ll
                0x0000000000022f0a                uip_ds6_nbr_num
                0x0000000000022f5c                uip_ds6_nbr_head
                0x0000000000022f75                uip_ds6_nbr_next
                0x0000000000022f9d                uip_ds6_nbr_lookup
                0x0000000000023006                uip_ds6_nbr_ll_lookup
                0x000000000002302e                uip_ds6_nbr_ipaddr_from_lladdr
                0x0000000000023062                uip_ds6_nbr_lladdr_from_ipaddr
                0x000000000002309e                uip_ds6_link_callback
 .text          0x00000000000230af      0x3f9 build/cooja/contiki-ng-cooja.a(uip-ds6-route.o)
                0x0000000000023106                uip_ds6_route_init
                0x000000000002312f                uip_ds6_route_count_nexthop_neighbors
                0x000000000002313e                uip_ds6_route_nexthop
                0x0000000000023151                uip_ds6_route_head
                0x0000000000023160                uip_ds6_route_next
                0x0000000000023173                uip_ds6_route_is_nexthop
                0x0000000000023186                uip_ds6_route_num_routes
                0x0000000000023195                uip_ds6_route_lookup
                0x00000000000231a8                uip_ds6_route_add
                0x00000000000231c4                uip_ds6_route_rm
                0x00000000000231d3                uip_ds6_route_rm_by_nexthop
                0x00000000000231e2                uip_ds6_defrt_head
                0x00000000000231fb                uip_ds6_defrt_add
                0x00000000000232bb                uip_ds6_defrt_rm
                0x0000000000023331                uip_ds6_defrt_lookup
                0x00000000000233a8                uip_ds6_defrt_choose
                0x000000000002342b                uip_ds6_defrt_periodic
 .text          0x00000000000234a8      0xebc build/cooja/contiki-ng-cooja.a(uip-ds6.o)
                0x00000000000234a8                uip_ds6_default_prefix
                0x00000000000234b9                uip_ds6_set_default_prefix
                0x00000000000234e1                uip_ds6_init
                0x0000000000023780                uip_ds6_periodic
                0x0000000000023822                uip_ds6_list_loop
                0x000000000002390b                uip_ds6_prefix_add
                0x00000000000239dc                uip_ds6_prefix_rm
                0x00000000000239fa                uip_ds6_prefix_lookup
                0x0000000000023a51                uip_ds6_is_addr_onlink
                0x0000000000023ae5                uip_ds6_addr_add
                0x0000000000023c30                uip_ds6_addr_rm
                0x0000000000023ceb                uip_ds6_addr_lookup
                0x0000000000023d40                uip_ds6_get_link_local
                0x0000000000023de5                uip_ds6_get_global
                0x0000000000023e8a                uip_ds6_maddr_add
                0x0000000000023f06                uip_ds6_maddr_rm
                0x0000000000023f24                uip_ds6_maddr_lookup
                0x0000000000023f7c                uip_ds6_aaddr_add
                0x0000000000023ff8                uip_ds6_aaddr_rm
                0x0000000000024016                uip_ds6_aaddr_lookup
                0x000000000002406e                uip_ds6_select_src
                0x00000000000241f8                uip_ds6_set_addr_iid
                0x0000000000024231                uip_ds6_set_lladdr_from_iid
                0x0000000000024268                get_match_length
                0x0000000000024316                uip_ds6_compute_reachable_time
 .text          0x0000000000024364      0x1b9 build/cooja/contiki-ng-cooja.a(uip-packetqueue.o)
                0x00000000000243a3                uip_packetqueue_new
                0x00000000000243bd                uip_packetqueue_alloc
                0x0000000000024437                uip_packetqueue_free
                0x000000000002448f                uip_packetqueue_buf
                0x00000000000244bb                uip_packetqueue_buflen
                0x00000000000244ea                uip_packetqueue_set_buflen
 .text          0x000000000002451d      0x147 build/cooja/contiki-ng-cooja.a(uip-udp-packet.o)
                0x000000000002451d                uip_udp_packet_send
                0x000000000002459f                uip_udp_packet_sendto
 .text          0x0000000000024664     0x1701 build/cooja/contiki-ng-cooja.a(uip6.o)
                0x0000000000024728                uip_chksum
                0x000000000002480e                uip_icmp6chksum
                0x0000000000024822                uip_udpchksum
                0x0000000000024836                uip_init
                0x000000000002489d                uip_remove_ext_hdr
                0x000000000002499e                uip_udp_new
                0x0000000000024d4c                uip_process
                0x0000000000025beb                uip_htons
                0x0000000000025c0e                uip_htonl
                0x0000000000025c56                uip_send
 .text          0x0000000000025d65      0x5b1 build/cooja/contiki-ng-cooja.a(uipbuf.o)
                0x0000000000025d65                uipbuf_clear
                0x0000000000025d97                uipbuf_add_ext_hdr
                0x0000000000025e2f                uipbuf_set_len
                0x0000000000025e61                uipbuf_set_len_field
                0x0000000000025e94                uipbuf_get_len_field
                0x0000000000025ebf                uipbuf_get_next_header
                0x0000000000026031                uipbuf_get_last_header
                0x00000000000260c4                uipbuf_search_header
                0x000000000002618b                uipbuf_get_attr
                0x00000000000261bc                uipbuf_set_attr
                0x00000000000261fc                uipbuf_set_default_attr
                0x000000000002623c                uipbuf_clear_attr
                0x0000000000026263                uipbuf_set_attr_flag
                0x0000000000026286                uipbuf_clr_attr_flag
                0x00000000000262af                uipbuf_is_attr_flag
                0x00000000000262d4                uipbuf_init
 .text          0x0000000000026316      0x57d build/cooja/contiki-ng-cooja.a(uiplib.o)
                0x0000000000026316                uiplib_ip6addrconv
                0x00000000000264f2                uiplib_ip4addrconv
                0x00000000000265c4                uiplib_ipaddr_print
                0x000000000002662a                uiplib_ipaddr_snprint
 .text          0x0000000000026893      0x66e build/cooja/contiki-ng-cooja.a(rpl.o)
                0x0000000000026893                rpl_lollipop_greater_than
                0x00000000000268f7                rpl_get_global_address
                0x0000000000026a97                rpl_link_callback
                0x0000000000026b01                rpl_has_joined
                0x0000000000026b34                rpl_is_reachable
                0x0000000000026bda                rpl_reset_prefix
                0x0000000000026c51                rpl_set_prefix_from_addr
                0x0000000000026d6c                rpl_set_prefix
                0x0000000000026ed6                rpl_set_leaf_only
                0x0000000000026ef0                rpl_get_leaf_only
 .text          0x0000000000026f01       0x49 build/cooja/contiki-ng-cooja.a(watchdog.o)
                0x0000000000026f01                watchdog_init
                0x0000000000026f0c                watchdog_start
                0x0000000000026f17                watchdog_periodic
                0x0000000000026f34                watchdog_stop
                0x0000000000026f3f                watchdog_reboot
 .text          0x0000000000026f4a       0x61 build/cooja/contiki-ng-cooja.a(int-master.o)
                0x0000000000026f4a                int_master_enable
                0x0000000000026f5f                int_master_read_and_disable
                0x0000000000026f7f                int_master_status_set
                0x0000000000026f96                int_master_is_enabled
 .text          0x0000000000026fab      0x1e5 build/cooja/contiki-ng-cooja.a(coap-timer-default.o)
 .text          0x0000000000027190      0x125 build/cooja/contiki-ng-cooja.a(stimer.o)
                0x0000000000027190                stimer_set
                0x00000000000271bf                stimer_reset
                0x00000000000271fb                stimer_restart
                0x000000000002721a                stimer_expired
                0x000000000002725c                stimer_remaining
                0x0000000000027294                stimer_elapsed
 .text          0x00000000000272b5      0x19d build/cooja/contiki-ng-cooja.a(ringbuf.o)
                0x00000000000272b5                ringbuf_init
                0x00000000000272f6                ringbuf_put
                0x0000000000027385                ringbuf_get
                0x0000000000027403                ringbuf_size
                0x000000000002741f                ringbuf_elements
 .text          0x0000000000027452      0x481 build/cooja/contiki-ng-cooja.a(link-stats.o)
                0x0000000000027452                link_stats_from_lladdr
                0x000000000002747a                link_stats_get_lladdr
                0x00000000000274a2                link_stats_is_fresh
                0x00000000000274ea                guess_etx_from_rssi
                0x000000000002756f                link_stats_packet_sent
                0x00000000000276d3                link_stats_input_callback
                0x0000000000027835                link_stats_reset
                0x0000000000027891                link_stats_init
 .text          0x00000000000278d3      0xcb3 build/cooja/contiki-ng-cooja.a(nbr-table.o)
                0x0000000000027d31                nbr_table_count_entries
                0x0000000000027dd3                nbr_table_gc_get_worst
                0x0000000000027e16                nbr_table_can_accept_new
                0x0000000000027fcb                nbr_table_entry_is_allowed
                0x0000000000028078                nbr_table_register
                0x000000000002810a                nbr_table_is_registered
                0x0000000000028161                nbr_table_head
                0x00000000000281cf                nbr_table_next
                0x000000000002824c                nbr_table_add_lladdr
                0x00000000000283ac                nbr_table_get_from_lladdr
                0x000000000002840b                nbr_table_remove
                0x0000000000028465                nbr_table_lock
                0x000000000002849a                nbr_table_unlock
                0x00000000000284cf                nbr_table_get_lladdr
                0x0000000000028512                nbr_table_clear
                0x000000000002854f                nbr_table_key_head
                0x0000000000028568                nbr_table_key_next
 .text          0x0000000000028586      0x1e0 build/cooja/contiki-ng-cooja.a(mac-sequence.o)
                0x0000000000028586                mac_sequence_is_duplicate
                0x0000000000028667                mac_sequence_register_seqno
 .text          0x0000000000028766      0x451 build/cooja/contiki-ng-cooja.a(framer-802154.o)
                0x0000000000028901                framer_802154_setup_params
 .text          0x0000000000028bb7      0xae3 build/cooja/contiki-ng-cooja.a(csma-output.o)
                0x0000000000029399                csma_output_packet
                0x0000000000029662                csma_output_init
 .text          0x000000000002969a       0x3d build/cooja/contiki-ng-cooja.a(csma-security.o)
                0x000000000002969a                csma_security_create_frame
                0x00000000000296c0                csma_security_parse_frame
 .text          0x00000000000296d7      0x8b7 build/cooja/contiki-ng-cooja.a(uip-icmp6.o)
                0x0000000000029754                uip_icmp6_input
                0x00000000000297b2                uip_icmp6_register_input_handler
                0x0000000000029944                uip_icmp6_error_output
                0x0000000000029ca9                uip_icmp6_send
                0x0000000000029ef5                uip_icmp6_echo_reply_callback_add
                0x0000000000029f3c                uip_icmp6_echo_reply_callback_rm
                0x0000000000029f65                uip_icmp6_init
 .text          0x0000000000029f8e      0x87f build/cooja/contiki-ng-cooja.a(uip-nd6.o)
                0x000000000002a7f3                uip_nd6_init
 .text          0x000000000002a80d      0x7e7 build/cooja/contiki-ng-cooja.a(uip-sr.o)
                0x000000000002a80d                uip_sr_num_nodes
                0x000000000002a8b8                uip_sr_get_node
                0x000000000002a920                uip_sr_is_addr_reachable
                0x000000000002a9e8                uip_sr_expire_parent
                0x000000000002aa57                uip_sr_update_node
                0x000000000002abcb                uip_sr_init
                0x000000000002abfe                uip_sr_node_head
                0x000000000002ac17                uip_sr_node_next
                0x000000000002ac35                uip_sr_periodic
                0x000000000002ad71                uip_sr_free_all
                0x000000000002adf0                uip_sr_link_snprint
 .text          0x000000000002aff4      0x35a build/cooja/contiki-ng-cooja.a(rpl-dag-root.o)
                0x000000000002aff4                rpl_dag_root_print_links
                0x000000000002b169                rpl_dag_root_set_prefix
                0x000000000002b1a5                rpl_dag_root_start
                0x000000000002b30e                rpl_dag_root_is_root
 .text          0x000000000002b34e     0x1219 build/cooja/contiki-ng-cooja.a(rpl-dag.o)
                0x000000000002b34e                rpl_dag_state_to_str
                0x000000000002b3ac                rpl_dag_get_root_ipaddr
                0x000000000002b3f6                rpl_dag_leave
                0x000000000002b4a1                rpl_dag_poison_and_leave
                0x000000000002b4bf                rpl_dag_periodic
                0x000000000002b583                rpl_is_addr_in_our_dag
                0x000000000002b5df                rpl_get_default_instance
                0x000000000002b606                rpl_get_any_dag
                0x000000000002b673                rpl_refresh_routes
                0x000000000002b6d5                rpl_global_repair
                0x000000000002b797                rpl_local_repair
                0x000000000002b7f9                rpl_dag_ready_to_advertise
                0x000000000002b851                rpl_dag_update_state
                0x000000000002c114                rpl_process_dio
                0x000000000002c1b6                rpl_process_dis
                0x000000000002c20a                rpl_process_dao
                0x000000000002c2b3                rpl_process_dao_ack
                0x000000000002c363                rpl_process_hbh
                0x000000000002c3c2                rpl_dag_init_root
                0x000000000002c543                rpl_dag_init
 .text          0x000000000002c567      0xdef build/cooja/contiki-ng-cooja.a(rpl-ext-header.o)
                0x000000000002c567                rpl_ext_header_srh_get_next_hop
                0x000000000002c678                rpl_ext_header_srh_update
                0x000000000002cd07                rpl_ext_header_hbh_update
                0x000000000002d0a7                rpl_ext_header_update
                0x000000000002d151                rpl_ext_header_remove
 .text          0x000000000002d356     0x16eb build/cooja/contiki-ng-cooja.a(rpl-icmp6.o)
                0x000000000002d4ea                rpl_icmp6_update_nbr_table
                0x000000000002d59f                rpl_icmp6_dis_output
                0x000000000002dcc3                rpl_icmp6_dio_output
                0x000000000002e5f3                rpl_icmp6_dao_output
                0x000000000002e964                rpl_icmp6_dao_ack_output
                0x000000000002e9fa                rpl_icmp6_init
 .text          0x000000000002ea41      0x36f build/cooja/contiki-ng-cooja.a(rpl-mrhof.o)
 .text          0x000000000002edb0       0x8c build/cooja/contiki-ng-cooja.a(rpl-nbr-policy.o)
                0x000000000002edf8                rpl_nbr_gc_get_worst
 .text          0x000000000002ee3c      0xadd build/cooja/contiki-ng-cooja.a(rpl-neighbor.o)
                0x000000000002eecf                rpl_neighbor_snprint
                0x000000000002f1fd                rpl_neighbor_print_list
                0x000000000002f2d4                rpl_neighbor_count
                0x000000000002f3bf                rpl_neighbor_get_from_lladdr
                0x000000000002f3ea                rpl_neighbor_is_acceptable_parent
                0x000000000002f436                rpl_neighbor_get_link_metric
                0x000000000002f482                rpl_neighbor_rank_via_nbr
                0x000000000002f4ce                rpl_neighbor_get_lladdr
                0x000000000002f4f9                rpl_neighbor_get_ipaddr
                0x000000000002f527                rpl_neighbor_get_link_stats
                0x000000000002f555                rpl_neighbor_is_fresh
                0x000000000002f583                rpl_neighbor_is_parent
                0x000000000002f5bc                rpl_neighbor_set_preferred_parent
                0x000000000002f673                rpl_neighbor_remove_all
                0x000000000002f6d9                rpl_neighbor_get_from_ipaddr
                0x000000000002f812                rpl_neighbor_select_best
                0x000000000002f8f2                rpl_neighbor_init
 .text          0x000000000002f919      0xd3d build/cooja/contiki-ng-cooja.a(rpl-timers.o)
                0x000000000002f919                rpl_timers_schedule_periodic_dis
                0x000000000002facf                rpl_timers_dio_reset
                0x000000000002fc53                rpl_timers_schedule_unicast_dio
                0x000000000002fe3a                rpl_timers_schedule_dao
                0x000000000002ff40                rpl_timers_schedule_dao_ack
                0x0000000000030005                rpl_timers_notify_dao_ack
                0x000000000003007a                get_probing_delay
                0x00000000000300c1                get_probing_target
                0x00000000000302ff                rpl_schedule_probing
                0x0000000000030346                rpl_schedule_probing_now
                0x00000000000303d4                rpl_timers_unschedule_leaving
                0x000000000003041e                rpl_timers_schedule_leaving
                0x000000000003047c                rpl_timers_init
                0x000000000003052e                rpl_timers_stop_dag_timers
                0x00000000000305d0                rpl_timers_unschedule_state_update
                0x00000000000305fd                rpl_timers_schedule_state_update
 .text          0x0000000000030656       0x34 build/cooja/contiki-ng-cooja.a(assert.o)
                0x0000000000030656                _xassert
 .text          0x000000000003068a       0x3a build/cooja/contiki-ng-cooja.a(mac.o)
                0x000000000003068a                mac_call_sent_callback
 .text          0x00000000000306c4      0xca9 build/cooja/contiki-ng-cooja.a(frame802154.o)
                0x00000000000306f2                frame802154_get_pan_id
                0x0000000000030703                frame802154_set_pan_id
                0x000000000003071f                frame802154_has_panid
                0x00000000000308fe                frame802154_check_dest_panid
                0x000000000003099c                frame802154_is_broadcast_addr
                0x00000000000309f3                frame802154_extract_linkaddr
                0x0000000000030c8d                frame802154_hdrlen
                0x0000000000030d0c                frame802154_create_fcf
                0x0000000000030dde                frame802154_create
                0x0000000000030f88                frame802154_parse_fcf
                0x000000000003107f                frame802154_parse
 .text          0x000000000003136d        0x0 /usr/lib/gcc/x86_64-linux-gnu/11/crtendS.o
 .text          0x000000000003136d        0x0 /usr/lib/gcc/x86_64-linux-gnu/11/../../../x86_64-linux-gnu/crtn.o
 *(.gnu.warning)

.fini           0x0000000000031370        0xd
 *(SORT_NONE(.fini))
 .fini          0x0000000000031370        0x8 /usr/lib/gcc/x86_64-linux-gnu/11/../../../x86_64-linux-gnu/crti.o
                0x0000000000031370                _fini
 .fini          0x0000000000031378        0x5 /usr/lib/gcc/x86_64-linux-gnu/11/../../../x86_64-linux-gnu/crtn.o
                [!provide]                        PROVIDE (__etext = .)
                [!provide]                        PROVIDE (_etext = .)
                [!provide]                        PROVIDE (etext = .)
                0x0000000000032000                . = ALIGN (CONSTANT (MAXPAGESIZE))
                0x0000000000032000                . = SEGMENT_START ("rodata-segment", (ALIGN (CONSTANT (MAXPAGESIZE)) + (. & (CONSTANT (MAXPAGESIZE) - 0x1))))

.rodata         0x0000000000032000      0xb0d
 *(.rodata .rodata.* .gnu.linkonce.r.*)
 .rodata        0x0000000000032000       0x61 coap_server.o
 .rodata        0x0000000000032061        0x6 build/cooja/contiki-ng-cooja.a(leds-arch.o)
                0x0000000000032061                leds_arch_leds
 .rodata        0x0000000000032067        0x4 build/cooja/contiki-ng-cooja.a(pir-sensor.o)
 .rodata        0x000000000003206b        0x3 build/cooja/contiki-ng-cooja.a(rs232.o)
 .rodata        0x000000000003206e        0xa build/cooja/contiki-ng-cooja.a(vib-sensor.o)
 .rodata        0x0000000000032078       0x26 build/cooja/contiki-ng-cooja.a(cfs-cooja.o)
 *fill*         0x000000000003209e        0x2 
 .rodata        0x00000000000320a0       0x68 build/cooja/contiki-ng-cooja.a(cooja-radio.o)
 .rodata        0x0000000000032108        0x8 build/cooja/contiki-ng-cooja.a(sensors.o)
 .rodata        0x0000000000032110       0x14 build/cooja/contiki-ng-cooja.a(buttons.o)
                0x000000000003211c                button_hal_button_count
 *fill*         0x0000000000032124        0x4 
 .rodata        0x0000000000032128       0x6d build/cooja/contiki-ng-cooja.a(res-hello.o)
 .rodata        0x0000000000032195       0x41 build/cooja/contiki-ng-cooja.a(coap-engine.o)
 .rodata        0x00000000000321d6       0x11 build/cooja/contiki-ng-cooja.a(coap-observe.o)
 .rodata        0x00000000000321e7       0x19 build/cooja/contiki-ng-cooja.a(coap-res-well-known-core.o)
 .rodata        0x0000000000032200       0x35 build/cooja/contiki-ng-cooja.a(coap-uip.o)
 *fill*         0x0000000000032235        0x3 
 .rodata        0x0000000000032238      0x1b0 build/cooja/contiki-ng-cooja.a(coap.o)
 .rodata        0x00000000000323e8       0xf4 build/cooja/contiki-ng-cooja.a(contiki-main.o)
 .rodata        0x00000000000324dc        0xf build/cooja/contiki-ng-cooja.a(ctimer.o)
 .rodata        0x00000000000324eb        0xc build/cooja/contiki-ng-cooja.a(etimer.o)
 *fill*         0x00000000000324f7        0x1 
 .rodata        0x00000000000324f8       0xc0 build/cooja/contiki-ng-cooja.a(log.o)
 .rodata        0x00000000000325b8       0x13 build/cooja/contiki-ng-cooja.a(button-hal.o)
 .rodata        0x00000000000325cb        0xe build/cooja/contiki-ng-cooja.a(serial-line.o)
 *fill*         0x00000000000325d9        0x7 
 .rodata        0x00000000000325e0        0x8 build/cooja/contiki-ng-cooja.a(linkaddr.o)
                0x00000000000325e0                linkaddr_null
 *fill*         0x00000000000325e8        0x8 
 .rodata        0x00000000000325f0      0x280 build/cooja/contiki-ng-cooja.a(strformat.o)
 .rodata        0x0000000000032870        0x5 build/cooja/contiki-ng-cooja.a(csma.o)
 .rodata        0x0000000000032875       0x1d build/cooja/contiki-ng-cooja.a(sicslowpan.o)
                0x0000000000032875                unc_llconf
                0x0000000000032879                unc_ctxconf
                0x000000000003287d                unc_mxconf
                0x0000000000032881                llprefix
 .rodata        0x0000000000032892        0xd build/cooja/contiki-ng-cooja.a(tcpip.o)
 *fill*         0x000000000003289f        0x1 
 .rodata        0x00000000000328a0       0x4c build/cooja/contiki-ng-cooja.a(uip-ds6-route.o)
 .rodata        0x00000000000328ec       0x2d build/cooja/contiki-ng-cooja.a(uiplib.o)
 .rodata        0x0000000000032919        0x9 build/cooja/contiki-ng-cooja.a(rpl.o)
 .rodata        0x0000000000032922       0x13 build/cooja/contiki-ng-cooja.a(coap-timer-default.o)
 *fill*         0x0000000000032935        0x3 
 .rodata        0x0000000000032938       0x27 build/cooja/contiki-ng-cooja.a(csma-output.o)
 .rodata        0x000000000003295f       0x44 build/cooja/contiki-ng-cooja.a(uip-sr.o)
 .rodata        0x00000000000329a3       0xd7 build/cooja/contiki-ng-cooja.a(rpl-dag.o)
 *fill*         0x0000000000032a7a        0x6 
 .rodata        0x0000000000032a80       0x58 build/cooja/contiki-ng-cooja.a(rpl-neighbor.o)
 .rodata        0x0000000000032ad8        0xc build/cooja/contiki-ng-cooja.a(rpl-timers.o)
 *fill*         0x0000000000032ae4        0x4 
 .rodata        0x0000000000032ae8       0x25 build/cooja/contiki-ng-cooja.a(assert.o)

.rodata1
 *(.rodata1)

.eh_frame_hdr   0x0000000000032b10     0x1a94
 *(.eh_frame_hdr)
 .eh_frame_hdr  0x0000000000032b10     0x1a94 coap_server.o
                0x0000000000032b10                __GNU_EH_FRAME_HDR
 *(.eh_frame_entry .eh_frame_entry.*)

.eh_frame       0x00000000000345a8     0x6ac0
 *(.eh_frame)
 .eh_frame      0x00000000000345a8       0x40 /usr/lib/gcc/x86_64-linux-gnu/11/../../../x86_64-linux-gnu/crti.o
 .eh_frame      0x00000000000345e8       0x18 /usr/lib/gcc/x86_64-linux-gnu/11/../../../x86_64-linux-gnu/crti.o
                                         0x30 (size before relaxing)
 .eh_frame      0x0000000000034600       0x18 /usr/lib/gcc/x86_64-linux-gnu/11/../../../x86_64-linux-gnu/crti.o
                                         0x30 (size before relaxing)
 .eh_frame      0x0000000000034618       0x20 coap_server.o
                                         0x38 (size before relaxing)
 .eh_frame      0x0000000000034638      0x198 build/cooja/mtype673709555.o
                                        0x1b0 (size before relaxing)
 .eh_frame      0x00000000000347d0       0x40 build/cooja/contiki-ng-cooja.a(simEnvChange.o)
                                         0x58 (size before relaxing)
 .eh_frame      0x0000000000034810       0x60 build/cooja/contiki-ng-cooja.a(cooja_mt.o)
                                         0x78 (size before relaxing)
 .eh_frame      0x0000000000034870       0x80 build/cooja/contiki-ng-cooja.a(cooja_mtarch.o)
                                         0x98 (size before relaxing)
 .eh_frame      0x00000000000348f0       0xc0 build/cooja/contiki-ng-cooja.a(rtimer-arch.o)
                                         0xd8 (size before relaxing)
 .eh_frame      0x00000000000349b0      0x160 build/cooja/contiki-ng-cooja.a(beep.o)
                                        0x178 (size before relaxing)
 .eh_frame      0x0000000000034b10       0x80 build/cooja/contiki-ng-cooja.a(leds-arch.o)
                                         0x98 (size before relaxing)
 .eh_frame      0x0000000000034b90       0x40 build/cooja/contiki-ng-cooja.a(moteid.o)
                                         0x58 (size before relaxing)
 .eh_frame      0x0000000000034bd0       0xa0 build/cooja/contiki-ng-cooja.a(pir-sensor.o)
                                         0xb8 (size before relaxing)
 .eh_frame      0x0000000000034c70      0x100 build/cooja/contiki-ng-cooja.a(rs232.o)
                                        0x118 (size before relaxing)
 .eh_frame      0x0000000000034d70       0xa0 build/cooja/contiki-ng-cooja.a(vib-sensor.o)
                                         0xb8 (size before relaxing)
 .eh_frame      0x0000000000034e10       0xc0 build/cooja/contiki-ng-cooja.a(clock.o)
                                         0xd8 (size before relaxing)
 .eh_frame      0x0000000000034ed0      0x100 build/cooja/contiki-ng-cooja.a(cooja-log.o)
                                        0x118 (size before relaxing)
 .eh_frame      0x0000000000034fd0      0x160 build/cooja/contiki-ng-cooja.a(cfs-cooja.o)
                                        0x178 (size before relaxing)
 .eh_frame      0x0000000000035130      0x360 build/cooja/contiki-ng-cooja.a(cooja-radio.o)
                                        0x378 (size before relaxing)
 .eh_frame      0x0000000000035490       0xa0 build/cooja/contiki-ng-cooja.a(eeprom.o)
                                         0xb8 (size before relaxing)
 .eh_frame      0x0000000000035530       0x40 build/cooja/contiki-ng-cooja.a(random.o)
                                         0x58 (size before relaxing)
 .eh_frame      0x0000000000035570       0xc0 build/cooja/contiki-ng-cooja.a(sensors.o)
                                         0xd8 (size before relaxing)
 .eh_frame      0x0000000000035630      0x120 build/cooja/contiki-ng-cooja.a(leds.o)
                                        0x138 (size before relaxing)
 .eh_frame      0x0000000000035750      0x220 build/cooja/contiki-ng-cooja.a(gpio-hal-arch.o)
                                        0x238 (size before relaxing)
 .eh_frame      0x0000000000035970       0xa0 build/cooja/contiki-ng-cooja.a(buttons.o)
                                         0xb8 (size before relaxing)
 .eh_frame      0x0000000000035a10       0x20 build/cooja/contiki-ng-cooja.a(res-hello.o)
                                         0x38 (size before relaxing)
 .eh_frame      0x0000000000035a30      0x220 build/cooja/contiki-ng-cooja.a(coap-engine.o)
                                        0x238 (size before relaxing)
 .eh_frame      0x0000000000035c50      0x188 build/cooja/contiki-ng-cooja.a(coap-observe.o)
                                        0x1a0 (size before relaxing)
 .eh_frame      0x0000000000035dd8       0x20 build/cooja/contiki-ng-cooja.a(coap-res-well-known-core.o)
                                         0x38 (size before relaxing)
 .eh_frame      0x0000000000035df8      0x108 build/cooja/contiki-ng-cooja.a(coap-timer.o)
                                        0x120 (size before relaxing)
 .eh_frame      0x0000000000035f00      0x100 build/cooja/contiki-ng-cooja.a(coap-transactions.o)
                                        0x118 (size before relaxing)
 .eh_frame      0x0000000000036000      0x248 build/cooja/contiki-ng-cooja.a(coap-uip.o)
                                        0x260 (size before relaxing)
 .eh_frame      0x0000000000036248      0x6e8 build/cooja/contiki-ng-cooja.a(coap.o)
                                        0x700 (size before relaxing)
 .eh_frame      0x0000000000036930       0x20 build/cooja/contiki-ng-cooja.a(contiki-main.o)
                                         0x38 (size before relaxing)
 .eh_frame      0x0000000000036950       0x40 build/cooja/contiki-ng-cooja.a(autostart.o)
                                         0x58 (size before relaxing)
 .eh_frame      0x0000000000036990      0x100 build/cooja/contiki-ng-cooja.a(ctimer.o)
                                        0x118 (size before relaxing)
 .eh_frame      0x0000000000036a90       0x60 build/cooja/contiki-ng-cooja.a(energest.o)
                                         0x78 (size before relaxing)
 .eh_frame      0x0000000000036af0      0x1e0 build/cooja/contiki-ng-cooja.a(etimer.o)
                                        0x1f8 (size before relaxing)
 .eh_frame      0x0000000000036cd0      0x120 build/cooja/contiki-ng-cooja.a(log.o)
                                        0x138 (size before relaxing)
 .eh_frame      0x0000000000036df0       0x20 build/cooja/contiki-ng-cooja.a(node-id.o)
                                         0x38 (size before relaxing)
 .eh_frame      0x0000000000036e10      0x1c8 build/cooja/contiki-ng-cooja.a(process.o)
                                        0x1e0 (size before relaxing)
 .eh_frame      0x0000000000036fd8       0x60 build/cooja/contiki-ng-cooja.a(rtimer.o)
                                         0x78 (size before relaxing)
 .eh_frame      0x0000000000037038       0xa0 build/cooja/contiki-ng-cooja.a(timer.o)
                                         0xb8 (size before relaxing)
 .eh_frame      0x00000000000370d8      0x1a0 build/cooja/contiki-ng-cooja.a(list.o)
                                        0x1b8 (size before relaxing)
 .eh_frame      0x0000000000037278       0xa0 build/cooja/contiki-ng-cooja.a(memb.o)
                                         0xb8 (size before relaxing)
 .eh_frame      0x0000000000037318      0x160 build/cooja/contiki-ng-cooja.a(button-hal.o)
                                        0x178 (size before relaxing)
 .eh_frame      0x0000000000037478       0xe0 build/cooja/contiki-ng-cooja.a(gpio-hal.o)
                                         0xf8 (size before relaxing)
 .eh_frame      0x0000000000037558       0x60 build/cooja/contiki-ng-cooja.a(serial-line.o)
                                         0x78 (size before relaxing)
 .eh_frame      0x00000000000375b8       0x60 build/cooja/contiki-ng-cooja.a(linkaddr.o)
                                         0x78 (size before relaxing)
 .eh_frame      0x0000000000037618       0x80 build/cooja/contiki-ng-cooja.a(netstack.o)
                                         0x98 (size before relaxing)
 .eh_frame      0x0000000000037698      0x288 build/cooja/contiki-ng-cooja.a(packetbuf.o)
                                        0x2a0 (size before relaxing)
 .eh_frame      0x0000000000037920      0x1a0 build/cooja/contiki-ng-cooja.a(queuebuf.o)
                                        0x1b8 (size before relaxing)
 .eh_frame      0x0000000000037ac0       0x40 build/cooja/contiki-ng-cooja.a(printf.o)
                                         0x58 (size before relaxing)
 .eh_frame      0x0000000000037b00       0x20 build/cooja/contiki-ng-cooja.a(putchar.o)
                                         0x38 (size before relaxing)
 .eh_frame      0x0000000000037b20       0x20 build/cooja/contiki-ng-cooja.a(puts.o)
                                         0x38 (size before relaxing)
 .eh_frame      0x0000000000037b40       0x60 build/cooja/contiki-ng-cooja.a(snprintf.o)
                                         0x78 (size before relaxing)
 .eh_frame      0x0000000000037ba0      0x120 build/cooja/contiki-ng-cooja.a(strformat.o)
                                        0x138 (size before relaxing)
 .eh_frame      0x0000000000037cc0       0xe0 build/cooja/contiki-ng-cooja.a(csma.o)
                                         0xf8 (size before relaxing)
 .eh_frame      0x0000000000037da0      0x2e0 build/cooja/contiki-ng-cooja.a(sicslowpan.o)
                                        0x2f8 (size before relaxing)
 .eh_frame      0x0000000000038080      0x248 build/cooja/contiki-ng-cooja.a(tcpip.o)
                                        0x260 (size before relaxing)
 .eh_frame      0x00000000000382c8      0x1c0 build/cooja/contiki-ng-cooja.a(uip-ds6-nbr.o)
                                        0x1d8 (size before relaxing)
 .eh_frame      0x0000000000038488      0x240 build/cooja/contiki-ng-cooja.a(uip-ds6-route.o)
                                        0x258 (size before relaxing)
 .eh_frame      0x00000000000386c8      0x328 build/cooja/contiki-ng-cooja.a(uip-ds6.o)
                                        0x340 (size before relaxing)
 .eh_frame      0x00000000000389f0       0xe0 build/cooja/contiki-ng-cooja.a(uip-packetqueue.o)
                                         0xf8 (size before relaxing)
 .eh_frame      0x0000000000038ad0       0x40 build/cooja/contiki-ng-cooja.a(uip-udp-packet.o)
                                         0x58 (size before relaxing)
 .eh_frame      0x0000000000038b10      0x1e8 build/cooja/contiki-ng-cooja.a(uip6.o)
                                        0x200 (size before relaxing)
 .eh_frame      0x0000000000038cf8      0x200 build/cooja/contiki-ng-cooja.a(uipbuf.o)
                                        0x218 (size before relaxing)
 .eh_frame      0x0000000000038ef8       0x80 build/cooja/contiki-ng-cooja.a(uiplib.o)
                                         0x98 (size before relaxing)
 .eh_frame      0x0000000000038f78      0x1e0 build/cooja/contiki-ng-cooja.a(rpl.o)
                                        0x1f8 (size before relaxing)
 .eh_frame      0x0000000000039158       0xa0 build/cooja/contiki-ng-cooja.a(watchdog.o)
                                         0xb8 (size before relaxing)
 .eh_frame      0x00000000000391f8       0x80 build/cooja/contiki-ng-cooja.a(int-master.o)
                                         0x98 (size before relaxing)
 .eh_frame      0x0000000000039278       0xa0 build/cooja/contiki-ng-cooja.a(coap-timer-default.o)
                                         0xb8 (size before relaxing)
 .eh_frame      0x0000000000039318       0xc0 build/cooja/contiki-ng-cooja.a(stimer.o)
                                         0xd8 (size before relaxing)
 .eh_frame      0x00000000000393d8       0xa0 build/cooja/contiki-ng-cooja.a(ringbuf.o)
                                         0xb8 (size before relaxing)
 .eh_frame      0x0000000000039478      0x120 build/cooja/contiki-ng-cooja.a(link-stats.o)
                                        0x138 (size before relaxing)
 .eh_frame      0x0000000000039598      0x3e0 build/cooja/contiki-ng-cooja.a(nbr-table.o)
                                        0x3f8 (size before relaxing)
 .eh_frame      0x0000000000039978       0x48 build/cooja/contiki-ng-cooja.a(mac-sequence.o)
                                         0x60 (size before relaxing)
 .eh_frame      0x00000000000399c0       0xa8 build/cooja/contiki-ng-cooja.a(framer-802154.o)
                                         0xc0 (size before relaxing)
 .eh_frame      0x0000000000039a68      0x1c8 build/cooja/contiki-ng-cooja.a(csma-output.o)
                                        0x1e0 (size before relaxing)
 .eh_frame      0x0000000000039c30       0x40 build/cooja/contiki-ng-cooja.a(csma-security.o)
                                         0x58 (size before relaxing)
 .eh_frame      0x0000000000039c70      0x148 build/cooja/contiki-ng-cooja.a(uip-icmp6.o)
                                        0x160 (size before relaxing)
 .eh_frame      0x0000000000039db8       0x80 build/cooja/contiki-ng-cooja.a(uip-nd6.o)
                                         0x98 (size before relaxing)
 .eh_frame      0x0000000000039e38      0x180 build/cooja/contiki-ng-cooja.a(uip-sr.o)
                                        0x198 (size before relaxing)
 .eh_frame      0x0000000000039fb8       0xa0 build/cooja/contiki-ng-cooja.a(rpl-dag-root.o)
                                         0xb8 (size before relaxing)
 .eh_frame      0x000000000003a058      0x360 build/cooja/contiki-ng-cooja.a(rpl-dag.o)
                                        0x378 (size before relaxing)
 .eh_frame      0x000000000003a3b8      0x128 build/cooja/contiki-ng-cooja.a(rpl-ext-header.o)
                                        0x140 (size before relaxing)
 .eh_frame      0x000000000003a4e0      0x1c0 build/cooja/contiki-ng-cooja.a(rpl-icmp6.o)
                                        0x1d8 (size before relaxing)
 .eh_frame      0x000000000003a6a0      0x148 build/cooja/contiki-ng-cooja.a(rpl-mrhof.o)
                                        0x160 (size before relaxing)
 .eh_frame      0x000000000003a7e8       0x40 build/cooja/contiki-ng-cooja.a(rpl-nbr-policy.o)
                                         0x58 (size before relaxing)
 .eh_frame      0x000000000003a828      0x2b0 build/cooja/contiki-ng-cooja.a(rpl-neighbor.o)
                                        0x2c8 (size before relaxing)
 .eh_frame      0x000000000003aad8      0x3a8 build/cooja/contiki-ng-cooja.a(rpl-timers.o)
                                        0x3c0 (size before relaxing)
 .eh_frame      0x000000000003ae80       0x20 build/cooja/contiki-ng-cooja.a(assert.o)
                                         0x38 (size before relaxing)
 .eh_frame      0x000000000003aea0       0x20 build/cooja/contiki-ng-cooja.a(mac.o)
                                         0x38 (size before relaxing)
 .eh_frame      0x000000000003aec0      0x1a4 build/cooja/contiki-ng-cooja.a(frame802154.o)
                                        0x1c0 (size before relaxing)
 .eh_frame      0x000000000003b064        0x4 /usr/lib/gcc/x86_64-linux-gnu/11/crtendS.o
 *(.eh_frame.*)

.gcc_except_table
 *(.gcc_except_table .gcc_except_table.*)

.gnu_extab
 *(.gnu_extab*)

.exception_ranges
 *(.exception_ranges*)
                0x000000000003c6d0                . = DATA_SEGMENT_ALIGN (CONSTANT (MAXPAGESIZE), CONSTANT (COMMONPAGESIZE))

.eh_frame
 *(.eh_frame)
 *(.eh_frame.*)

.gnu_extab
 *(.gnu_extab)

.gcc_except_table
 *(.gcc_except_table .gcc_except_table.*)

.exception_ranges
 *(.exception_ranges*)

.tdata
 *(.tdata .tdata.* .gnu.linkonce.td.*)

.tbss
 *(.tbss .tbss.* .gnu.linkonce.tb.*)
 *(.tcommon)

.preinit_array
 *(.preinit_array)

.init_array     0x000000000003c6d0        0x8
 *(SORT_BY_INIT_PRIORITY(.init_array.*) SORT_BY_INIT_PRIORITY(.ctors.*))
 *(.init_array EXCLUDE_FILE(*crtend?.o *crtend.o *crtbegin?.o *crtbegin.o) .ctors)
 .init_array    0x000000000003c6d0        0x8 /usr/lib/gcc/x86_64-linux-gnu/11/crtbeginS.o

.fini_array     0x000000000003c6d8        0x8
 *(SORT_BY_INIT_PRIORITY(.fini_array.*) SORT_BY_INIT_PRIORITY(.dtors.*))
 *(.fini_array EXCLUDE_FILE(*crtend?.o *crtend.o *crtbegin?.o *crtbegin.o) .dtors)
 .fini_array    0x000000000003c6d8        0x8 /usr/lib/gcc/x86_64-linux-gnu/11/crtbeginS.o

.ctors
 *crtbegin.o(.ctors)
 *crtbegin?.o(.ctors)
 *(EXCLUDE_FILE(*crtend?.o *crtend.o) .ctors)
 *(SORT_BY_NAME(.ctors.*))
 *(.ctors)

.dtors
 *crtbegin.o(.dtors)
 *crtbegin?.o(.dtors)
 *(EXCLUDE_FILE(*crtend?.o *crtend.o) .dtors)
 *(SORT_BY_NAME(.dtors.*))
 *(.dtors)

.jcr
 *(.jcr)

.data.rel.ro    0x000000000003c6e0      0x370
 *(.data.rel.ro.local* .gnu.linkonce.d.rel.ro.local.*)
 .data.rel.ro.local
                0x000000000003c6e0       0x10 build/cooja/contiki-ng-cooja.a(beep.o)
                0x000000000003c6e0                beep_interface
 .data.rel.ro.local
                0x000000000003c6f0       0x10 build/cooja/contiki-ng-cooja.a(leds-arch.o)
                0x000000000003c6f0                leds_interface
 .data.rel.ro.local
                0x000000000003c700       0x10 build/cooja/contiki-ng-cooja.a(moteid.o)
                0x000000000003c700                moteid_interface
 *fill*         0x000000000003c710       0x10 
 .data.rel.ro.local
                0x000000000003c720       0x40 build/cooja/contiki-ng-cooja.a(pir-sensor.o)
                0x000000000003c720                pir_interface
                0x000000000003c740                pir_sensor
 .data.rel.ro.local
                0x000000000003c760       0x10 build/cooja/contiki-ng-cooja.a(rs232.o)
                0x000000000003c760                rs232_interface
 *fill*         0x000000000003c770       0x10 
 .data.rel.ro.local
                0x000000000003c780       0x40 build/cooja/contiki-ng-cooja.a(vib-sensor.o)
                0x000000000003c780                vib_interface
                0x000000000003c7a0                vib_sensor
 .data.rel.ro.local
                0x000000000003c7c0       0x10 build/cooja/contiki-ng-cooja.a(clock.o)
                0x000000000003c7c0                clock_interface
 .data.rel.ro.local
                0x000000000003c7d0       0x10 build/cooja/contiki-ng-cooja.a(cooja-log.o)
                0x000000000003c7d0                simlog_interface
 .data.rel.ro.local
                0x000000000003c7e0       0x10 build/cooja/contiki-ng-cooja.a(cfs-cooja.o)
                0x000000000003c7e0                cfs_interface
 *fill*         0x000000000003c7f0       0x10 
 .data.rel.ro.local
                0x000000000003c800       0x90 build/cooja/contiki-ng-cooja.a(cooja-radio.o)
                0x000000000003c800                radio_interface
                0x000000000003c820                cooja_radio_driver
 .data.rel.ro.local
                0x000000000003c890       0x10 build/cooja/contiki-ng-cooja.a(eeprom.o)
                0x000000000003c890                eeprom_interface
 .data.rel.ro.local
                0x000000000003c8a0       0x40 build/cooja/contiki-ng-cooja.a(buttons.o)
                0x000000000003c8a0                button_interface
                0x000000000003c8c0                button_sensor
 .data.rel.ro.local
                0x000000000003c8e0       0x38 build/cooja/contiki-ng-cooja.a(csma.o)
                0x000000000003c8e0                csma_driver
 *fill*         0x000000000003c918        0x8 
 .data.rel.ro.local
                0x000000000003c920       0x18 build/cooja/contiki-ng-cooja.a(coap-timer-default.o)
                0x000000000003c920                coap_timer_default_driver
 *fill*         0x000000000003c938        0x8 
 .data.rel.ro.local
                0x000000000003c940       0x18 build/cooja/contiki-ng-cooja.a(framer-802154.o)
                0x000000000003c940                framer_802154
 *(.data.rel.ro .data.rel.ro.* .gnu.linkonce.d.rel.ro.*)
 .data.rel.ro   0x000000000003c958        0x0 /usr/lib/gcc/x86_64-linux-gnu/11/../../../x86_64-linux-gnu/crti.o
 *fill*         0x000000000003c958        0x8 
 .data.rel.ro   0x000000000003c960       0x10 coap_server.o
                0x000000000003c960                autostart_processes
 *fill*         0x000000000003c970       0x10 
 .data.rel.ro   0x000000000003c980       0x20 build/cooja/contiki-ng-cooja.a(sicslowpan.o)
                0x000000000003c980                sicslowpan_driver
 .data.rel.ro   0x000000000003c9a0       0xa8 build/cooja/contiki-ng-cooja.a(rpl.o)
                0x000000000003c9a0                rpl_lite_driver
 .data.rel.ro   0x000000000003ca48        0x8 build/cooja/contiki-ng-cooja.a(rpl-dag.o)

.dynamic        0x000000000003ca50      0x1c0
 *(.dynamic)
 .dynamic       0x000000000003ca50      0x1c0 /usr/lib/gcc/x86_64-linux-gnu/11/../../../x86_64-linux-gnu/crti.o
                0x000000000003ca50                _DYNAMIC

.got            0x000000000003cc10      0x3f0
 *(.got)
 .got           0x000000000003cc10      0x3f0 /usr/lib/gcc/x86_64-linux-gnu/11/../../../x86_64-linux-gnu/crti.o
 *(.igot)
                0x000000000003dfe8                . = DATA_SEGMENT_RELRO_END (., (SIZEOF (.got.plt) >= 0x18)?0x18:0x0)

.got.plt        0x000000000003d000      0xc78
 *(.got.plt)
 .got.plt       0x000000000003d000      0xc78 /usr/lib/gcc/x86_64-linux-gnu/11/../../../x86_64-linux-gnu/crti.o
                0x000000000003d000                _GLOBAL_OFFSET_TABLE_
 *(.igot.plt)

.data           0x000000000003dc80      0x8d2
 *(.data .data.* .gnu.linkonce.d.*)
 .data          0x000000000003dc80        0x0 /usr/lib/gcc/x86_64-linux-gnu/11/../../../x86_64-linux-gnu/crti.o
 .data          0x000000000003dc80        0x0 /usr/lib/gcc/x86_64-linux-gnu/11/crtbeginS.o
 .data.rel.local
                0x000000000003dc80        0x8 /usr/lib/gcc/x86_64-linux-gnu/11/crtbeginS.o
                0x000000000003dc80                __dso_handle
 .data          0x000000000003dc88        0x0 coap_server.o
 *fill*         0x000000000003dc88       0x18 
 .data.rel.local
                0x000000000003dca0       0x20 coap_server.o
                0x000000000003dca0                contiki_ng_br
 .data          0x000000000003dcc0        0x0 build/cooja/mtype673709555.o
 .data.rel      0x000000000003dcc0       0xa0 build/cooja/mtype673709555.o
                0x000000000003dcc0                simInterfaces
                0x000000000003dd40                sensors
 .data          0x000000000003dd60        0x0 build/cooja/contiki-ng-cooja.a(simEnvChange.o)
 .data          0x000000000003dd60        0x0 build/cooja/contiki-ng-cooja.a(cooja_mt.o)
 .data          0x000000000003dd60        0x0 build/cooja/contiki-ng-cooja.a(cooja_mtarch.o)
 .data          0x000000000003dd60        0x0 build/cooja/contiki-ng-cooja.a(rtimer-arch.o)
 .data          0x000000000003dd60        0x0 build/cooja/contiki-ng-cooja.a(beep.o)
 .data          0x000000000003dd60        0x0 build/cooja/contiki-ng-cooja.a(leds-arch.o)
 .data          0x000000000003dd60        0x0 build/cooja/contiki-ng-cooja.a(moteid.o)
 .data          0x000000000003dd60        0x0 build/cooja/contiki-ng-cooja.a(pir-sensor.o)
 .data          0x000000000003dd60        0x0 build/cooja/contiki-ng-cooja.a(rs232.o)
 .data          0x000000000003dd60        0x0 build/cooja/contiki-ng-cooja.a(vib-sensor.o)
 .data          0x000000000003dd60        0x0 build/cooja/contiki-ng-cooja.a(clock.o)
 .data          0x000000000003dd60        0x0 build/cooja/contiki-ng-cooja.a(cooja-log.o)
 .data          0x000000000003dd60        0x0 build/cooja/contiki-ng-cooja.a(cfs-cooja.o)
 .data          0x000000000003dd60       0x20 build/cooja/contiki-ng-cooja.a(cooja-radio.o)
                0x000000000003dd60                simRadioHWOn
                0x000000000003dd64                simSignalStrength
                0x000000000003dd68                simLastSignalStrength
                0x000000000003dd6c                simPower
                0x000000000003dd70                simRadioChannel
                0x000000000003dd74                simLQI
                0x000000000003dd78                simLastLQI
 .data.rel.local
                0x000000000003dd80       0x20 build/cooja/contiki-ng-cooja.a(cooja-radio.o)
                0x000000000003dd80                cooja_radio_process
 .data          0x000000000003dda0        0x0 build/cooja/contiki-ng-cooja.a(eeprom.o)
 .data          0x000000000003dda0        0x0 build/cooja/contiki-ng-cooja.a(random.o)
 .data          0x000000000003dda0        0x0 build/cooja/contiki-ng-cooja.a(sensors.o)
 .data.rel.local
                0x000000000003dda0       0x20 build/cooja/contiki-ng-cooja.a(sensors.o)
                0x000000000003dda0                sensors_process
 .data          0x000000000003ddc0        0x0 build/cooja/contiki-ng-cooja.a(leds.o)
 .data          0x000000000003ddc0        0x0 build/cooja/contiki-ng-cooja.a(gpio-hal-arch.o)
 .data          0x000000000003ddc0        0x1 build/cooja/contiki-ng-cooja.a(buttons.o)
                0x000000000003ddc0                simButtonIsActive
 *fill*         0x000000000003ddc1       0x1f 
 .data.rel.local
                0x000000000003dde0       0xb0 build/cooja/contiki-ng-cooja.a(buttons.o)
                0x000000000003de80                button_hal_buttons
 .data          0x000000000003de90        0x0 build/cooja/contiki-ng-cooja.a(res-hello.o)
 *fill*         0x000000000003de90       0x10 
 .data.rel.local
                0x000000000003dea0       0x48 build/cooja/contiki-ng-cooja.a(res-hello.o)
                0x000000000003dea0                res_hello
 .data          0x000000000003dee8        0x0 build/cooja/contiki-ng-cooja.a(coap-engine.o)
 .data.rel.local
                0x000000000003dee8       0x10 build/cooja/contiki-ng-cooja.a(coap-engine.o)
 .data          0x000000000003def8        0x0 build/cooja/contiki-ng-cooja.a(coap-observe.o)
 *fill*         0x000000000003def8        0x8 
 .data.rel.local
                0x000000000003df00       0x20 build/cooja/contiki-ng-cooja.a(coap-observe.o)
 .data          0x000000000003df20        0x0 build/cooja/contiki-ng-cooja.a(coap-res-well-known-core.o)
 .data.rel.local
                0x000000000003df20       0x48 build/cooja/contiki-ng-cooja.a(coap-res-well-known-core.o)
                0x000000000003df20                res_well_known_core
 .data          0x000000000003df68        0x0 build/cooja/contiki-ng-cooja.a(coap-timer.o)
 .data.rel.local
                0x000000000003df68        0x8 build/cooja/contiki-ng-cooja.a(coap-timer.o)
 .data          0x000000000003df70        0x0 build/cooja/contiki-ng-cooja.a(coap-transactions.o)
 .data.rel.local
                0x000000000003df70       0x20 build/cooja/contiki-ng-cooja.a(coap-transactions.o)
 .data          0x000000000003df90        0x0 build/cooja/contiki-ng-cooja.a(coap-uip.o)
 *fill*         0x000000000003df90       0x10 
 .data.rel.local
                0x000000000003dfa0       0x20 build/cooja/contiki-ng-cooja.a(coap-uip.o)
                0x000000000003dfa0                coap_engine
 .data          0x000000000003dfc0        0x0 build/cooja/contiki-ng-cooja.a(coap.o)
 .data.rel.local
                0x000000000003dfc0        0x8 build/cooja/contiki-ng-cooja.a(coap.o)
                0x000000000003dfc0                coap_error_message
 .data          0x000000000003dfc8        0x0 build/cooja/contiki-ng-cooja.a(contiki-main.o)
 .data          0x000000000003dfc8        0x0 build/cooja/contiki-ng-cooja.a(autostart.o)
 .data          0x000000000003dfc8        0x0 build/cooja/contiki-ng-cooja.a(ctimer.o)
 *fill*         0x000000000003dfc8       0x18 
 .data.rel.local
                0x000000000003dfe0       0x40 build/cooja/contiki-ng-cooja.a(ctimer.o)
                0x000000000003e000                ctimer_process
 .data          0x000000000003e020        0x0 build/cooja/contiki-ng-cooja.a(energest.o)
 .data          0x000000000003e020        0x0 build/cooja/contiki-ng-cooja.a(etimer.o)
 .data.rel.local
                0x000000000003e020       0x20 build/cooja/contiki-ng-cooja.a(etimer.o)
                0x000000000003e020                etimer_process
 .data          0x000000000003e040        0x4 build/cooja/contiki-ng-cooja.a(log.o)
                0x000000000003e040                curr_log_level_main
 *fill*         0x000000000003e044       0x1c 
 .data.rel      0x000000000003e060      0x138 build/cooja/contiki-ng-cooja.a(log.o)
                0x000000000003e060                all_modules
 .data          0x000000000003e198        0x0 build/cooja/contiki-ng-cooja.a(node-id.o)
 .data          0x000000000003e198        0x0 build/cooja/contiki-ng-cooja.a(process.o)
 .data          0x000000000003e198        0x0 build/cooja/contiki-ng-cooja.a(rtimer.o)
 .data          0x000000000003e198        0x0 build/cooja/contiki-ng-cooja.a(timer.o)
 .data          0x000000000003e198        0x0 build/cooja/contiki-ng-cooja.a(list.o)
 .data          0x000000000003e198        0x0 build/cooja/contiki-ng-cooja.a(memb.o)
 .data          0x000000000003e198        0x0 build/cooja/contiki-ng-cooja.a(button-hal.o)
 *fill*         0x000000000003e198        0x8 
 .data.rel.local
                0x000000000003e1a0       0x20 build/cooja/contiki-ng-cooja.a(button-hal.o)
                0x000000000003e1a0                button_hal_process
 .data          0x000000000003e1c0        0x0 build/cooja/contiki-ng-cooja.a(gpio-hal.o)
 .data.rel.local
                0x000000000003e1c0        0x8 build/cooja/contiki-ng-cooja.a(gpio-hal.o)
 .data          0x000000000003e1c8        0x0 build/cooja/contiki-ng-cooja.a(serial-line.o)
 *fill*         0x000000000003e1c8       0x18 
 .data.rel.local
                0x000000000003e1e0       0x20 build/cooja/contiki-ng-cooja.a(serial-line.o)
                0x000000000003e1e0                serial_line_process
 .data          0x000000000003e200        0x0 build/cooja/contiki-ng-cooja.a(linkaddr.o)
 .data          0x000000000003e200        0x0 build/cooja/contiki-ng-cooja.a(netstack.o)
 .data.rel.local
                0x000000000003e200        0x8 build/cooja/contiki-ng-cooja.a(netstack.o)
 .data          0x000000000003e208        0x0 build/cooja/contiki-ng-cooja.a(packetbuf.o)
 .data.rel.local
                0x000000000003e208        0x8 build/cooja/contiki-ng-cooja.a(packetbuf.o)
 .data          0x000000000003e210        0x0 build/cooja/contiki-ng-cooja.a(queuebuf.o)
 .data.rel.local
                0x000000000003e210       0x38 build/cooja/contiki-ng-cooja.a(queuebuf.o)
 .data          0x000000000003e248        0x0 build/cooja/contiki-ng-cooja.a(printf.o)
 *fill*         0x000000000003e248        0x8 
 .data.rel.local
                0x000000000003e250       0x10 build/cooja/contiki-ng-cooja.a(printf.o)
 .data          0x000000000003e260        0x0 build/cooja/contiki-ng-cooja.a(putchar.o)
 .data          0x000000000003e260        0x0 build/cooja/contiki-ng-cooja.a(puts.o)
 .data          0x000000000003e260        0x0 build/cooja/contiki-ng-cooja.a(snprintf.o)
 .data          0x000000000003e260        0x0 build/cooja/contiki-ng-cooja.a(strformat.o)
 .data          0x000000000003e260        0x0 build/cooja/contiki-ng-cooja.a(csma.o)
 .data          0x000000000003e260        0x0 build/cooja/contiki-ng-cooja.a(sicslowpan.o)
 .data          0x000000000003e260        0x0 build/cooja/contiki-ng-cooja.a(tcpip.o)
 .data.rel.local
                0x000000000003e260       0x20 build/cooja/contiki-ng-cooja.a(tcpip.o)
                0x000000000003e260                tcpip_process
 .data          0x000000000003e280        0x0 build/cooja/contiki-ng-cooja.a(uip-ds6-nbr.o)
 .data.rel.local
                0x000000000003e280       0x20 build/cooja/contiki-ng-cooja.a(uip-ds6-nbr.o)
 .data          0x000000000003e2a0        0x0 build/cooja/contiki-ng-cooja.a(uip-ds6-route.o)
 .data.rel.local
                0x000000000003e2a0       0x28 build/cooja/contiki-ng-cooja.a(uip-ds6-route.o)
 .data          0x000000000003e2c8        0x0 build/cooja/contiki-ng-cooja.a(uip-ds6.o)
 .data          0x000000000003e2c8        0x0 build/cooja/contiki-ng-cooja.a(uip-packetqueue.o)
 *fill*         0x000000000003e2c8        0x8 
 .data.rel.local
                0x000000000003e2d0       0x18 build/cooja/contiki-ng-cooja.a(uip-packetqueue.o)
 .data          0x000000000003e2e8        0x0 build/cooja/contiki-ng-cooja.a(uip-udp-packet.o)
 .data          0x000000000003e2e8        0x0 build/cooja/contiki-ng-cooja.a(uip6.o)
 .data          0x000000000003e2e8        0x0 build/cooja/contiki-ng-cooja.a(uipbuf.o)
 .data          0x000000000003e2e8        0x0 build/cooja/contiki-ng-cooja.a(uiplib.o)
 .data          0x000000000003e2e8        0x0 build/cooja/contiki-ng-cooja.a(rpl.o)
 .data          0x000000000003e2e8        0x0 build/cooja/contiki-ng-cooja.a(watchdog.o)
 .data          0x000000000003e2e8        0x0 build/cooja/contiki-ng-cooja.a(int-master.o)
 .data          0x000000000003e2e8        0x0 build/cooja/contiki-ng-cooja.a(coap-timer-default.o)
 *fill*         0x000000000003e2e8       0x18 
 .data.rel.local
                0x000000000003e300       0x20 build/cooja/contiki-ng-cooja.a(coap-timer-default.o)
                0x000000000003e300                coap_timer_process
 .data          0x000000000003e320        0x0 build/cooja/contiki-ng-cooja.a(stimer.o)
 .data          0x000000000003e320        0x0 build/cooja/contiki-ng-cooja.a(ringbuf.o)
 .data          0x000000000003e320        0x0 build/cooja/contiki-ng-cooja.a(link-stats.o)
 .data.rel.local
                0x000000000003e320       0x20 build/cooja/contiki-ng-cooja.a(link-stats.o)
 .data          0x000000000003e340        0x0 build/cooja/contiki-ng-cooja.a(nbr-table.o)
 .data.rel.local
                0x000000000003e340       0x20 build/cooja/contiki-ng-cooja.a(nbr-table.o)
 .data          0x000000000003e360        0x0 build/cooja/contiki-ng-cooja.a(mac-sequence.o)
 .data          0x000000000003e360        0x0 build/cooja/contiki-ng-cooja.a(framer-802154.o)
 .data          0x000000000003e360        0x0 build/cooja/contiki-ng-cooja.a(csma-output.o)
 .data.rel.local
                0x000000000003e360       0x60 build/cooja/contiki-ng-cooja.a(csma-output.o)
 .data          0x000000000003e3c0        0x0 build/cooja/contiki-ng-cooja.a(csma-security.o)
 .data          0x000000000003e3c0        0x0 build/cooja/contiki-ng-cooja.a(uip-icmp6.o)
 .data.rel.local
                0x000000000003e3c0       0x48 build/cooja/contiki-ng-cooja.a(uip-icmp6.o)
 .data          0x000000000003e408        0x0 build/cooja/contiki-ng-cooja.a(uip-nd6.o)
 *fill*         0x000000000003e408        0x8 
 .data.rel.local