Archive member included to satisfy reference by file (symbol)

build/cooja/contiki-ng-cooja.a(simEnvChange.o)
                              build/cooja/mtype625042761.o (simDontFallAsleep)
build/cooja/contiki-ng-cooja.a(cooja_mt.o)
                              build/cooja/mtype625042761.o (cooja_mt_start)
build/cooja/contiki-ng-cooja.a(cooja_mtarch.o)
                              build/cooja/contiki-ng-cooja.a(cooja_mt.o) (cooja_mtarch_start)
build/cooja/contiki-ng-cooja.a(rtimer-arch.o)
                              build/cooja/mtype625042761.o (rtimer_arch_check)
build/cooja/contiki-ng-cooja.a(beep.o)
                              build/cooja/mtype625042761.o (beep_interface)
build/cooja/contiki-ng-cooja.a(leds-arch.o)
                              build/cooja/mtype625042761.o (leds_interface)
build/cooja/contiki-ng-cooja.a(moteid.o)
                              build/cooja/mtype625042761.o (moteid_interface)
build/cooja/contiki-ng-cooja.a(pir-sensor.o)
                              build/cooja/mtype625042761.o (pir_interface)
build/cooja/contiki-ng-cooja.a(rs232.o)
                              build/cooja/mtype625042761.o (rs232_interface)
build/cooja/contiki-ng-cooja.a(vib-sensor.o)
                              build/cooja/mtype625042761.o (vib_interface)
build/cooja/contiki-ng-cooja.a(clock.o)
                              build/cooja/mtype625042761.o (clock_interface)
build/cooja/contiki-ng-cooja.a(cooja-log.o)
                              build/cooja/mtype625042761.o (simlog_interface)
build/cooja/contiki-ng-cooja.a(cfs-cooja.o)
                              build/cooja/mtype625042761.o (cfs_interface)
build/cooja/contiki-ng-cooja.a(cooja-radio.o)
                              build/cooja/mtype625042761.o (radio_interface)
build/cooja/contiki-ng-cooja.a(eeprom.o)
                              build/cooja/mtype625042761.o (eeprom_interface)
build/cooja/contiki-ng-cooja.a(random.o)
                              build/cooja/contiki-ng-cooja.a(moteid.o) (random_init)
build/cooja/contiki-ng-cooja.a(sensors.o)
                              build/cooja/contiki-ng-cooja.a(pir-sensor.o) (sensors_changed)
build/cooja/contiki-ng-cooja.a(leds.o)
                              build/cooja/contiki-ng-cooja.a(leds-arch.o) (leds_get)
build/cooja/contiki-ng-cooja.a(gpio-hal-arch.o)
                              build/cooja/contiki-ng-cooja.a(leds-arch.o) (gpio_hal_arch_register_pin_callback)
build/cooja/contiki-ng-cooja.a(buttons.o)
                              build/cooja/mtype625042761.o (button_interface)
build/cooja/contiki-ng-cooja.a(fan-speed.o)
                              actuator.o (fan)
build/cooja/contiki-ng-cooja.a(nitrogen.o)
                              actuator.o (nitro)
build/cooja/contiki-ng-cooja.a(coap-blocking-api.o)
                              actuator.o (coap_blocking_request)
build/cooja/contiki-ng-cooja.a(coap-engine.o)
                              actuator.o (coap_activate_resource)
build/cooja/contiki-ng-cooja.a(coap-observe.o)
                              build/cooja/contiki-ng-cooja.a(coap-engine.o) (coap_remove_observer_by_mid)
build/cooja/contiki-ng-cooja.a(coap-res-well-known-core.o)
                              build/cooja/contiki-ng-cooja.a(coap-engine.o) (res_well_known_core)
build/cooja/contiki-ng-cooja.a(coap-timer.o)
                              build/cooja/contiki-ng-cooja.a(coap-engine.o) (coap_timer_set)
build/cooja/contiki-ng-cooja.a(coap-transactions.o)
                              build/cooja/contiki-ng-cooja.a(coap-blocking-api.o) (coap_send_transaction)
build/cooja/contiki-ng-cooja.a(coap-uip.o)
                              build/cooja/contiki-ng-cooja.a(coap-observe.o) (coap_endpoint_copy)
build/cooja/contiki-ng-cooja.a(coap.o)
                              build/cooja/contiki-ng-cooja.a(coap-engine.o) (coap_status_code)
build/cooja/contiki-ng-cooja.a(contiki-main.o)
                              build/cooja/mtype625042761.o (main)
build/cooja/contiki-ng-cooja.a(autostart.o)
                              build/cooja/contiki-ng-cooja.a(contiki-main.o) (autostart_start)
build/cooja/contiki-ng-cooja.a(ctimer.o)
                              build/cooja/contiki-ng-cooja.a(contiki-main.o) (ctimer_init)
build/cooja/contiki-ng-cooja.a(energest.o)
                              build/cooja/contiki-ng-cooja.a(contiki-main.o) (energest_init)
build/cooja/contiki-ng-cooja.a(etimer.o)
                              build/cooja/contiki-ng-cooja.a(contiki-main.o) (etimer_process)
build/cooja/contiki-ng-cooja.a(log.o)
                              build/cooja/contiki-ng-cooja.a(contiki-main.o) (curr_log_level_main)
build/cooja/contiki-ng-cooja.a(node-id.o)
                              build/cooja/contiki-ng-cooja.a(contiki-main.o) (node_id)
build/cooja/contiki-ng-cooja.a(process.o)
                              build/cooja/contiki-ng-cooja.a(coap-blocking-api.o) (process_current)
build/cooja/contiki-ng-cooja.a(rtimer.o)
[...]
Memory Configuration

Name             Origin             Length             Attributes
*default*        0x0000000000000000 0xffffffffffffffff

Linker script and memory map

LOAD /usr/lib/gcc/x86_64-linux-gnu/11/../../../x86_64-linux-gnu/crti.o
LOAD /usr/lib/gcc/x86_64-linux-gnu/11/crtbeginS.o
LOAD actuator.o
LOAD build/cooja/mtype625042761.o
LOAD build/cooja/contiki-ng-cooja.a
LOAD /usr/lib/gcc/x86_64-linux-gnu/11/libgcc.a
LOAD /usr/lib/gcc/x86_64-linux-gnu/11/libgcc_s.so
START GROUP
LOAD /usr/lib/gcc/x86_64-linux-gnu/11/../../../x86_64-linux-gnu/libgcc_s.so.1
LOAD /usr/lib/gcc/x86_64-linux-gnu/11/libgcc.a
END GROUP
LOAD /usr/lib/gcc/x86_64-linux-gnu/11/../../../x86_64-linux-gnu/libc.so
START GROUP
LOAD /lib/x86_64-linux-gnu/libc.so.6
LOAD /usr/lib/x86_64-linux-gnu/libc_nonshared.a
LOAD /lib64/ld-linux-x86-64.so.2
END GROUP
LOAD /usr/lib/gcc/x86_64-linux-gnu/11/libgcc.a
LOAD /usr/lib/gcc/x86_64-linux-gnu/11/libgcc_s.so
START GROUP
LOAD /usr/lib/gcc/x86_64-linux-gnu/11/../../../x86_64-linux-gnu/libgcc_s.so.1
LOAD /usr/lib/gcc/x86_64-linux-gnu/11/libgcc.a
END GROUP
LOAD /usr/lib/gcc/x86_64-linux-gnu/11/crtendS.o
LOAD /usr/lib/gcc/x86_64-linux-gnu/11/../../../x86_64-linux-gnu/crtn.o
                0x00000000000002a8                . = (SEGMENT_START ("text-segment", 0x0) + SIZEOF_HEADERS)

.note.gnu.property
                0x00000000000002a8       0x20
 .note.gnu.property
                0x00000000000002a8       0x20 /usr/lib/gcc/x86_64-linux-gnu/11/../../../x86_64-linux-gnu/crti.o

.note.gnu.build-id
                0x00000000000002c8       0x24
 *(.note.gnu.build-id)
 .note.gnu.build-id
                0x00000000000002c8       0x24 /usr/lib/gcc/x86_64-linux-gnu/11/../../../x86_64-linux-gnu/crti.o

.hash
 *(.hash)

.gnu.hash       0x00000000000002f0     0x15b8
 *(.gnu.hash)
 .gnu.hash      0x00000000000002f0     0x15b8 /usr/lib/gcc/x86_64-linux-gnu/11/../../../x86_64-linux-gnu/crti.o

.dynsym         0x00000000000018a8     0x46e0
 *(.dynsym)
 .dynsym        0x00000000000018a8     0x46e0 /usr/lib/gcc/x86_64-linux-gnu/11/../../../x86_64-linux-gnu/crti.o

.dynstr         0x0000000000005f88     0x372b
 *(.dynstr)
 .dynstr        0x0000000000005f88     0x372b /usr/lib/gcc/x86_64-linux-gnu/11/../../../x86_64-linux-gnu/crti.o

.gnu.version    0x00000000000096b4      0x5e8
 *(.gnu.version)
 .gnu.version   0x00000000000096b4      0x5e8 /usr/lib/gcc/x86_64-linux-gnu/11/../../../x86_64-linux-gnu/crti.o

.gnu.version_d  0x0000000000009ca0        0x0
 *(.gnu.version_d)
 .gnu.version_d
                0x0000000000009ca0        0x0 /usr/lib/gcc/x86_64-linux-gnu/11/../../../x86_64-linux-gnu/crti.o

.gnu.version_r  0x0000000000009ca0       0x50
 *(.gnu.version_r)
 .gnu.version_r
                0x0000000000009ca0       0x50 /usr/lib/gcc/x86_64-linux-gnu/11/../../../x86_64-linux-gnu/crti.o

.rela.dyn       0x0000000000009cf0     0x2190
 *(.rela.init)
 *(.rela.text .rela.text.* .rela.gnu.linkonce.t.*)
 .rela.text     0x0000000000009cf0        0x0 /usr/lib/gcc/x86_64-linux-gnu/11/../../../x86_64-linux-gnu/crti.o
 *(.rela.fini)
 *(.rela.rodata .rela.rodata.* .rela.gnu.linkonce.r.*)
 *(.rela.data .rela.data.* .rela.gnu.linkonce.d.*)
 .rela.data.rel.local
                0x0000000000009cf0      0x900 /usr/lib/gcc/x86_64-linux-gnu/11/../../../x86_64-linux-gnu/crti.o
 .rela.data.rel.ro
                0x000000000000a5f0      0x2a0 /usr/lib/gcc/x86_64-linux-gnu/11/../../../x86_64-linux-gnu/crti.o
 .rela.data.rel
                0x000000000000a890      0x3a8 /usr/lib/gcc/x86_64-linux-gnu/11/../../../x86_64-linux-gnu/crti.o
 .rela.data.rel.ro.local
                0x000000000000ac38      0x5e8 /usr/lib/gcc/x86_64-linux-gnu/11/../../../x86_64-linux-gnu/crti.o
 *(.rela.tdata .rela.tdata.* .rela.gnu.linkonce.td.*)
 *(.rela.tbss .rela.tbss.* .rela.gnu.linkonce.tb.*)
 *(.rela.ctors)
 *(.rela.dtors)
 *(.rela.got)
 .rela.got      0x000000000000b220      0xc30 /usr/lib/gcc/x86_64-linux-gnu/11/../../../x86_64-linux-gnu/crti.o
 *(.rela.bss .rela.bss.* .rela.gnu.linkonce.b.*)
 *(.rela.ldata .rela.ldata.* .rela.gnu.linkonce.l.*)
 *(.rela.lbss .rela.lbss.* .rela.gnu.linkonce.lb.*)
 *(.rela.lrodata .rela.lrodata.* .rela.gnu.linkonce.lr.*)
 *(.rela.ifunc)
 .rela.ifunc    0x000000000000be50        0x0 /usr/lib/gcc/x86_64-linux-gnu/11/../../../x86_64-linux-gnu/crti.o
 .rela.fini_array
                0x000000000000be50       0x18 /usr/lib/gcc/x86_64-linux-gnu/11/../../../x86_64-linux-gnu/crti.o
 .rela.init_array
                0x000000000000be68       0x18 /usr/lib/gcc/x86_64-linux-gnu/11/../../../x86_64-linux-gnu/crti.o

.rela.plt       0x000000000000be80     0x2580
 *(.rela.plt)
 .rela.plt      0x000000000000be80     0x2580 /usr/lib/gcc/x86_64-linux-gnu/11/../../../x86_64-linux-gnu/crti.o
 *(.rela.iplt)

.relr.dyn
 *(.relr.dyn)
                0x000000000000f000                . = ALIGN (CONSTANT (MAXPAGESIZE))

.init           0x000000000000f000       0x1b
 *(SORT_NONE(.init))
 .init          0x000000000000f000       0x16 /usr/lib/gcc/x86_64-linux-gnu/11/../../../x86_64-linux-gnu/crti.o
                0x000000000000f000                _init
 .init          0x000000000000f016        0x5 /usr/lib/gcc/x86_64-linux-gnu/11/../../../x86_64-linux-gnu/crtn.o

.plt            0x000000000000f020     0x1910
 *(.plt)
 .plt           0x000000000000f020     0x1910 /usr/lib/gcc/x86_64-linux-gnu/11/../../../x86_64-linux-gnu/crti.o
 *(.iplt)

.plt.got        0x0000000000010930       0x30
 *(.plt.got)
 .plt.got       0x0000000000010930       0x30 /usr/lib/gcc/x86_64-linux-gnu/11/../../../x86_64-linux-gnu/crti.o

.plt.sec        0x0000000000010960     0x1900
 *(.plt.sec)
 .plt.sec       0x0000000000010960     0x1900 /usr/lib/gcc/x86_64-linux-gnu/11/../../../x86_64-linux-gnu/crti.o

.text           0x0000000000012260    0x2003a
 *(.text.unlikely .text.*_unlikely .text.unlikely.*)
 *(.text.exit .text.exit.*)
 *(.text.startup .text.startup.*)
 *(.text.hot .text.hot.*)
 *(SORT_BY_NAME(.text.sorted.*))
 *(.text .stub .text.* .gnu.linkonce.t.*)
 .text          0x0000000000012260        0x0 /usr/lib/gcc/x86_64-linux-gnu/11/../../../x86_64-linux-gnu/crti.o
 .text          0x0000000000012260       0xb9 /usr/lib/gcc/x86_64-linux-gnu/11/crtbeginS.o
 .text          0x0000000000012319      0x318 actuator.o
                0x0000000000012319                client_chunk_handler
 .text          0x0000000000012631      0x374 build/cooja/mtype625042761.o
                0x00000000000126e7                platform_init_stage_one
                0x00000000000126fc                platform_init_stage_two
                0x0000000000012711                platform_init_stage_three
                0x0000000000012726                platform_main_loop
                0x00000000000127c0                JNI_OnLoad
                0x00000000000127d7                Java_org_contikios_cooja_corecomm_Lib16_init
                0x000000000001282a                Java_org_contikios_cooja_corecomm_Lib16_getMemory
                0x0000000000012889                Java_org_contikios_cooja_corecomm_Lib16_setMemory
                0x00000000000128e8                Java_org_contikios_cooja_corecomm_Lib16_tick
                0x0000000000012976                Java_org_contikios_cooja_corecomm_Lib16_setReferenceAddress
 .text          0x00000000000129a5       0x93 build/cooja/contiki-ng-cooja.a(simEnvChange.o)
                0x00000000000129a5                doActionsBeforeTick
                0x00000000000129ee                doActionsAfterTick
 .text          0x0000000000012a38       0xab build/cooja/contiki-ng-cooja.a(cooja_mt.o)
                0x0000000000012a38                cooja_mt_start
                0x0000000000012a78                cooja_mt_exec
                0x0000000000012abb                cooja_mt_yield
 .text          0x0000000000012ae3      0x10e build/cooja/contiki-ng-cooja.a(cooja_mtarch.o)
                0x0000000000012ae3                cooja_mtarch_start
                0x0000000000012b86                cooja_sw
                0x0000000000012bb3                cooja_mtarch_exec
                0x0000000000012be1                cooja_mtarch_yield
 .text          0x0000000000012bf1       0xcc build/cooja/contiki-ng-cooja.a(rtimer-arch.o)
                0x0000000000012bf1                rtimer_arch_init
                0x0000000000012c17                rtimer_arch_schedule
                0x0000000000012c41                rtimer_arch_next
                0x0000000000012c55                rtimer_arch_pending
                0x0000000000012c68                rtimer_arch_check
                0x0000000000012ca9                rtimer_arch_now
 .text          0x0000000000012cbd       0xe6 build/cooja/contiki-ng-cooja.a(beep.o)
                0x0000000000012cbd                beep_alarm
                0x0000000000012cd8                beep_beep
                0x0000000000012cf0                beep
                0x0000000000012d05                beep_down
                0x0000000000012d1d                beep_on
                0x0000000000012d32                beep_off
                0x0000000000012d47                beep_spinup
                0x0000000000012d5c                beep_quick
                0x0000000000012d74                beep_long
 .text          0x0000000000012da3       0x80 build/cooja/contiki-ng-cooja.a(leds-arch.o)
                0x0000000000012dbc                leds_arch_init
 .text          0x0000000000012e23       0x41 build/cooja/contiki-ng-cooja.a(moteid.o)
 .text          0x0000000000012e64       0xfa build/cooja/contiki-ng-cooja.a(pir-sensor.o)
 .text          0x0000000000012f5e      0x18b build/cooja/contiki-ng-cooja.a(rs232.o)
                0x0000000000012f5e                rs232_init
                0x0000000000012f69                rs232_set_speed
                0x0000000000012f79                rs232_set_input
                0x0000000000012f93                rs232_send
                0x0000000000012fb2                rs232_print
                0x0000000000012fe0                slip_arch_writeb
 .text          0x00000000000130e9       0xfa build/cooja/contiki-ng-cooja.a(vib-sensor.o)
 .text          0x00000000000131e3       0x6f build/cooja/contiki-ng-cooja.a(clock.o)
                0x00000000000131e3                clock_init
                0x00000000000131ee                clock_time
                0x0000000000013202                clock_seconds
                0x000000000001322e                clock_delay
 .text          0x0000000000013252      0x214 build/cooja/contiki-ng-cooja.a(cooja-log.o)
                0x0000000000013252                simlog_char
                0x00000000000132ac                simlog
                0x0000000000013331                log_message
                0x0000000000013376                log_set_putchar_with_slip
                0x000000000001338d                dbg_putchar
                0x000000000001340e                dbg_send_bytes
 .text          0x0000000000013466      0x39b build/cooja/contiki-ng-cooja.a(cfs-cooja.o)
                0x0000000000013466                cfs_open
                0x00000000000134e3                cfs_close
                0x00000000000134f8                cfs_read
                0x00000000000135bf                cfs_write
                0x00000000000136cf                cfs_seek
                0x000000000001377e                cfs_remove
                0x00000000000137ae                cfs_opendir
                0x00000000000137c5                cfs_readdir
                0x00000000000137dc                cfs_closedir
 .text          0x0000000000013801      0x79f build/cooja/contiki-ng-cooja.a(cooja-radio.o)
                0x0000000000013860                radio_set_channel
                0x000000000001387a                radio_set_txpower
                0x0000000000013897                radio_signal_strength_last
                0x00000000000138aa                radio_signal_strength_current
                0x00000000000138bd                radio_LQI
 .text          0x0000000000013fa0      0x163 build/cooja/contiki-ng-cooja.a(eeprom.o)
                0x0000000000013fa0                eeprom_init
                0x0000000000013faf                eeprom_read
                0x000000000001404e                eeprom_write
 .text          0x0000000000014103       0x2f build/cooja/contiki-ng-cooja.a(random.o)
                0x0000000000014103                random_init
                0x0000000000014123                random_rand
 .text          0x0000000000014132      0x35f build/cooja/contiki-ng-cooja.a(sensors.o)
                0x000000000001417b                sensors_first
                0x000000000001418f                sensors_next
                0x00000000000141be                sensors_changed
                0x000000000001420b                sensors_find
 .text          0x0000000000014491      0x3ad build/cooja/contiki-ng-cooja.a(leds.o)
                0x0000000000014491                leds_init
                0x00000000000144dc                leds_single_on
                0x0000000000014549                leds_single_off
                0x00000000000145b6                leds_single_toggle
                0x00000000000145ee                leds_on
                0x000000000001467f                leds_off
                0x0000000000014710                leds_toggle
                0x000000000001476c                leds_set
                0x0000000000014795                leds_get
 .text          0x000000000001483e      0x41b build/cooja/contiki-ng-cooja.a(gpio-hal-arch.o)
                0x000000000001483e                gpio_hal_arch_register_pin_callback
                0x00000000000148e5                gpio_hal_arch_init
                0x000000000001493b                gpio_hal_arch_no_port_interrupt_enable
                0x0000000000014988                gpio_hal_arch_no_port_interrupt_disable
                0x00000000000149d5                gpio_hal_arch_no_port_pin_cfg_set
                0x0000000000014a0b                gpio_hal_arch_no_port_pin_cfg_get
                0x0000000000014a3f                gpio_hal_arch_no_port_pin_set_input
                0x0000000000014a52                gpio_hal_arch_no_port_pin_set_output
                0x0000000000014a65                gpio_hal_arch_no_port_set_pin
                0x0000000000014a89                gpio_hal_arch_no_port_clear_pin
                0x0000000000014aad                gpio_hal_arch_no_port_read_pin
                0x0000000000014ada                gpio_hal_arch_no_port_write_pin
                0x0000000000014b04                gpio_hal_arch_no_port_set_pins
                0x0000000000014b53                gpio_hal_arch_no_port_clear_pins
                0x0000000000014ba2                gpio_hal_arch_no_port_read_pins
                0x0000000000014bf0                gpio_hal_arch_no_port_write_pins
 .text          0x0000000000014c59       0xa8 build/cooja/contiki-ng-cooja.a(buttons.o)
 .text          0x0000000000014d01      0x616 build/cooja/contiki-ng-cooja.a(fan-speed.o)
 .text          0x0000000000015317      0x2fe build/cooja/contiki-ng-cooja.a(nitrogen.o)
 .text          0x0000000000015615      0x2e0 build/cooja/contiki-ng-cooja.a(coap-blocking-api.o)
                0x0000000000015615                coap_blocking_request_callback
                0x0000000000015650                coap_blocking_request
 .text          0x00000000000158f5      0xdaa build/cooja/contiki-ng-cooja.a(coap-engine.o)
                0x00000000000159c4                coap_add_handler
                0x00000000000159ed                coap_remove_handler
                0x0000000000015a16                coap_call_handlers
                0x0000000000015b57                coap_receive
                0x000000000001620d                coap_engine_init
                0x000000000001626d                coap_activate_resource
                0x000000000001633e                coap_get_first_resource
                0x0000000000016357                coap_get_next_resource
 .text          0x000000000001669f      0xa9c build/cooja/contiki-ng-cooja.a(coap-observe.o)
                0x00000000000167f0                coap_remove_observer
                0x000000000001682f                coap_remove_observer_by_client
                0x00000000000168a5                coap_remove_observer_by_token
                0x0000000000016953                coap_remove_observer_by_uri
                0x0000000000016a10                coap_remove_observer_by_mid
                0x0000000000016a9a                coap_notify_observers
                0x0000000000016abe                coap_notify_observers_sub
                0x0000000000016f70                coap_observe_handler
                0x00000000000170c4                coap_has_observers
 .text          0x000000000001713b      0x376 build/cooja/contiki-ng-cooja.a(coap-res-well-known-core.o)
 .text          0x00000000000174b1      0x322 build/cooja/contiki-ng-cooja.a(coap-timer.o)
                0x00000000000175c3                coap_timer_stop
                0x00000000000175f9                coap_timer_set
                0x0000000000017630                coap_timer_reset
                0x000000000001766a                coap_timer_time_to_next_expiration
                0x00000000000176c3                coap_timer_run
                0x000000000001778a                coap_timer_init
 .text          0x00000000000177d3      0x33a build/cooja/contiki-ng-cooja.a(coap-transactions.o)
                0x0000000000017865                coap_new_transaction
                0x00000000000178dc                coap_send_transaction
                0x0000000000017a5b                coap_clear_transaction
                0x0000000000017ab1                coap_get_transaction_by_mid
 .text          0x0000000000017b0d      0x8b4 build/cooja/contiki-ng-cooja.a(coap-uip.o)
                0x0000000000017b0d                coap_endpoint_log
                0x0000000000017ba9                coap_endpoint_print
                0x0000000000017c45                coap_endpoint_snprint
                0x0000000000017dcb                coap_endpoint_copy
                0x0000000000017e13                coap_endpoint_cmp
                0x0000000000017f68                coap_endpoint_parse
                0x0000000000018197                coap_endpoint_is_secure
                0x00000000000181b0                coap_endpoint_is_connected
                0x00000000000181f6                coap_endpoint_connect
                0x000000000001821c                coap_endpoint_disconnect
                0x000000000001822b                coap_databuf
                0x000000000001823f                coap_transport_init
                0x000000000001829f                coap_sendto
 .text          0x00000000000183c1     0x24a7 build/cooja/contiki-ng-cooja.a(coap.o)
                0x0000000000018a99                coap_init_connection
                0x0000000000018ab0                coap_get_mid
                0x0000000000018ad2                coap_init_message
                0x0000000000018b28                coap_serialize_message
                0x00000000000192b1                coap_parse_message
                0x0000000000019ae5                coap_get_query_variable
                0x0000000000019b41                coap_get_post_variable
                0x0000000000019b9b                coap_set_status_code
                0x0000000000019bcd                coap_set_token
                0x0000000000019c2d                coap_get_header_content_format
                0x0000000000019c75                coap_set_header_content_format
                0x0000000000019cad                coap_get_header_accept
                0x0000000000019cf8                coap_set_header_accept
                0x0000000000019d33                coap_get_header_max_age
                0x0000000000019d7c                coap_set_header_max_age
                0x0000000000019db1                coap_get_header_etag
                0x0000000000019dfd                coap_set_header_etag
                0x0000000000019e6e                coap_get_header_if_match
                0x0000000000019ec0                coap_set_header_if_match
                0x0000000000019f3d                coap_get_header_if_none_match
                0x0000000000019f68                coap_set_header_if_none_match
                0x0000000000019f90                coap_get_header_proxy_uri
                0x0000000000019fd9                coap_set_header_proxy_uri
                0x000000000001a028                coap_get_header_uri_host
                0x000000000001a071                coap_set_header_uri_host
                0x000000000001a0c0                coap_get_header_uri_path
                0x000000000001a10f                coap_set_header_uri_path
                0x000000000001a179                coap_get_header_uri_query
                0x000000000001a1c8                coap_set_header_uri_query
                0x000000000001a232                coap_get_header_location_path
                0x000000000001a27b                coap_set_header_location_path
                0x000000000001a331                coap_get_header_location_query
                0x000000000001a380                coap_set_header_location_query
                0x000000000001a3ea                coap_get_header_observe
                0x000000000001a433                coap_set_header_observe
                0x000000000001a46b                coap_get_header_block2
                0x000000000001a50d                coap_set_header_block2
                0x000000000001a59d                coap_get_header_block1
                0x000000000001a63f                coap_set_header_block1
                0x000000000001a6ca                coap_get_header_size2
                0x000000000001a711                coap_set_header_size2
                0x000000000001a749                coap_get_header_size1
                0x000000000001a790                coap_set_header_size1
                0x000000000001a7c8                coap_get_payload
                0x000000000001a818                coap_set_payload
 .text          0x000000000001a868      0x405 build/cooja/contiki-ng-cooja.a(contiki-main.o)
                0x000000000001a868                main
 .text          0x000000000001ac6d       0xbd build/cooja/contiki-ng-cooja.a(autostart.o)
                0x000000000001ac6d                autostart_start
                0x000000000001acce                autostart_exit
 .text          0x000000000001ad2a      0x441 build/cooja/contiki-ng-cooja.a(ctimer.o)
                0x000000000001ae8c                ctimer_init
                0x000000000001aec1                ctimer_set
                0x000000000001af05                ctimer_set_with_process
                0x000000000001afbf                ctimer_reset
                0x000000000001b030                ctimer_restart
                0x000000000001b0a1                ctimer_stop
                0x000000000001b0ff                ctimer_expired
 .text          0x000000000001b16b       0x25 build/cooja/contiki-ng-cooja.a(energest.o)
                0x000000000001b16b                energest_init
                0x000000000001b176                energest_flush
                0x000000000001b181                energest_get_total_time
 .text          0x000000000001b190      0x57c build/cooja/contiki-ng-cooja.a(etimer.o)
                0x000000000001b438                etimer_request_poll
                0x000000000001b4ea                etimer_set
                0x000000000001b520                etimer_reset_with_new_interval
                0x000000000001b55b                etimer_reset
                0x000000000001b586                etimer_restart
                0x000000000001b5b1                etimer_adjust
                0x000000000001b5e2                etimer_expired
                0x000000000001b601                etimer_expiration_time
                0x000000000001b621                etimer_start_time
                0x000000000001b636                etimer_pending
                0x000000000001b650                etimer_next_expiration_time
                0x000000000001b671                etimer_stop
 .text          0x000000000001b70c      0x539 build/cooja/contiki-ng-cooja.a(log.o)
                0x000000000001b70c                log_6addr
                0x000000000001b772                log_6addr_compact_snprint
                0x000000000001b84d                log_6addr_compact
                0x000000000001b8b3                log_lladdr
                0x000000000001b933                log_lladdr_compact
                0x000000000001b9b5                log_bytes
                0x000000000001ba15                log_set_level
                0x000000000001bb23                log_get_level
                0x000000000001bbda                log_level_to_str
 .text          0x000000000001bc45       0x36 build/cooja/contiki-ng-cooja.a(node-id.o)
                0x000000000001bc45                node_id_init
 .text          0x000000000001bc7b      0x673 build/cooja/contiki-ng-cooja.a(process.o)
                0x000000000001bc7b                process_alloc_event
                0x000000000001bc95                process_start
                0x000000000001bf05                process_exit
                0x000000000001bf31                process_init
                0x000000000001c128                process_run
                0x000000000001c15d                process_nevents
                0x000000000001c17d                process_post
                0x000000000001c245                process_post_synch
                0x000000000001c293                process_poll
                0x000000000001c2d0                process_is_running
 .text          0x000000000001c2ee      0x101 build/cooja/contiki-ng-cooja.a(rtimer.o)
                0x000000000001c2ee                rtimer_init
                0x000000000001c2fe                rtimer_set
                0x000000000001c37f                rtimer_run_next
 .text          0x000000000001c3ef       0xfd build/cooja/contiki-ng-cooja.a(timer.o)
                0x000000000001c3ef                timer_set
                0x000000000001c41e                timer_reset
                0x000000000001c45a                timer_restart
                0x000000000001c479                timer_expired
                0x000000000001c4b4                timer_remaining
 .text          0x000000000001c4ec      0x39b build/cooja/contiki-ng-cooja.a(list.o)
                0x000000000001c4ec                list_init
                0x000000000001c506                list_head
                0x000000000001c51b                list_copy
                0x000000000001c53c                list_tail
                0x000000000001c585                list_add
                0x000000000001c5e9                list_push
                0x000000000001c62c                list_chop
                0x000000000001c6b9                list_pop
                0x000000000001c6f3                list_remove
                0x000000000001c77f                list_length
                0x000000000001c7ba                list_insert
                0x000000000001c81d                list_item_next
                0x000000000001c840                list_contains
 .text          0x000000000001c887      0x21a build/cooja/contiki-ng-cooja.a(memb.o)
                0x000000000001c887                memb_init
                0x000000000001c8ea                memb_alloc
                0x000000000001c964                memb_free
                0x000000000001c9f7                memb_inmemb
                0x000000000001ca4e                memb_numfree
 .text          0x000000000001caa1      0x574 build/cooja/contiki-ng-cooja.a(button-hal.o)
                0x000000000001cc6c                button_hal_get_by_id
                0x000000000001ccba                button_hal_get_by_index
                0x000000000001ccf1                button_hal_get_state
                0x000000000001cd54                button_hal_init
 .text          0x000000000001d015      0x181 build/cooja/contiki-ng-cooja.a(gpio-hal.o)
                0x000000000001d015                gpio_hal_register_handler
                0x000000000001d03e                gpio_hal_event_handler
                0x000000000001d0a9                gpio_hal_init
                0x000000000001d0c8                gpio_hal_arch_port_toggle_pin
                0x000000000001d0ff                gpio_hal_arch_port_toggle_pins
                0x000000000001d130                gpio_hal_arch_no_port_toggle_pin
                0x000000000001d16a                gpio_hal_arch_no_port_toggle_pins
 .text          0x000000000001d196      0x238 build/cooja/contiki-ng-cooja.a(serial-line.o)
                0x000000000001d196                serial_line_input_byte
                0x000000000001d391                serial_line_init
 .text          0x000000000001d3ce       0x80 build/cooja/contiki-ng-cooja.a(linkaddr.o)
                0x000000000001d3ce                linkaddr_copy
                0x000000000001d3ef                linkaddr_cmp
                0x000000000001d425                linkaddr_set_node_addr
 .text          0x000000000001d44e      0x12b build/cooja/contiki-ng-cooja.a(netstack.o)
                0x000000000001d44e                netstack_process_ip_callback
                0x000000000001d4ef                netstack_ip_packet_processor_add
                0x000000000001d51f                uip_ds6_ip_packet_processor_rm
                0x000000000001d548                netstack_init
 .text          0x000000000001d579      0x4a8 build/cooja/contiki-ng-cooja.a(packetbuf.o)
                0x000000000001d579                packetbuf_clear
                0x000000000001d5a7                packetbuf_copyfrom
                0x000000000001d600                packetbuf_copyto
                0x000000000001d6a6                packetbuf_hdralloc
                0x000000000001d735                packetbuf_hdrreduce
                0x000000000001d785                packetbuf_set_datalen
                0x000000000001d7a1                packetbuf_dataptr
                0x000000000001d7c6                packetbuf_hdrptr
                0x000000000001d7d7                packetbuf_datalen
                0x000000000001d7e8                packetbuf_hdrlen
                0x000000000001d804                packetbuf_totlen
                0x000000000001d826                packetbuf_remaininglen
                0x000000000001d83e                packetbuf_attr_clear
                0x000000000001d8a3                packetbuf_attr_copyto
                0x000000000001d8ee                packetbuf_attr_copyfrom
                0x000000000001d939                packetbuf_set_attr
                0x000000000001d969                packetbuf_attr
                0x000000000001d98a                packetbuf_set_addr
                0x000000000001d9d0                packetbuf_addr
                0x000000000001d9fa                packetbuf_holds_broadcast
 .text          0x000000000001da21      0x382 build/cooja/contiki-ng-cooja.a(queuebuf.o)
                0x000000000001da36                queuebuf_init
                0x000000000001da5f                queuebuf_numfree
                0x000000000001da78                queuebuf_new_from_packetbuf
                0x000000000001db2b                queuebuf_update_attr_from_packetbuf
                0x000000000001db6e                queuebuf_update_from_packetbuf
                0x000000000001dbca                queuebuf_free
                0x000000000001dc26                queuebuf_to_packetbuf
                0x000000000001dc9f                queuebuf_dataptr
                0x000000000001dce6                queuebuf_datalen
                0x000000000001dd16                queuebuf_addr
                0x000000000001dd5d                queuebuf_attr
                0x000000000001dd98                queuebuf_debug_print
 .text          0x000000000001dda3      0x116 build/cooja/contiki-ng-cooja.a(printf.o)
                0x000000000001ddd8                log_printf
 .text          0x000000000001deb9       0x1e build/cooja/contiki-ng-cooja.a(putchar.o)
                0x000000000001deb9                log_putchar
 .text          0x000000000001ded7       0x3d build/cooja/contiki-ng-cooja.a(puts.o)
                0x000000000001ded7                log_puts
 .text          0x000000000001df14      0x1f8 build/cooja/contiki-ng-cooja.a(snprintf.o)
                0x000000000001df9f                log_snprintf
                0x000000000001e084                log_vsnprintf
 .text          0x000000000001e10c      0x152 build/cooja/contiki-ng-cooja.a(sprintf.o)
                0x000000000001e157                log_sprintf
 .text          0x000000000001e25e     0x170b build/cooja/contiki-ng-cooja.a(strformat.o)
                0x000000000001e5d1                format_str
                0x000000000001e6b2                format_str_v
 .text          0x000000000001f969      0x292 build/cooja/contiki-ng-cooja.a(csma.o)
 .text          0x000000000001fbfb     0x3747 build/cooja/contiki-ng-cooja.a(sicslowpan.o)
                0x00000000000203d1                netstack_sniffer_add
                0x00000000000203eb                netstack_sniffer_remove
                0x000000000002330b                sicslowpan_init
                0x0000000000023332                sicslowpan_get_last_rssi
 .text          0x0000000000023342      0x884 build/cooja/contiki-ng-cooja.a(tcpip.o)
                0x0000000000023372                tcpip_output
                0x000000000002340a                udp_attach
                0x0000000000023438                udp_new
                0x0000000000023493                udp_broadcast_new
                0x0000000000023647                tcpip_input
                0x000000000002381f                tcpip_ipv6_output
                0x0000000000023a78                tcpip_poll_udp
                0x0000000000023aa6                tcpip_uipcall
 .text          0x0000000000023bc6      0x416 build/cooja/contiki-ng-cooja.a(uip-ds6-nbr.o)
                0x0000000000023bc6                uip_ds6_neighbors_init
                0x0000000000023bef                uip_ds6_nbr_add
                0x0000000000023c8d                uip_ds6_nbr_rm
                0x0000000000023cea                uip_ds6_nbr_update_ll
                0x0000000000023def                uip_ds6_nbr_get_ipaddr
                0x0000000000023e0f                uip_ds6_nbr_get_ll
                0x0000000000023e37                uip_ds6_nbr_num
                0x0000000000023e89                uip_ds6_nbr_head
                0x0000000000023ea2                uip_ds6_nbr_next
                0x0000000000023eca                uip_ds6_nbr_lookup
                0x0000000000023f33                uip_ds6_nbr_ll_lookup
                0x0000000000023f5b                uip_ds6_nbr_ipaddr_from_lladdr
                0x0000000000023f8f                uip_ds6_nbr_lladdr_from_ipaddr
                0x0000000000023fcb                uip_ds6_link_callback
 .text          0x0000000000023fdc      0x3f9 build/cooja/contiki-ng-cooja.a(uip-ds6-route.o)
                0x0000000000024033                uip_ds6_route_init
                0x000000000002405c                uip_ds6_route_count_nexthop_neighbors
                0x000000000002406b                uip_ds6_route_nexthop
                0x000000000002407e                uip_ds6_route_head
                0x000000000002408d                uip_ds6_route_next
                0x00000000000240a0                uip_ds6_route_is_nexthop
                0x00000000000240b3                uip_ds6_route_num_routes
                0x00000000000240c2                uip_ds6_route_lookup
                0x00000000000240d5                uip_ds6_route_add
                0x00000000000240f1                uip_ds6_route_rm
                0x0000000000024100                uip_ds6_route_rm_by_nexthop
                0x000000000002410f                uip_ds6_defrt_head
                0x0000000000024128                uip_ds6_defrt_add
                0x00000000000241e8                uip_ds6_defrt_rm
                0x000000000002425e                uip_ds6_defrt_lookup
                0x00000000000242d5                uip_ds6_defrt_choose
                0x0000000000024358                uip_ds6_defrt_periodic
 .text          0x00000000000243d5      0xebc build/cooja/contiki-ng-cooja.a(uip-ds6.o)
                0x00000000000243d5                uip_ds6_default_prefix
                0x00000000000243e6                uip_ds6_set_default_prefix
                0x000000000002440e                uip_ds6_init
                0x00000000000246ad                uip_ds6_periodic
                0x000000000002474f                uip_ds6_list_loop
                0x0000000000024838                uip_ds6_prefix_add
                0x0000000000024909                uip_ds6_prefix_rm
                0x0000000000024927                uip_ds6_prefix_lookup
                0x000000000002497e                uip_ds6_is_addr_onlink
                0x0000000000024a12                uip_ds6_addr_add
                0x0000000000024b5d                uip_ds6_addr_rm
                0x0000000000024c18                uip_ds6_addr_lookup
                0x0000000000024c6d                uip_ds6_get_link_local
                0x0000000000024d12                uip_ds6_get_global
                0x0000000000024db7                uip_ds6_maddr_add
                0x0000000000024e33                uip_ds6_maddr_rm
                0x0000000000024e51                uip_ds6_maddr_lookup
                0x0000000000024ea9                uip_ds6_aaddr_add
                0x0000000000024f25                uip_ds6_aaddr_rm
                0x0000000000024f43                uip_ds6_aaddr_lookup
                0x0000000000024f9b                uip_ds6_select_src
                0x0000000000025125                uip_ds6_set_addr_iid
                0x000000000002515e                uip_ds6_set_lladdr_from_iid
                0x0000000000025195                get_match_length
                0x0000000000025243                uip_ds6_compute_reachable_time
 .text          0x0000000000025291      0x1b9 build/cooja/contiki-ng-cooja.a(uip-packetqueue.o)
                0x00000000000252d0                uip_packetqueue_new
                0x00000000000252ea                uip_packetqueue_alloc
                0x0000000000025364                uip_packetqueue_free
                0x00000000000253bc                uip_packetqueue_buf
                0x00000000000253e8                uip_packetqueue_buflen
                0x0000000000025417                uip_packetqueue_set_buflen
 .text          0x000000000002544a      0x147 build/cooja/contiki-ng-cooja.a(uip-udp-packet.o)
                0x000000000002544a                uip_udp_packet_send
                0x00000000000254cc                uip_udp_packet_sendto
 .text          0x0000000000025591     0x1701 build/cooja/contiki-ng-cooja.a(uip6.o)
                0x0000000000025655                uip_chksum
                0x000000000002573b                uip_icmp6chksum
                0x000000000002574f                uip_udpchksum
                0x0000000000025763                uip_init
                0x00000000000257ca                uip_remove_ext_hdr
                0x00000000000258cb                uip_udp_new
                0x0000000000025c79                uip_process
                0x0000000000026b18                uip_htons
                0x0000000000026b3b                uip_htonl
                0x0000000000026b83                uip_send
 .text          0x0000000000026c92      0x5b1 build/cooja/contiki-ng-cooja.a(uipbuf.o)
                0x0000000000026c92                uipbuf_clear
                0x0000000000026cc4                uipbuf_add_ext_hdr
                0x0000000000026d5c                uipbuf_set_len
                0x0000000000026d8e                uipbuf_set_len_field
                0x0000000000026dc1                uipbuf_get_len_field
                0x0000000000026dec                uipbuf_get_next_header
                0x0000000000026f5e                uipbuf_get_last_header
                0x0000000000026ff1                uipbuf_search_header
                0x00000000000270b8                uipbuf_get_attr
                0x00000000000270e9                uipbuf_set_attr
                0x0000000000027129                uipbuf_set_default_attr
                0x0000000000027169                uipbuf_clear_attr
                0x0000000000027190                uipbuf_set_attr_flag
                0x00000000000271b3                uipbuf_clr_attr_flag
                0x00000000000271dc                uipbuf_is_attr_flag
                0x0000000000027201                uipbuf_init
 .text          0x0000000000027243      0x57d build/cooja/contiki-ng-cooja.a(uiplib.o)
                0x0000000000027243                uiplib_ip6addrconv
                0x000000000002741f                uiplib_ip4addrconv
                0x00000000000274f1                uiplib_ipaddr_print
                0x0000000000027557                uiplib_ipaddr_snprint
 .text          0x00000000000277c0      0x66e build/cooja/contiki-ng-cooja.a(rpl.o)
                0x00000000000277c0                rpl_lollipop_greater_than
                0x0000000000027824                rpl_get_global_address
                0x00000000000279c4                rpl_link_callback
                0x0000000000027a2e                rpl_has_joined
                0x0000000000027a61                rpl_is_reachable
                0x0000000000027b07                rpl_reset_prefix
                0x0000000000027b7e                rpl_set_prefix_from_addr
                0x0000000000027c99                rpl_set_prefix
                0x0000000000027e03                rpl_set_leaf_only
                0x0000000000027e1d                rpl_get_leaf_only
 .text          0x0000000000027e2e       0x49 build/cooja/contiki-ng-cooja.a(watchdog.o)
                0x0000000000027e2e                watchdog_init
                0x0000000000027e39                watchdog_start
                0x0000000000027e44                watchdog_periodic
                0x0000000000027e61                watchdog_stop
                0x0000000000027e6c                watchdog_reboot
 .text          0x0000000000027e77       0x61 build/cooja/contiki-ng-cooja.a(int-master.o)
                0x0000000000027e77                int_master_enable
                0x0000000000027e8c                int_master_read_and_disable
                0x0000000000027eac                int_master_status_set
                0x0000000000027ec3                int_master_is_enabled
 .text          0x0000000000027ed8      0x1e5 build/cooja/contiki-ng-cooja.a(coap-timer-default.o)
 .text          0x00000000000280bd      0x125 build/cooja/contiki-ng-cooja.a(stimer.o)
                0x00000000000280bd                stimer_set
                0x00000000000280ec                stimer_reset
                0x0000000000028128                stimer_restart
                0x0000000000028147                stimer_expired
                0x0000000000028189                stimer_remaining
                0x00000000000281c1                stimer_elapsed
 .text          0x00000000000281e2      0x19d build/cooja/contiki-ng-cooja.a(ringbuf.o)
                0x00000000000281e2                ringbuf_init
                0x0000000000028223                ringbuf_put
                0x00000000000282b2                ringbuf_get
                0x0000000000028330                ringbuf_size
                0x000000000002834c                ringbuf_elements
 .text          0x000000000002837f      0x481 build/cooja/contiki-ng-cooja.a(link-stats.o)
                0x000000000002837f                link_stats_from_lladdr
                0x00000000000283a7                link_stats_get_lladdr
                0x00000000000283cf                link_stats_is_fresh
                0x0000000000028417                guess_etx_from_rssi
                0x000000000002849c                link_stats_packet_sent
                0x0000000000028600                link_stats_input_callback
                0x0000000000028762                link_stats_reset
                0x00000000000287be                link_stats_init
 .text          0x0000000000028800      0xcb3 build/cooja/contiki-ng-cooja.a(nbr-table.o)
                0x0000000000028c5e                nbr_table_count_entries
                0x0000000000028d00                nbr_table_gc_get_worst
                0x0000000000028d43                nbr_table_can_accept_new
                0x0000000000028ef8                nbr_table_entry_is_allowed
                0x0000000000028fa5                nbr_table_register
                0x0000000000029037                nbr_table_is_registered
                0x000000000002908e                nbr_table_head
                0x00000000000290fc                nbr_table_next
                0x0000000000029179                nbr_table_add_lladdr
                0x00000000000292d9                nbr_table_get_from_lladdr
                0x0000000000029338                nbr_table_remove
                0x0000000000029392                nbr_table_lock
                0x00000000000293c7                nbr_table_unlock
                0x00000000000293fc                nbr_table_get_lladdr
                0x000000000002943f                nbr_table_clear
                0x000000000002947c                nbr_table_key_head
                0x0000000000029495                nbr_table_key_next
 .text          0x00000000000294b3      0x1e0 build/cooja/contiki-ng-cooja.a(mac-sequence.o)
                0x00000000000294b3                mac_sequence_is_duplicate
                0x0000000000029594                mac_sequence_register_seqno
 .text          0x0000000000029693      0x451 build/cooja/contiki-ng-cooja.a(framer-802154.o)
                0x000000000002982e                framer_802154_setup_params
 .text          0x0000000000029ae4      0xae3 build/cooja/contiki-ng-cooja.a(csma-output.o)
                0x000000000002a2c6                csma_output_packet
                0x000000000002a58f                csma_output_init
 .text          0x000000000002a5c7       0x3d build/cooja/contiki-ng-cooja.a(csma-security.o)
                0x000000000002a5c7                csma_security_create_frame
                0x000000000002a5ed                csma_security_parse_frame
 .text          0x000000000002a604      0x8b7 build/cooja/contiki-ng-cooja.a(uip-icmp6.o)
                0x000000000002a681                uip_icmp6_input
                0x000000000002a6df                uip_icmp6_register_input_handler
                0x000000000002a871                uip_icmp6_error_output
                0x000000000002abd6                uip_icmp6_send
                0x000000000002ae22                uip_icmp6_echo_reply_callback_add
                0x000000000002ae69                uip_icmp6_echo_reply_callback_rm
                0x000000000002ae92                uip_icmp6_init
 .text          0x000000000002aebb      0x87f build/cooja/contiki-ng-cooja.a(uip-nd6.o)
                0x000000000002b720                uip_nd6_init
 .text          0x000000000002b73a      0x7e7 build/cooja/contiki-ng-cooja.a(uip-sr.o)
                0x000000000002b73a                uip_sr_num_nodes
                0x000000000002b7e5                uip_sr_get_node
                0x000000000002b84d                uip_sr_is_addr_reachable
                0x000000000002b915                uip_sr_expire_parent
                0x000000000002b984                uip_sr_update_node
                0x000000000002baf8                uip_sr_init
                0x000000000002bb2b                uip_sr_node_head
                0x000000000002bb44                uip_sr_node_next
                0x000000000002bb62                uip_sr_periodic
                0x000000000002bc9e                uip_sr_free_all
                0x000000000002bd1d                uip_sr_link_snprint
 .text          0x000000000002bf21      0x35a build/cooja/contiki-ng-cooja.a(rpl-dag-root.o)
                0x000000000002bf21                rpl_dag_root_print_links
                0x000000000002c096                rpl_dag_root_set_prefix
                0x000000000002c0d2                rpl_dag_root_start
                0x000000000002c23b                rpl_dag_root_is_root
 .text          0x000000000002c27b     0x1219 build/cooja/contiki-ng-cooja.a(rpl-dag.o)
                0x000000000002c27b                rpl_dag_state_to_str
                0x000000000002c2d9                rpl_dag_get_root_ipaddr
                0x000000000002c323                rpl_dag_leave
                0x000000000002c3ce                rpl_dag_poison_and_leave
                0x000000000002c3ec                rpl_dag_periodic
                0x000000000002c4b0                rpl_is_addr_in_our_dag
                0x000000000002c50c                rpl_get_default_instance
                0x000000000002c533                rpl_get_any_dag
                0x000000000002c5a0                rpl_refresh_routes
                0x000000000002c602                rpl_global_repair
                0x000000000002c6c4                rpl_local_repair
                0x000000000002c726                rpl_dag_ready_to_advertise
                0x000000000002c77e                rpl_dag_update_state
                0x000000000002d041                rpl_process_dio
                0x000000000002d0e3                rpl_process_dis
                0x000000000002d137                rpl_process_dao
                0x000000000002d1e0                rpl_process_dao_ack
                0x000000000002d290                rpl_process_hbh
                0x000000000002d2ef                rpl_dag_init_root
                0x000000000002d470                rpl_dag_init
 .text          0x000000000002d494      0xdef build/cooja/contiki-ng-cooja.a(rpl-ext-header.o)
                0x000000000002d494                rpl_ext_header_srh_get_next_hop
                0x000000000002d5a5                rpl_ext_header_srh_update
                0x000000000002dc34                rpl_ext_header_hbh_update
                0x000000000002dfd4                rpl_ext_header_update
                0x000000000002e07e                rpl_ext_header_remove
 .text          0x000000000002e283     0x16eb build/cooja/contiki-ng-cooja.a(rpl-icmp6.o)
                0x000000000002e417                rpl_icmp6_update_nbr_table
                0x000000000002e4cc                rpl_icmp6_dis_output
                0x000000000002ebf0                rpl_icmp6_dio_output
                0x000000000002f520                rpl_icmp6_dao_output
                0x000000000002f891                rpl_icmp6_dao_ack_output
                0x000000000002f927                rpl_icmp6_init
 .text          0x000000000002f96e      0x36f build/cooja/contiki-ng-cooja.a(rpl-mrhof.o)
 .text          0x000000000002fcdd       0x8c build/cooja/contiki-ng-cooja.a(rpl-nbr-policy.o)
                0x000000000002fd25                rpl_nbr_gc_get_worst
 .text          0x000000000002fd69      0xadd build/cooja/contiki-ng-cooja.a(rpl-neighbor.o)
                0x000000000002fdfc                rpl_neighbor_snprint
                0x000000000003012a                rpl_neighbor_print_list
                0x0000000000030201                rpl_neighbor_count
                0x00000000000302ec                rpl_neighbor_get_from_lladdr
                0x0000000000030317                rpl_neighbor_is_acceptable_parent
                0x0000000000030363                rpl_neighbor_get_link_metric
                0x00000000000303af                rpl_neighbor_rank_via_nbr
                0x00000000000303fb                rpl_neighbor_get_lladdr
                0x0000000000030426                rpl_neighbor_get_ipaddr
                0x0000000000030454                rpl_neighbor_get_link_stats
                0x0000000000030482                rpl_neighbor_is_fresh
                0x00000000000304b0                rpl_neighbor_is_parent
                0x00000000000304e9                rpl_neighbor_set_preferred_parent
                0x00000000000305a0                rpl_neighbor_remove_all
                0x0000000000030606                rpl_neighbor_get_from_ipaddr
                0x000000000003073f                rpl_neighbor_select_best
                0x000000000003081f                rpl_neighbor_init
 .text          0x0000000000030846      0xd3d build/cooja/contiki-ng-cooja.a(rpl-timers.o)
                0x0000000000030846                rpl_timers_schedule_periodic_dis
                0x00000000000309fc                rpl_timers_dio_reset
                0x0000000000030b80                rpl_timers_schedule_unicast_dio
                0x0000000000030d67                rpl_timers_schedule_dao
                0x0000000000030e6d                rpl_timers_schedule_dao_ack
                0x0000000000030f32                rpl_timers_notify_dao_ack
                0x0000000000030fa7                get_probing_delay
                0x0000000000030fee                get_probing_target
                0x000000000003122c                rpl_schedule_probing
                0x0000000000031273                rpl_schedule_probing_now
                0x0000000000031301                rpl_timers_unschedule_leaving
                0x000000000003134b                rpl_timers_schedule_leaving
                0x00000000000313a9                rpl_timers_init
                0x000000000003145b                rpl_timers_stop_dag_timers
                0x00000000000314fd                rpl_timers_unschedule_state_update
                0x000000000003152a                rpl_timers_schedule_state_update
 .text          0x0000000000031583       0x34 build/cooja/contiki-ng-cooja.a(assert.o)
                0x0000000000031583                _xassert
 .text          0x00000000000315b7       0x3a build/cooja/contiki-ng-cooja.a(mac.o)
                0x00000000000315b7                mac_call_sent_callback
 .text          0x00000000000315f1      0xca9 build/cooja/contiki-ng-cooja.a(frame802154.o)
                0x000000000003161f                frame802154_get_pan_id
                0x0000000000031630                frame802154_set_pan_id
                0x000000000003164c                frame802154_has_panid
                0x000000000003182b                frame802154_check_dest_panid
                0x00000000000318c9                frame802154_is_broadcast_addr
                0x0000000000031920                frame802154_extract_linkaddr
                0x0000000000031bba                frame802154_hdrlen
                0x0000000000031c39                frame802154_create_fcf
                0x0000000000031d0b                frame802154_create
                0x0000000000031eb5                frame802154_parse_fcf
                0x0000000000031fac                frame802154_parse
 .text          0x000000000003229a        0x0 /usr/lib/gcc/x86_64-linux-gnu/11/crtendS.o
 .text          0x000000000003229a        0x0 /usr/lib/gcc/x86_64-linux-gnu/11/../../../x86_64-linux-gnu/crtn.o
 *(.gnu.warning)

.fini           0x000000000003229c        0xd
 *(SORT_NONE(.fini))
 .fini          0x000000000003229c        0x8 /usr/lib/gcc/x86_64-linux-gnu/11/../../../x86_64-linux-gnu/crti.o
                0x000000000003229c                _fini
 .fini          0x00000000000322a4        0x5 /usr/lib/gcc/x86_64-linux-gnu/11/../../../x86_64-linux-gnu/crtn.o
                [!provide]                        PROVIDE (__etext = .)
                [!provide]                        PROVIDE (_etext = .)
                [!provide]                        PROVIDE (etext = .)
                0x0000000000033000                . = ALIGN (CONSTANT (MAXPAGESIZE))
                0x0000000000033000                . = SEGMENT_START ("rodata-segment", (ALIGN (CONSTANT (MAXPAGESIZE)) + (. & (CONSTANT (MAXPAGESIZE) - 0x1))))

.rodata         0x0000000000033000      0xd4d
 *(.rodata .rodata.* .gnu.linkonce.r.*)
 .rodata        0x0000000000033000      0x121 actuator.o
 .rodata        0x0000000000033121        0x6 build/cooja/contiki-ng-cooja.a(leds-arch.o)
                0x0000000000033121                leds_arch_leds
 .rodata        0x0000000000033127        0x4 build/cooja/contiki-ng-cooja.a(pir-sensor.o)
 .rodata        0x000000000003312b        0x3 build/cooja/contiki-ng-cooja.a(rs232.o)
 .rodata        0x000000000003312e        0xa build/cooja/contiki-ng-cooja.a(vib-sensor.o)
 .rodata        0x0000000000033138       0x26 build/cooja/contiki-ng-cooja.a(cfs-cooja.o)
 *fill*         0x000000000003315e        0x2 
 .rodata        0x0000000000033160       0x68 build/cooja/contiki-ng-cooja.a(cooja-radio.o)
 .rodata        0x00000000000331c8        0x8 build/cooja/contiki-ng-cooja.a(sensors.o)
 .rodata        0x00000000000331d0       0x14 build/cooja/contiki-ng-cooja.a(buttons.o)
                0x00000000000331dc                button_hal_button_count
 *fill*         0x00000000000331e4        0x4 
 .rodata        0x00000000000331e8      0x176 build/cooja/contiki-ng-cooja.a(fan-speed.o)
 *fill*         0x000000000003335e        0x2 
 .rodata        0x0000000000033360       0x73 build/cooja/contiki-ng-cooja.a(nitrogen.o)
 .rodata        0x00000000000333d3       0x41 build/cooja/contiki-ng-cooja.a(coap-engine.o)
 .rodata        0x0000000000033414       0x11 build/cooja/contiki-ng-cooja.a(coap-observe.o)
 .rodata        0x0000000000033425       0x19 build/cooja/contiki-ng-cooja.a(coap-res-well-known-core.o)
 .rodata        0x000000000003343e       0x35 build/cooja/contiki-ng-cooja.a(coap-uip.o)
 *fill*         0x0000000000033473        0x5 
 .rodata        0x0000000000033478      0x1b0 build/cooja/contiki-ng-cooja.a(coap.o)
 .rodata        0x0000000000033628       0xf4 build/cooja/contiki-ng-cooja.a(contiki-main.o)
 .rodata        0x000000000003371c        0xf build/cooja/contiki-ng-cooja.a(ctimer.o)
 .rodata        0x000000000003372b        0xc build/cooja/contiki-ng-cooja.a(etimer.o)
 *fill*         0x0000000000033737        0x1 
 .rodata        0x0000000000033738       0xc0 build/cooja/contiki-ng-cooja.a(log.o)
 .rodata        0x00000000000337f8       0x13 build/cooja/contiki-ng-cooja.a(button-hal.o)
 .rodata        0x000000000003380b        0xe build/cooja/contiki-ng-cooja.a(serial-line.o)
 *fill*         0x0000000000033819        0x7 
 .rodata        0x0000000000033820        0x8 build/cooja/contiki-ng-cooja.a(linkaddr.o)
                0x0000000000033820                linkaddr_null
 *fill*         0x0000000000033828        0x8 
 .rodata        0x0000000000033830      0x280 build/cooja/contiki-ng-cooja.a(strformat.o)
 .rodata        0x0000000000033ab0        0x5 build/cooja/contiki-ng-cooja.a(csma.o)
 .rodata        0x0000000000033ab5       0x1d build/cooja/contiki-ng-cooja.a(sicslowpan.o)
                0x0000000000033ab5                unc_llconf
                0x0000000000033ab9                unc_ctxconf
                0x0000000000033abd                unc_mxconf
                0x0000000000033ac1                llprefix
 .rodata        0x0000000000033ad2        0xd build/cooja/contiki-ng-cooja.a(tcpip.o)
 *fill*         0x0000000000033adf        0x1 
 .rodata        0x0000000000033ae0       0x4c build/cooja/contiki-ng-cooja.a(uip-ds6-route.o)
 .rodata        0x0000000000033b2c       0x2d build/cooja/contiki-ng-cooja.a(uiplib.o)
 .rodata        0x0000000000033b59        0x9 build/cooja/contiki-ng-cooja.a(rpl.o)
 .rodata        0x0000000000033b62       0x13 build/cooja/contiki-ng-cooja.a(coap-timer-default.o)
 *fill*         0x0000000000033b75        0x3 
 .rodata        0x0000000000033b78       0x27 build/cooja/contiki-ng-cooja.a(csma-output.o)
 .rodata        0x0000000000033b9f       0x44 build/cooja/contiki-ng-cooja.a(uip-sr.o)
 .rodata        0x0000000000033be3       0xd7 build/cooja/contiki-ng-cooja.a(rpl-dag.o)
 *fill*         0x0000000000033cba        0x6 
 .rodata        0x0000000000033cc0       0x58 build/cooja/contiki-ng-cooja.a(rpl-neighbor.o)
 .rodata        0x0000000000033d18        0xc build/cooja/contiki-ng-cooja.a(rpl-timers.o)
 *fill*         0x0000000000033d24        0x4 
 .rodata        0x0000000000033d28       0x25 build/cooja/contiki-ng-cooja.a(assert.o)

.rodata1
 *(.rodata1)

.eh_frame_hdr   0x0000000000033d50     0x1aec
 *(.eh_frame_hdr)
 .eh_frame_hdr  0x0000000000033d50     0x1aec actuator.o
                0x0000000000033d50                __GNU_EH_FRAME_HDR
 *(.eh_frame_entry .eh_frame_entry.*)

.eh_frame       0x0000000000035840     0x6c20
 *(.eh_frame)
 .eh_frame      0x0000000000035840       0x40 /usr/lib/gcc/x86_64-linux-gnu/11/../../../x86_64-linux-gnu/crti.o
 .eh_frame      0x0000000000035880       0x18 /usr/lib/gcc/x86_64-linux-gnu/11/../../../x86_64-linux-gnu/crti.o
                                         0x30 (size before relaxing)
 .eh_frame      0x0000000000035898       0x18 /usr/lib/gcc/x86_64-linux-gnu/11/../../../x86_64-linux-gnu/crti.o
                                         0x30 (size before relaxing)
 .eh_frame      0x00000000000358b0       0x60 actuator.o
                                         0x78 (size before relaxing)
 .eh_frame      0x0000000000035910      0x198 build/cooja/mtype625042761.o
                                        0x1b0 (size before relaxing)
 .eh_frame      0x0000000000035aa8       0x40 build/cooja/contiki-ng-cooja.a(simEnvChange.o)
                                         0x58 (size before relaxing)
 .eh_frame      0x0000000000035ae8       0x60 build/cooja/contiki-ng-cooja.a(cooja_mt.o)
                                         0x78 (size before relaxing)
 .eh_frame      0x0000000000035b48       0x80 build/cooja/contiki-ng-cooja.a(cooja_mtarch.o)
                                         0x98 (size before relaxing)
 .eh_frame      0x0000000000035bc8       0xc0 build/cooja/contiki-ng-cooja.a(rtimer-arch.o)
                                         0xd8 (size before relaxing)
 .eh_frame      0x0000000000035c88      0x160 build/cooja/contiki-ng-cooja.a(beep.o)
                                        0x178 (size before relaxing)
 .eh_frame      0x0000000000035de8       0x80 build/cooja/contiki-ng-cooja.a(leds-arch.o)
                                         0x98 (size before relaxing)
 .eh_frame      0x0000000000035e68       0x40 build/cooja/contiki-ng-cooja.a(moteid.o)
                                         0x58 (size before relaxing)
 .eh_frame      0x0000000000035ea8       0xa0 build/cooja/contiki-ng-cooja.a(pir-sensor.o)
                                         0xb8 (size before relaxing)
 .eh_frame      0x0000000000035f48      0x100 build/cooja/contiki-ng-cooja.a(rs232.o)
                                        0x118 (size before relaxing)
 .eh_frame      0x0000000000036048       0xa0 build/cooja/contiki-ng-cooja.a(vib-sensor.o)
                                         0xb8 (size before relaxing)
 .eh_frame      0x00000000000360e8       0xc0 build/cooja/contiki-ng-cooja.a(clock.o)
                                         0xd8 (size before relaxing)
 .eh_frame      0x00000000000361a8      0x100 build/cooja/contiki-ng-cooja.a(cooja-log.o)
                                        0x118 (size before relaxing)
 .eh_frame      0x00000000000362a8      0x160 build/cooja/contiki-ng-cooja.a(cfs-cooja.o)
                                        0x178 (size before relaxing)
 .eh_frame      0x0000000000036408      0x360 build/cooja/contiki-ng-cooja.a(cooja-radio.o)
                                        0x378 (size before relaxing)
 .eh_frame      0x0000000000036768       0xa0 build/cooja/contiki-ng-cooja.a(eeprom.o)
                                         0xb8 (size before relaxing)
 .eh_frame      0x0000000000036808       0x40 build/cooja/contiki-ng-cooja.a(random.o)
                                         0x58 (size before relaxing)
 .eh_frame      0x0000000000036848       0xc0 build/cooja/contiki-ng-cooja.a(sensors.o)
                                         0xd8 (size before relaxing)
 .eh_frame      0x0000000000036908      0x120 build/cooja/contiki-ng-cooja.a(leds.o)
                                        0x138 (size before relaxing)
 .eh_frame      0x0000000000036a28      0x220 build/cooja/contiki-ng-cooja.a(gpio-hal-arch.o)
                                        0x238 (size before relaxing)
 .eh_frame      0x0000000000036c48       0xa0 build/cooja/contiki-ng-cooja.a(buttons.o)
                                         0xb8 (size before relaxing)
 .eh_frame      0x0000000000036ce8       0x60 build/cooja/contiki-ng-cooja.a(fan-speed.o)
                                         0x78 (size before relaxing)
 .eh_frame      0x0000000000036d48       0x60 build/cooja/contiki-ng-cooja.a(nitrogen.o)
                                         0x78 (size before relaxing)
 .eh_frame      0x0000000000036da8       0x40 build/cooja/contiki-ng-cooja.a(coap-blocking-api.o)
                                         0x58 (size before relaxing)
 .eh_frame      0x0000000000036de8      0x220 build/cooja/contiki-ng-cooja.a(coap-engine.o)
                                        0x238 (size before relaxing)
 .eh_frame      0x0000000000037008      0x188 build/cooja/contiki-ng-cooja.a(coap-observe.o)
                                        0x1a0 (size before relaxing)
 .eh_frame      0x0000000000037190       0x20 build/cooja/contiki-ng-cooja.a(coap-res-well-known-core.o)
                                         0x38 (size before relaxing)
 .eh_frame      0x00000000000371b0      0x108 build/cooja/contiki-ng-cooja.a(coap-timer.o)
                                        0x120 (size before relaxing)
 .eh_frame      0x00000000000372b8      0x100 build/cooja/contiki-ng-cooja.a(coap-transactions.o)
                                        0x118 (size before relaxing)
 .eh_frame      0x00000000000373b8      0x248 build/cooja/contiki-ng-cooja.a(coap-uip.o)
                                        0x260 (size before relaxing)
 .eh_frame      0x0000000000037600      0x6e8 build/cooja/contiki-ng-cooja.a(coap.o)
                                        0x700 (size before relaxing)
 .eh_frame      0x0000000000037ce8       0x20 build/cooja/contiki-ng-cooja.a(contiki-main.o)
                                         0x38 (size before relaxing)
 .eh_frame      0x0000000000037d08       0x40 build/cooja/contiki-ng-cooja.a(autostart.o)
                                         0x58 (size before relaxing)
 .eh_frame      0x0000000000037d48      0x100 build/cooja/contiki-ng-cooja.a(ctimer.o)
                                        0x118 (size before relaxing)
 .eh_frame      0x0000000000037e48       0x60 build/cooja/contiki-ng-cooja.a(energest.o)
                                         0x78 (size before relaxing)
 .eh_frame      0x0000000000037ea8      0x1e0 build/cooja/contiki-ng-cooja.a(etimer.o)
                                        0x1f8 (size before relaxing)
 .eh_frame      0x0000000000038088      0x120 build/cooja/contiki-ng-cooja.a(log.o)
                                        0x138 (size before relaxing)
 .eh_frame      0x00000000000381a8       0x20 build/cooja/contiki-ng-cooja.a(node-id.o)
                                         0x38 (size before relaxing)
 .eh_frame      0x00000000000381c8      0x1c8 build/cooja/contiki-ng-cooja.a(process.o)
                                        0x1e0 (size before relaxing)
 .eh_frame      0x0000000000038390       0x60 build/cooja/contiki-ng-cooja.a(rtimer.o)
                                         0x78 (size before relaxing)
 .eh_frame      0x00000000000383f0       0xa0 build/cooja/contiki-ng-cooja.a(timer.o)
                                         0xb8 (size before relaxing)
 .eh_frame      0x0000000000038490      0x1a0 build/cooja/contiki-ng-cooja.a(list.o)
                                        0x1b8 (size before relaxing)
 .eh_frame      0x0000000000038630       0xa0 build/cooja/contiki-ng-cooja.a(memb.o)
                                         0xb8 (size before relaxing)
 .eh_frame      0x00000000000386d0      0x160 build/cooja/contiki-ng-cooja.a(button-hal.o)
                                        0x178 (size before relaxing)
 .eh_frame      0x0000000000038830       0xe0 build/cooja/contiki-ng-cooja.a(gpio-hal.o)
                                         0xf8 (size before relaxing)
 .eh_frame      0x0000000000038910       0x60 build/cooja/contiki-ng-cooja.a(serial-line.o)
                                         0x78 (size before relaxing)
 .eh_frame      0x0000000000038970       0x60 build/cooja/contiki-ng-cooja.a(linkaddr.o)
                                         0x78 (size before relaxing)
 .eh_frame      0x00000000000389d0       0x80 build/cooja/contiki-ng-cooja.a(netstack.o)
                                         0x98 (size before relaxing)
 .eh_frame      0x0000000000038a50      0x288 build/cooja/contiki-ng-cooja.a(packetbuf.o)
                                        0x2a0 (size before relaxing)
 .eh_frame      0x0000000000038cd8      0x1a0 build/cooja/contiki-ng-cooja.a(queuebuf.o)
                                        0x1b8 (size before relaxing)
 .eh_frame      0x0000000000038e78       0x40 build/cooja/contiki-ng-cooja.a(printf.o)
                                         0x58 (size before relaxing)
 .eh_frame      0x0000000000038eb8       0x20 build/cooja/contiki-ng-cooja.a(putchar.o)
                                         0x38 (size before relaxing)
 .eh_frame      0x0000000000038ed8       0x20 build/cooja/contiki-ng-cooja.a(puts.o)
                                         0x38 (size before relaxing)
 .eh_frame      0x0000000000038ef8       0x60 build/cooja/contiki-ng-cooja.a(snprintf.o)
                                         0x78 (size before relaxing)
 .eh_frame      0x0000000000038f58       0x40 build/cooja/contiki-ng-cooja.a(sprintf.o)
                                         0x58 (size before relaxing)
 .eh_frame      0x0000000000038f98      0x120 build/cooja/contiki-ng-cooja.a(strformat.o)
                                        0x138 (size before relaxing)
 .eh_frame      0x00000000000390b8       0xe0 build/cooja/contiki-ng-cooja.a(csma.o)
                                         0xf8 (size before relaxing)
 .eh_frame      0x0000000000039198      0x2e0 build/cooja/contiki-ng-cooja.a(sicslowpan.o)
                                        0x2f8 (size before relaxing)
 .eh_frame      0x0000000000039478      0x248 build/cooja/contiki-ng-cooja.a(tcpip.o)
                                        0x260 (size before relaxing)
 .eh_frame      0x00000000000396c0      0x1c0 build/cooja/contiki-ng-cooja.a(uip-ds6-nbr.o)
                                        0x1d8 (size before relaxing)
 .eh_frame      0x0000000000039880      0x240 build/cooja/contiki-ng-cooja.a(uip-ds6-route.o)
                                        0x258 (size before relaxing)
 .eh_frame      0x0000000000039ac0      0x328 build/cooja/contiki-ng-cooja.a(uip-ds6.o)
                                        0x340 (size before relaxing)
 .eh_frame      0x0000000000039de8       0xe0 build/cooja/contiki-ng-cooja.a(uip-packetqueue.o)
                                         0xf8 (size before relaxing)
 .eh_frame      0x0000000000039ec8       0x40 build/cooja/contiki-ng-cooja.a(uip-udp-packet.o)
                                         0x58 (size before relaxing)
 .eh_frame      0x0000000000039f08      0x1e8 build/cooja/contiki-ng-cooja.a(uip6.o)
                                        0x200 (size before relaxing)
 .eh_frame      0x000000000003a0f0      0x200 build/cooja/contiki-ng-cooja.a(uipbuf.o)
                                        0x218 (size before relaxing)
 .eh_frame      0x000000000003a2f0       0x80 build/cooja/contiki-ng-cooja.a(uiplib.o)
                                         0x98 (size before relaxing)
 .eh_frame      0x000000000003a370      0x1e0 build/cooja/contiki-ng-cooja.a(rpl.o)
                                        0x1f8 (size before relaxing)
 .eh_frame      0x000000000003a550       0xa0 build/cooja/contiki-ng-cooja.a(watchdog.o)
                                         0xb8 (size before relaxing)
 .eh_frame      0x000000000003a5f0       0x80 build/cooja/contiki-ng-cooja.a(int-master.o)
                                         0x98 (size before relaxing)
 .eh_frame      0x000000000003a670       0xa0 build/cooja/contiki-ng-cooja.a(coap-timer-default.o)
                                         0xb8 (size before relaxing)
 .eh_frame      0x000000000003a710       0xc0 build/cooja/contiki-ng-cooja.a(stimer.o)
                                         0xd8 (size before relaxing)
 .eh_frame      0x000000000003a7d0       0xa0 build/cooja/contiki-ng-cooja.a(ringbuf.o)
                                         0xb8 (size before relaxing)
 .eh_frame      0x000000000003a870      0x120 build/cooja/contiki-ng-cooja.a(link-stats.o)
                                        0x138 (size before relaxing)
 .eh_frame      0x000000000003a990      0x3e0 build/cooja/contiki-ng-cooja.a(nbr-table.o)
                                        0x3f8 (size before relaxing)
 .eh_frame      0x000000000003ad70       0x48 build/cooja/contiki-ng-cooja.a(mac-sequence.o)
                                         0x60 (size before relaxing)
 .eh_frame      0x000000000003adb8       0xa8 build/cooja/contiki-ng-cooja.a(framer-802154.o)
                                         0xc0 (size before relaxing)
 .eh_frame      0x000000000003ae60      0x1c8 build/cooja/contiki-ng-cooja.a(csma-output.o)
                                        0x1e0 (size before relaxing)
 .eh_frame      0x000000000003b028       0x40 build/cooja/contiki-ng-cooja.a(csma-security.o)
                                         0x58 (size before relaxing)
 .eh_frame      0x000000000003b068      0x148 build/cooja/contiki-ng-cooja.a(uip-icmp6.o)
                                        0x160 (size before relaxing)
 .eh_frame      0x000000000003b1b0       0x80 build/cooja/contiki-ng-cooja.a(uip-nd6.o)
                                         0x98 (size before relaxing)
 .eh_frame      0x000000000003b230      0x180 build/cooja/contiki-ng-cooja.a(uip-sr.o)
                                        0x198 (size before relaxing)
 .eh_frame      0x000000000003b3b0       0xa0 build/cooja/contiki-ng-cooja.a(rpl-dag-root.o)
                                         0xb8 (size before relaxing)
 .eh_frame      0x000000000003b450      0x360 build/cooja/contiki-ng-cooja.a(rpl-dag.o)
                                        0x378 (size before relaxing)
 .eh_frame      0x000000000003b7b0      0x128 build/cooja/contiki-ng-cooja.a(rpl-ext-header.o)
                                        0x140 (size before relaxing)
 .eh_frame      0x000000000003b8d8      0x1c0 build/cooja/contiki-ng-cooja.a(rpl-icmp6.o)
                                        0x1d8 (size before relaxing)
 .eh_frame      0x000000000003ba98      0x148 build/cooja/contiki-ng-cooja.a(rpl-mrhof.o)
                                        0x160 (size before relaxing)
 .eh_frame      0x000000000003bbe0       0x40 build/cooja/contiki-ng-cooja.a(rpl-nbr-policy.o)
                                         0x58 (size before relaxing)
 .eh_frame      0x000000000003bc20      0x2b0 build/cooja/contiki-ng-cooja.a(rpl-neighbor.o)
                                        0x2c8 (size before relaxing)
 .eh_frame      0x000000000003bed0      0x3a8 build/cooja/contiki-ng-cooja.a(rpl-timers.o)
                                        0x3c0 (size before relaxing)
 .eh_frame      0x000000000003c278       0x20 build/cooja/contiki-ng-cooja.a(assert.o)
                                         0x38 (size before relaxing)
 .eh_frame      0x000000000003c298       0x20 build/cooja/contiki-ng-cooja.a(mac.o)
                                         0x38 (size before relaxing)
 .eh_frame      0x000000000003c2b8      0x1a4 build/cooja/contiki-ng-cooja.a(frame802154.o)
                                        0x1c0 (size before relaxing)
 .eh_frame      0x000000000003c45c        0x4 /usr/lib/gcc/x86_64-linux-gnu/11/crtendS.o
 *(.eh_frame.*)

.gcc_except_table
 *(.gcc_except_table .gcc_except_table.*)

.gnu_extab
 *(.gnu_extab*)

.exception_ranges
 *(.exception_ranges*)
                0x000000000003d6b0                . = DATA_SEGMENT_ALIGN (CONSTANT (MAXPAGESIZE), CONSTANT (COMMONPAGESIZE))

.eh_frame
 *(.eh_frame)
 *(.eh_frame.*)

.gnu_extab
 *(.gnu_extab)

.gcc_except_table
 *(.gcc_except_table .gcc_except_table.*)

.exception_ranges
 *(.exception_ranges*)

.tdata
 *(.tdata .tdata.* .gnu.linkonce.td.*)

.tbss
 *(.tbss .tbss.* .gnu.linkonce.tb.*)
 *(.tcommon)

.preinit_array
 *(.preinit_array)

.init_array     0x000000000003d6b0        0x8
 *(SORT_BY_INIT_PRIORITY(.init_array.*) SORT_BY_INIT_PRIORITY(.ctors.*))
 *(.init_array EXCLUDE_FILE(*crtend?.o *crtend.o *crtbegin?.o *crtbegin.o) .ctors)
 .init_array    0x000000000003d6b0        0x8 /usr/lib/gcc/x86_64-linux-gnu/11/crtbeginS.o

.fini_array     0x000000000003d6b8        0x8
 *(SORT_BY_INIT_PRIORITY(.fini_array.*) SORT_BY_INIT_PRIORITY(.dtors.*))
 *(.fini_array EXCLUDE_FILE(*crtend?.o *crtend.o *crtbegin?.o *crtbegin.o) .dtors)
 .fini_array    0x000000000003d6b8        0x8 /usr/lib/gcc/x86_64-linux-gnu/11/crtbeginS.o

.ctors
 *crtbegin.o(.ctors)
 *crtbegin?.o(.ctors)
 *(EXCLUDE_FILE(*crtend?.o *crtend.o) .ctors)
 *(SORT_BY_NAME(.ctors.*))
 *(.ctors)

.dtors
 *crtbegin.o(.dtors)
 *crtbegin?.o(.dtors)
 *(EXCLUDE_FILE(*crtend?.o *crtend.o) .dtors)
 *(SORT_BY_NAME(.dtors.*))
 *(.dtors)

.jcr
 *(.jcr)

.data.rel.ro    0x000000000003d6c0      0x370
 *(.data.rel.ro.local* .gnu.linkonce.d.rel.ro.local.*)
 .data.rel.ro.local
                0x000000000003d6c0       0x10 build/cooja/contiki-ng-cooja.a(beep.o)
                0x000000000003d6c0                beep_interface
 .data.rel.ro.local
                0x000000000003d6d0       0x10 build/cooja/contiki-ng-cooja.a(leds-arch.o)
                0x000000000003d6d0                leds_interface
 .data.rel.ro.local
                0x000000000003d6e0       0x10 build/cooja/contiki-ng-cooja.a(moteid.o)
                0x000000000003d6e0                moteid_interface
 *fill*         0x000000000003d6f0       0x10 
 .data.rel.ro.local
                0x000000000003d700       0x40 build/cooja/contiki-ng-cooja.a(pir-sensor.o)
                0x000000000003d700                pir_interface
                0x000000000003d720                pir_sensor
 .data.rel.ro.local
                0x000000000003d740       0x10 build/cooja/contiki-ng-cooja.a(rs232.o)
                0x000000000003d740                rs232_interface
 *fill*         0x000000000003d750       0x10 
 .data.rel.ro.local
                0x000000000003d760       0x40 build/cooja/contiki-ng-cooja.a(vib-sensor.o)
                0x000000000003d760                vib_interface
                0x000000000003d780                vib_sensor
 .data.rel.ro.local
                0x000000000003d7a0       0x10 build/cooja/contiki-ng-cooja.a(clock.o)
                0x000000000003d7a0                clock_interface
 .data.rel.ro.local
                0x000000000003d7b0       0x10 build/cooja/contiki-ng-cooja.a(cooja-log.o)
                0x000000000003d7b0                simlog_interface
 .data.rel.ro.local
                0x000000000003d7c0       0x10 build/cooja/contiki-ng-cooja.a(cfs-cooja.o)
                0x000000000003d7c0                cfs_interface
 *fill*         0x000000000003d7d0       0x10 
 .data.rel.ro.local
                0x000000000003d7e0       0x90 build/cooja/contiki-ng-cooja.a(cooja-radio.o)
                0x000000000003d7e0                radio_interface
                0x000000000003d800                cooja_radio_driver
 .data.rel.ro.local
                0x000000000003d870       0x10 build/cooja/contiki-ng-cooja.a(eeprom.o)
                0x000000000003d870                eeprom_interface
 .data.rel.ro.local
                0x000000000003d880       0x40 build/cooja/contiki-ng-cooja.a(buttons.o)
                0x000000000003d880                button_interface
                0x000000000003d8a0                button_sensor
 .data.rel.ro.local
                0x000000000003d8c0       0x38 build/cooja/contiki-ng-cooja.a(csma.o)
                0x000000000003d8c0                csma_driver
 *fill*         0x000000000003d8f8        0x8 
 .data.rel.ro.local
                0x000000000003d900       0x18 build/cooja/contiki-ng-cooja.a(coap-timer-default.o)
                0x000000000003d900                coap_timer_default_driver
 *fill*         0x000000000003d918        0x8 
 .data.rel.ro.local
                0x000000000003d920       0x18 build/cooja/contiki-ng-cooja.a(framer-802154.o)
                0x000000000003d920                framer_802154
 *(.data.rel.ro .data.rel.ro.* .gnu.linkonce.d.rel.ro.*)
 .data.rel.ro   0x000000000003d938        0x0 /usr/lib/gcc/x86_64-linux-gnu/11/../../../x86_64-linux-gnu/crti.o
 *fill*         0x000000000003d938        0x8 
 .data.rel.ro   0x000000000003d940       0x18 actuator.o
                0x000000000003d940                autostart_processes
 *fill*         0x000000000003d958        0x8 
 .data.rel.ro   0x000000000003d960       0x20 build/cooja/contiki-ng-cooja.a(sicslowpan.o)
                0x000000000003d960                sicslowpan_driver
 .data.rel.ro   0x000000000003d980       0xa8 build/cooja/contiki-ng-cooja.a(rpl.o)
                0x000000000003d980                rpl_lite_driver
 .data.rel.ro   0x000000000003da28        0x8 build/cooja/contiki-ng-cooja.a(rpl-dag.o)

.dynamic        0x000000000003da30      0x1c0
 *(.dynamic)
 .dynamic       0x000000000003da30      0x1c0 /usr/lib/gcc/x86_64-linux-gnu/11/../../../x86_64-linux-gnu/crti.o
                0x000000000003da30                _DYNAMIC

.got            0x000000000003dbf0      0x410
 *(.got)
 .got           0x000000000003dbf0      0x410 /usr/lib/gcc/x86_64-linux-gnu/11/../../../x86_64-linux-gnu/crti.o
 *(.igot)
                0x000000000003efe8                . = DATA_SEGMENT_RELRO_END (., (SIZEOF (.got.plt) >= 0x18)?0x18:0x0)

.got.plt        0x000000000003e000      0xc98
 *(.got.plt)
 .got.plt       0x000000000003e000      0xc98 /usr/lib/gcc/x86_64-linux-gnu/11/../../../x86_64-linux-gnu/crti.o
                0x000000000003e000                _GLOBAL_OFFSET_TABLE_
 *(.igot.plt)

.data           0x000000000003eca0      0x952
 *(.data .data.* .gnu.linkonce.d.*)
 .data          0x000000000003eca0        0x0 /usr/lib/gcc/x86_64-linux-gnu/11/../../../x86_64-linux-gnu/crti.o
 .data          0x000000000003eca0        0x0 /usr/lib/gcc/x86_64-linux-gnu/11/crtbeginS.o
 .data.rel.local
                0x000000000003eca0        0x8 /usr/lib/gcc/x86_64-linux-gnu/11/crtbeginS.o
                0x000000000003eca0                __dso_handle
 .data          0x000000000003eca8        0x0 actuator.o
 *fill*         0x000000000003eca8       0x18 
 .data.rel.local
                0x000000000003ecc0       0x40 actuator.o
                0x000000000003ecc0                fan_server
                0x000000000003ece0                actuator_registration
 .data          0x000000000003ed00        0x0 build/cooja/mtype625042761.o
 .data.rel      0x000000000003ed00       0xa0 build/cooja/mtype625042761.o
                0x000000000003ed00                simInterfaces
                0x000000000003ed80                sensors
 .data          0x000000000003eda0        0x0 build/cooja/contiki-ng-cooja.a(simEnvChange.o)
 .data          0x000000000003eda0        0x0 build/cooja/contiki-ng-cooja.a(cooja_mt.o)
 .data          0x000000000003eda0        0x0 build/cooja/contiki-ng-cooja.a(cooja_mtarch.o)
 .data          0x000000000003eda0        0x0 build/cooja/contiki-ng-cooja.a(rtimer-arch.o)
 .data          0x000000000003eda0        0x0 build/cooja/contiki-ng-cooja.a(beep.o)
 .data          0x000000000003eda0        0x0 build/cooja/contiki-ng-cooja.a(leds-arch.o)
 .data          0x000000000003eda0        0x0 build/cooja/contiki-ng-cooja.a(moteid.o)
 .data          0x000000000003eda0        0x0 build/cooja/contiki-ng-cooja.a(pir-sensor.o)
 .data          0x000000000003eda0        0x0 build/cooja/contiki-ng-cooja.a(rs232.o)
 .data          0x000000000003eda0        0x0 build/cooja/contiki-ng-cooja.a(vib-sensor.o)
 .data          0x000000000003eda0        0x0 build/cooja/contiki-ng-cooja.a(clock.o)
 .data          0x000000000003eda0        0x0 build/cooja/contiki-ng-cooja.a(cooja-log.o)
 .data          0x000000000003eda0        0x0 build/cooja/contiki-ng-cooja.a(cfs-cooja.o)
 .data          0x000000000003eda0       0x20 build/cooja/contiki-ng-cooja.a(cooja-radio.o)
                0x000000000003eda0                simRadioHWOn
                0x000000000003eda4                simSignalStrength
                0x000000000003eda8                simLastSignalStrength
                0x000000000003edac                simPower
                0x000000000003edb0                simRadioChannel
                0x000000000003edb4                simLQI
                0x000000000003edb8                simLastLQI
 .data.rel.local
                0x000000000003edc0       0x20 build/cooja/contiki-ng-cooja.a(cooja-radio.o)
                0x000000000003edc0                cooja_radio_process
 .data          0x000000000003ede0        0x0 build/cooja/contiki-ng-cooja.a(eeprom.o)
 .data          0x000000000003ede0        0x0 build/cooja/contiki-ng-cooja.a(random.o)
 .data          0x000000000003ede0        0x0 build/cooja/contiki-ng-cooja.a(sensors.o)
 .data.rel.local
                0x000000000003ede0       0x20 build/cooja/contiki-ng-cooja.a(sensors.o)
                0x000000000003ede0                sensors_process
 .data          0x000000000003ee00        0x0 build/cooja/contiki-ng-cooja.a(leds.o)
 .data          0x000000000003ee00        0x0 build/cooja/contiki-ng-cooja.a(gpio-hal-arch.o)
 .data          0x000000000003ee00        0x1 build/cooja/contiki-ng-cooja.a(buttons.o)
                0x000000000003ee00                simButtonIsActive
 *fill*         0x000000000003ee01       0x1f 
 .data.rel.local
                0x000000000003ee20       0xb0 build/cooja/contiki-ng-cooja.a(buttons.o)
                0x000000000003eec0                button_hal_buttons
 .data          0x000000000003eed0        0x4 build/cooja/contiki-ng-cooja.a(fan-speed.o)
 *fill*         0x000000000003eed4        0xc 
 .data.rel.local
                0x000000000003eee0       0x48 build/cooja/contiki-ng-cooja.a(fan-speed.o)
                0x000000000003eee0                fan
 .data          0x000000000003ef28        0x0 build/cooja/contiki-ng-cooja.a(nitrogen.o)
 *fill*         0x000000000003ef28       0x18 
 .data.rel.local
                0x000000000003ef40       0x48 build/cooja/contiki-ng-cooja.a(nitrogen.o)
                0x000000000003ef40                nitro
 .data          0x000000000003ef88        0x0 build/cooja/contiki-ng-cooja.a(coap-blocking-api.o)
 .data          0x000000000003ef88        0x0 build/cooja/contiki-ng-cooja.a(coap-engine.o)
 .data.rel.local
                0x000000000003ef88       0x10 build/cooja/contiki-ng-cooja.a(coap-engine.o)
 .data          0x000000000003ef98        0x0 build/cooja/contiki-ng-cooja.a(coap-observe.o)
 *fill*         0x000000000003ef98        0x8 
 .data.rel.local
                0x000000000003efa0       0x20 build/cooja/contiki-ng-cooja.a(coap-observe.o)
 .data          0x000000000003efc0        0x0 build/cooja/contiki-ng-cooja.a(coap-res-well-known-core.o)
 .data.rel.local
                0x000000000003efc0       0x48 build/cooja/contiki-ng-cooja.a(coap-res-well-known-core.o)
                0x000000000003efc0                res_well_known_core
 .data          0x000000000003f008        0x0 build/cooja/contiki-ng-cooja.a(coap-timer.o)
 .data.rel.local
                0x000000000003f008        0x8 build/cooja/contiki-ng-cooja.a(coap-timer.o)
 .data          0x000000000003f010        0x0 build/cooja/contiki-ng-cooja.a(coap-transactions.o)
 .data.rel.local
                0x000000000003f010       0x20 build/cooja/contiki-ng-cooja.a(coap-transactions.o)
 .data          0x000000000003f030        0x0 build/cooja/contiki-ng-cooja.a(coap-uip.o)
 *fill*         0x000000000003f030       0x10 
 .data.rel.local
                0x000000000003f040       0x20 build/cooja/contiki-ng-cooja.a(coap-uip.o)
                0x000000000003f040                coap_engine
 .data          0x000000000003f060        0x0 build/cooja/contiki-ng-cooja.a(coap.o)
 .data.rel.local
                0x000000000003f060        0x8 build/cooja/contiki-ng-cooja.a(coap.o)
                0x000000000003f060                coap_error_message
 .data          0x000000000003f068        0x0 build/cooja/contiki-ng-cooja.a(contiki-main.o)
 .data          0x000000000003f068        0x0 build/cooja/contiki-ng-cooja.a(autostart.o)
 .data          0x000000000003f068        0x0 build/cooja/contiki-ng-cooja.a(ctimer.o)
 *fill*         0x000000000003f068       0x18 
 .data.rel.local
                0x000000000003f080       0x40 build/cooja/contiki-ng-cooja.a(ctimer.o)
                0x000000000003f0a0                ctimer_process
 .data          0x000000000003f0c0        0x0 build/cooja/contiki-ng-cooja.a(energest.o)
 .data          0x000000000003f0c0        0x0 build/cooja/contiki-ng-cooja.a(etimer.o)
 .data.rel.local
                0x000000000003f0c0       0x20 build/cooja/contiki-ng-cooja.a(etimer.o)
                0x000000000003f0c0                etimer_process
 .data          0x000000000003f0e0        0x4 build/cooja/contiki-ng-cooja.a(log.o)
                0x000000000003f0e0                curr_log_level_main
 *fill*         0x000000000003f0e4       0x1c 
 .data.rel      0x000000000003f100      0x138 build/cooja/contiki-ng-cooja.a(log.o)
                0x000000000003f100                all_modules
 .data          0x000000000003f238        0x0 build/cooja/contiki-ng-cooja.a(node-id.o)
 .data          0x000000000003f238        0x0 build/cooja/contiki-ng-cooja.a(process.o)
 .data          0x000000000003f238        0x0 build/cooja/contiki-ng-cooja.a(rtimer.o)
 .data          0x000000000003f238        0x0 build/cooja/contiki-ng-cooja.a(timer.o)
 .data          0x000000000003f238        0x0 build/cooja/contiki-ng-cooja.a(list.o)
 .data          0x000000000003f238        0x0 build/cooja/contiki-ng-cooja.a(memb.o)
 .data          0x000000000003f238        0x0 build/cooja/contiki-ng-cooja.a(button-hal.o)
 *fill*         0x000000000003f238        0x8 
 .data.rel.local
                0x000000000003f240       0x20 build/cooja/contiki-ng-cooja.a(button-hal.o)
                0x000000000003f240                button_hal_process
 .data          0x000000000003f260        0x0 build/cooja/contiki-ng-cooja.a(gpio-hal.o)
 .data.rel.local
                0x000000000003f260        0x8 build/cooja/contiki-ng-cooja.a(gpio-hal.o)
 .data          0x000000000003f268        0x0 build/cooja/contiki-ng-cooja.a(serial-line.o)
 *fill*         0x000000000003f268       0x18 
 .data.rel.local
                0x000000000003f280       0x20 build/cooja/contiki-ng-cooja.a(serial-line.o)
                0x000000000003f280                serial_line_process
 .data          0x000000000003f2a0        0x0 build/cooja/contiki-ng-cooja.a(linkaddr.o)
 .data          0x000000000003f2a0        0x0 build/cooja/contiki-ng-cooja.a(netstack.o)
 .data.rel.local
                0x000000000003f2a0        0x8 build/cooja/contiki-ng-cooja.a(netstack.o)
 .data          0x000000000003f2a8        0x0 build/cooja/contiki-ng-cooja.a(packetbuf.o)
 .data.rel.local
                0x000000000003f2a8        0x8 build/cooja/contiki-ng-cooja.a(packetbuf.o)
 .data          0x000000000003f2b0        0x0 build/cooja/contiki-ng-cooja.a(queuebuf.o)
 .data.rel.local
                0x000000000003f2b0       0x38 build/cooja/contiki-ng-cooja.a(queuebuf.o)
 .data          0x000000000003f2e8        0x0 build/cooja/contiki-ng-cooja.a(printf.o)
 *fill*         0x000000000003f2e8        0x8 
 .data.rel.local
                0x000000000003f2f0       0x10 build/cooja/contiki-ng-cooja.a(printf.o)
 .data          0x000000000003f300        0x0 build/cooja/contiki-ng-cooja.a(putchar.o)
 .data          0x000000000003f300        0x0 build/cooja/contiki-ng-cooja.a(puts.o)
 .data          0x000000000003f300        0x0 build/cooja/contiki-ng-cooja.a(snprintf.o)
 .data          0x000000000003f300        0x0 build/cooja/contiki-ng-cooja.a(sprintf.o)
 .data          0x000000000003f300        0x0 build/cooja/contiki-ng-cooja.a(strformat.o)
 .data          0x000000000003f300        0x0 build/cooja/contiki-ng-cooja.a(csma.o)
 .data          0x000000000003f300        0x0 build/cooja/contiki-ng-cooja.a(sicslowpan.o)
 .data          0x000000000003f300        0x0 build/cooja/contiki-ng-cooja.a(tcpip.o)
 .data.rel.local
                0x000000000003f300       0x20 build/cooja/contiki-ng-cooja.a(tcpip.o)
                0x000000000003f300                tcpip_process
 .data          0x000000000003f320        0x0 build/cooja/contiki-ng-cooja.a(uip-ds6-nbr.o)
 .data.rel.local
                0x000000000003f320       0x20 build/cooja/contiki-ng-cooja.a(uip-ds6-nbr.o)
 .data          0x000000000003f340        0x0 build/cooja/contiki-ng-cooja.a(uip-ds6-route.o)
 .data.rel.local
                0x000000000003f340       0x28 build/cooja/contiki-ng-cooja.a(uip-ds6-route.o)
 .data          0x000000000003f368        0x0 build/cooja/contiki-ng-cooja.a(uip-ds6.o)
 .data          0x000000000003f368        0x0 build/cooja/contiki-ng-cooja.a(uip-packetqueue.o)
 *fill*         0x000000000003f368        0x8 
 .data.rel.local
                0x000000000003f370       0x18 build/cooja/contiki-ng-cooja.a(uip-packetqueue.o)
 .data          0x000000000003f388        0x0 build/cooja/contiki-ng-cooja.a(uip-udp-packet.o)
 .data          0x000000000003f388        0x0 build/cooja/contiki-ng-cooja.a(uip6.o)
 .data          0x000000000003f388        0x0 build/cooja/contiki-ng-cooja.a(uipbuf.o)
 .data          0x000000000003f388        0x0 build/cooja/contiki-ng-cooja.a(uiplib.o)
 .data          0x000000000003f388        0x0 build/cooja/contiki-ng-cooja.a(rpl.o)
 .data          0x000000000003f388        0x0 build/cooja/contiki-ng-cooja.a(watchdog.o)
 .data          0x000000000003f388        0x0 build/cooja/contiki-ng-cooja.a(int-master.o)
 .data          0x000000000003f388        0x0 build/cooja/contiki-ng-cooja.a(coap-timer-default.o)