Archive member included to satisfy reference by file (symbol)

build/cooja/contiki-ng-cooja.a(simEnvChange.o)
                              build/cooja/mtype920332074.o (simDontFallAsleep)
build/cooja/contiki-ng-cooja.a(cooja_mt.o)
                              build/cooja/mtype920332074.o (cooja_mt_start)
build/cooja/contiki-ng-cooja.a(cooja_mtarch.o)
                              build/cooja/contiki-ng-cooja.a(cooja_mt.o) (cooja_mtarch_start)
build/cooja/contiki-ng-cooja.a(rtimer-arch.o)
                              build/cooja/mtype920332074.o (rtimer_arch_check)
build/cooja/contiki-ng-cooja.a(beep.o)
                              build/cooja/mtype920332074.o (beep_interface)
build/cooja/contiki-ng-cooja.a(leds-arch.o)
                              build/cooja/mtype920332074.o (leds_interface)
build/cooja/contiki-ng-cooja.a(moteid.o)
                              build/cooja/mtype920332074.o (moteid_interface)
build/cooja/contiki-ng-cooja.a(pir-sensor.o)
                              build/cooja/mtype920332074.o (pir_interface)
build/cooja/contiki-ng-cooja.a(rs232.o)
                              build/cooja/mtype920332074.o (rs232_interface)
build/cooja/contiki-ng-cooja.a(vib-sensor.o)
                              build/cooja/mtype920332074.o (vib_interface)
build/cooja/contiki-ng-cooja.a(clock.o)
                              build/cooja/mtype920332074.o (clock_interface)
build/cooja/contiki-ng-cooja.a(cooja-log.o)
                              build/cooja/mtype920332074.o (simlog_interface)
build/cooja/contiki-ng-cooja.a(cfs-cooja.o)
                              build/cooja/mtype920332074.o (cfs_interface)
build/cooja/contiki-ng-cooja.a(cooja-radio.o)
                              build/cooja/mtype920332074.o (radio_interface)
build/cooja/contiki-ng-cooja.a(eeprom.o)
                              build/cooja/mtype920332074.o (eeprom_interface)
build/cooja/contiki-ng-cooja.a(random.o)
                              build/cooja/contiki-ng-cooja.a(moteid.o) (random_init)
build/cooja/contiki-ng-cooja.a(sensors.o)
                              build/cooja/contiki-ng-cooja.a(pir-sensor.o) (sensors_changed)
build/cooja/contiki-ng-cooja.a(leds.o)
                              build/cooja/contiki-ng-cooja.a(leds-arch.o) (leds_get)
build/cooja/contiki-ng-cooja.a(gpio-hal-arch.o)
                              build/cooja/contiki-ng-cooja.a(leds-arch.o) (gpio_hal_arch_register_pin_callback)
build/cooja/contiki-ng-cooja.a(buttons.o)
                              build/cooja/mtype920332074.o (button_interface)
build/cooja/contiki-ng-cooja.a(fan-speed.o)
                              actuator.o (fan)
build/cooja/contiki-ng-cooja.a(nitrogen.o)
                              actuator.o (nitro)
build/cooja/contiki-ng-cooja.a(coap-blocking-api.o)
                              actuator.o (coap_blocking_request)
build/cooja/contiki-ng-cooja.a(coap-engine.o)
                              actuator.o (coap_activate_resource)
build/cooja/contiki-ng-cooja.a(coap-observe.o)
                              build/cooja/contiki-ng-cooja.a(coap-engine.o) (coap_remove_observer_by_mid)
build/cooja/contiki-ng-cooja.a(coap-res-well-known-core.o)
                              build/cooja/contiki-ng-cooja.a(coap-engine.o) (res_well_known_core)
build/cooja/contiki-ng-cooja.a(coap-timer.o)
                              build/cooja/contiki-ng-cooja.a(coap-engine.o) (coap_timer_set)
build/cooja/contiki-ng-cooja.a(coap-transactions.o)
                              build/cooja/contiki-ng-cooja.a(coap-blocking-api.o) (coap_send_transaction)
build/cooja/contiki-ng-cooja.a(coap-uip.o)
                              build/cooja/contiki-ng-cooja.a(coap-observe.o) (coap_endpoint_copy)
build/cooja/contiki-ng-cooja.a(coap.o)
                              build/cooja/contiki-ng-cooja.a(coap-engine.o) (coap_status_code)
build/cooja/contiki-ng-cooja.a(contiki-main.o)
                              build/cooja/mtype920332074.o (main)
build/cooja/contiki-ng-cooja.a(autostart.o)
                              build/cooja/contiki-ng-cooja.a(contiki-main.o) (autostart_start)
build/cooja/contiki-ng-cooja.a(ctimer.o)
                              build/cooja/contiki-ng-cooja.a(contiki-main.o) (ctimer_init)
build/cooja/contiki-ng-cooja.a(energest.o)
                              build/cooja/contiki-ng-cooja.a(contiki-main.o) (energest_init)
build/cooja/contiki-ng-cooja.a(etimer.o)
                              build/cooja/contiki-ng-cooja.a(contiki-main.o) (etimer_process)
build/cooja/contiki-ng-cooja.a(log.o)
                              build/cooja/contiki-ng-cooja.a(contiki-main.o) (curr_log_level_main)
build/cooja/contiki-ng-cooja.a(node-id.o)
                              build/cooja/contiki-ng-cooja.a(contiki-main.o) (node_id)
build/cooja/contiki-ng-cooja.a(process.o)
                              build/cooja/contiki-ng-cooja.a(coap-blocking-api.o) (process_current)
build/cooja/contiki-ng-cooja.a(rtimer.o)
[...]
Memory Configuration

Name             Origin             Length             Attributes
*default*        0x0000000000000000 0xffffffffffffffff

Linker script and memory map

LOAD /usr/lib/gcc/x86_64-linux-gnu/11/../../../x86_64-linux-gnu/crti.o
LOAD /usr/lib/gcc/x86_64-linux-gnu/11/crtbeginS.o
LOAD actuator.o
LOAD build/cooja/mtype920332074.o
LOAD build/cooja/contiki-ng-cooja.a
LOAD /usr/lib/gcc/x86_64-linux-gnu/11/libgcc.a
LOAD /usr/lib/gcc/x86_64-linux-gnu/11/libgcc_s.so
START GROUP
LOAD /usr/lib/gcc/x86_64-linux-gnu/11/../../../x86_64-linux-gnu/libgcc_s.so.1
LOAD /usr/lib/gcc/x86_64-linux-gnu/11/libgcc.a
END GROUP
LOAD /usr/lib/gcc/x86_64-linux-gnu/11/../../../x86_64-linux-gnu/libc.so
START GROUP
LOAD /lib/x86_64-linux-gnu/libc.so.6
LOAD /usr/lib/x86_64-linux-gnu/libc_nonshared.a
LOAD /lib64/ld-linux-x86-64.so.2
END GROUP
LOAD /usr/lib/gcc/x86_64-linux-gnu/11/libgcc.a
LOAD /usr/lib/gcc/x86_64-linux-gnu/11/libgcc_s.so
START GROUP
LOAD /usr/lib/gcc/x86_64-linux-gnu/11/../../../x86_64-linux-gnu/libgcc_s.so.1
LOAD /usr/lib/gcc/x86_64-linux-gnu/11/libgcc.a
END GROUP
LOAD /usr/lib/gcc/x86_64-linux-gnu/11/crtendS.o
LOAD /usr/lib/gcc/x86_64-linux-gnu/11/../../../x86_64-linux-gnu/crtn.o
                0x00000000000002a8                . = (SEGMENT_START ("text-segment", 0x0) + SIZEOF_HEADERS)

.note.gnu.property
                0x00000000000002a8       0x20
 .note.gnu.property
                0x00000000000002a8       0x20 /usr/lib/gcc/x86_64-linux-gnu/11/../../../x86_64-linux-gnu/crti.o

.note.gnu.build-id
                0x00000000000002c8       0x24
 *(.note.gnu.build-id)
 .note.gnu.build-id
                0x00000000000002c8       0x24 /usr/lib/gcc/x86_64-linux-gnu/11/../../../x86_64-linux-gnu/crti.o

.hash
 *(.hash)

.gnu.hash       0x00000000000002f0     0x15b8
 *(.gnu.hash)
 .gnu.hash      0x00000000000002f0     0x15b8 /usr/lib/gcc/x86_64-linux-gnu/11/../../../x86_64-linux-gnu/crti.o

.dynsym         0x00000000000018a8     0x46e0
 *(.dynsym)
 .dynsym        0x00000000000018a8     0x46e0 /usr/lib/gcc/x86_64-linux-gnu/11/../../../x86_64-linux-gnu/crti.o

.dynstr         0x0000000000005f88     0x3726
 *(.dynstr)
 .dynstr        0x0000000000005f88     0x3726 /usr/lib/gcc/x86_64-linux-gnu/11/../../../x86_64-linux-gnu/crti.o

.gnu.version    0x00000000000096ae      0x5e8
 *(.gnu.version)
 .gnu.version   0x00000000000096ae      0x5e8 /usr/lib/gcc/x86_64-linux-gnu/11/../../../x86_64-linux-gnu/crti.o

.gnu.version_d  0x0000000000009c98        0x0
 *(.gnu.version_d)
 .gnu.version_d
                0x0000000000009c98        0x0 /usr/lib/gcc/x86_64-linux-gnu/11/../../../x86_64-linux-gnu/crti.o

.gnu.version_r  0x0000000000009c98       0x50
 *(.gnu.version_r)
 .gnu.version_r
                0x0000000000009c98       0x50 /usr/lib/gcc/x86_64-linux-gnu/11/../../../x86_64-linux-gnu/crti.o

.rela.dyn       0x0000000000009ce8     0x2190
 *(.rela.init)
 *(.rela.text .rela.text.* .rela.gnu.linkonce.t.*)
 .rela.text     0x0000000000009ce8        0x0 /usr/lib/gcc/x86_64-linux-gnu/11/../../../x86_64-linux-gnu/crti.o
 *(.rela.fini)
 *(.rela.rodata .rela.rodata.* .rela.gnu.linkonce.r.*)
 *(.rela.data .rela.data.* .rela.gnu.linkonce.d.*)
 .rela.data.rel.local
                0x0000000000009ce8      0x900 /usr/lib/gcc/x86_64-linux-gnu/11/../../../x86_64-linux-gnu/crti.o
 .rela.data.rel.ro
                0x000000000000a5e8      0x2a0 /usr/lib/gcc/x86_64-linux-gnu/11/../../../x86_64-linux-gnu/crti.o
 .rela.data.rel
                0x000000000000a888      0x3a8 /usr/lib/gcc/x86_64-linux-gnu/11/../../../x86_64-linux-gnu/crti.o
 .rela.data.rel.ro.local
                0x000000000000ac30      0x5e8 /usr/lib/gcc/x86_64-linux-gnu/11/../../../x86_64-linux-gnu/crti.o
 *(.rela.tdata .rela.tdata.* .rela.gnu.linkonce.td.*)
 *(.rela.tbss .rela.tbss.* .rela.gnu.linkonce.tb.*)
 *(.rela.ctors)
 *(.rela.dtors)
 *(.rela.got)
 .rela.got      0x000000000000b218      0xc30 /usr/lib/gcc/x86_64-linux-gnu/11/../../../x86_64-linux-gnu/crti.o
 *(.rela.bss .rela.bss.* .rela.gnu.linkonce.b.*)
 *(.rela.ldata .rela.ldata.* .rela.gnu.linkonce.l.*)
 *(.rela.lbss .rela.lbss.* .rela.gnu.linkonce.lb.*)
 *(.rela.lrodata .rela.lrodata.* .rela.gnu.linkonce.lr.*)
 *(.rela.ifunc)
 .rela.ifunc    0x000000000000be48        0x0 /usr/lib/gcc/x86_64-linux-gnu/11/../../../x86_64-linux-gnu/crti.o
 .rela.fini_array
                0x000000000000be48       0x18 /usr/lib/gcc/x86_64-linux-gnu/11/../../../x86_64-linux-gnu/crti.o
 .rela.init_array
                0x000000000000be60       0x18 /usr/lib/gcc/x86_64-linux-gnu/11/../../../x86_64-linux-gnu/crti.o

.rela.plt       0x000000000000be78     0x2580
 *(.rela.plt)
 .rela.plt      0x000000000000be78     0x2580 /usr/lib/gcc/x86_64-linux-gnu/11/../../../x86_64-linux-gnu/crti.o
 *(.rela.iplt)

.relr.dyn
 *(.relr.dyn)
                0x000000000000f000                . = ALIGN (CONSTANT (MAXPAGESIZE))

.init           0x000000000000f000       0x1b
 *(SORT_NONE(.init))
 .init          0x000000000000f000       0x16 /usr/lib/gcc/x86_64-linux-gnu/11/../../../x86_64-linux-gnu/crti.o
                0x000000000000f000                _init
 .init          0x000000000000f016        0x5 /usr/lib/gcc/x86_64-linux-gnu/11/../../../x86_64-linux-gnu/crtn.o

.plt            0x000000000000f020     0x1910
 *(.plt)
 .plt           0x000000000000f020     0x1910 /usr/lib/gcc/x86_64-linux-gnu/11/../../../x86_64-linux-gnu/crti.o
 *(.iplt)

.plt.got        0x0000000000010930       0x30
 *(.plt.got)
 .plt.got       0x0000000000010930       0x30 /usr/lib/gcc/x86_64-linux-gnu/11/../../../x86_64-linux-gnu/crti.o

.plt.sec        0x0000000000010960     0x1900
 *(.plt.sec)
 .plt.sec       0x0000000000010960     0x1900 /usr/lib/gcc/x86_64-linux-gnu/11/../../../x86_64-linux-gnu/crti.o

.text           0x0000000000012260    0x1ffea
 *(.text.unlikely .text.*_unlikely .text.unlikely.*)
 *(.text.exit .text.exit.*)
 *(.text.startup .text.startup.*)
 *(.text.hot .text.hot.*)
 *(SORT_BY_NAME(.text.sorted.*))
 *(.text .stub .text.* .gnu.linkonce.t.*)
 .text          0x0000000000012260        0x0 /usr/lib/gcc/x86_64-linux-gnu/11/../../../x86_64-linux-gnu/crti.o
 .text          0x0000000000012260       0xb9 /usr/lib/gcc/x86_64-linux-gnu/11/crtbeginS.o
 .text          0x0000000000012319      0x2c8 actuator.o
                0x0000000000012319                client_chunk_handler
 .text          0x00000000000125e1      0x374 build/cooja/mtype920332074.o
                0x0000000000012697                platform_init_stage_one
                0x00000000000126ac                platform_init_stage_two
                0x00000000000126c1                platform_init_stage_three
                0x00000000000126d6                platform_main_loop
                0x0000000000012770                JNI_OnLoad
                0x0000000000012787                Java_org_contikios_cooja_corecomm_Lib2_init
                0x00000000000127da                Java_org_contikios_cooja_corecomm_Lib2_getMemory
                0x0000000000012839                Java_org_contikios_cooja_corecomm_Lib2_setMemory
                0x0000000000012898                Java_org_contikios_cooja_corecomm_Lib2_tick
                0x0000000000012926                Java_org_contikios_cooja_corecomm_Lib2_setReferenceAddress
 .text          0x0000000000012955       0x93 build/cooja/contiki-ng-cooja.a(simEnvChange.o)
                0x0000000000012955                doActionsBeforeTick
                0x000000000001299e                doActionsAfterTick
 .text          0x00000000000129e8       0xab build/cooja/contiki-ng-cooja.a(cooja_mt.o)
                0x00000000000129e8                cooja_mt_start
                0x0000000000012a28                cooja_mt_exec
                0x0000000000012a6b                cooja_mt_yield
 .text          0x0000000000012a93      0x10e build/cooja/contiki-ng-cooja.a(cooja_mtarch.o)
                0x0000000000012a93                cooja_mtarch_start
                0x0000000000012b36                cooja_sw
                0x0000000000012b63                cooja_mtarch_exec
                0x0000000000012b91                cooja_mtarch_yield
 .text          0x0000000000012ba1       0xcc build/cooja/contiki-ng-cooja.a(rtimer-arch.o)
                0x0000000000012ba1                rtimer_arch_init
                0x0000000000012bc7                rtimer_arch_schedule
                0x0000000000012bf1                rtimer_arch_next
                0x0000000000012c05                rtimer_arch_pending
                0x0000000000012c18                rtimer_arch_check
                0x0000000000012c59                rtimer_arch_now
 .text          0x0000000000012c6d       0xe6 build/cooja/contiki-ng-cooja.a(beep.o)
                0x0000000000012c6d                beep_alarm
                0x0000000000012c88                beep_beep
                0x0000000000012ca0                beep
                0x0000000000012cb5                beep_down
                0x0000000000012ccd                beep_on
                0x0000000000012ce2                beep_off
                0x0000000000012cf7                beep_spinup
                0x0000000000012d0c                beep_quick
                0x0000000000012d24                beep_long
 .text          0x0000000000012d53       0x80 build/cooja/contiki-ng-cooja.a(leds-arch.o)
                0x0000000000012d6c                leds_arch_init
 .text          0x0000000000012dd3       0x41 build/cooja/contiki-ng-cooja.a(moteid.o)
 .text          0x0000000000012e14       0xfa build/cooja/contiki-ng-cooja.a(pir-sensor.o)
 .text          0x0000000000012f0e      0x18b build/cooja/contiki-ng-cooja.a(rs232.o)
                0x0000000000012f0e                rs232_init
                0x0000000000012f19                rs232_set_speed
                0x0000000000012f29                rs232_set_input
                0x0000000000012f43                rs232_send
                0x0000000000012f62                rs232_print
                0x0000000000012f90                slip_arch_writeb
 .text          0x0000000000013099       0xfa build/cooja/contiki-ng-cooja.a(vib-sensor.o)
 .text          0x0000000000013193       0x6f build/cooja/contiki-ng-cooja.a(clock.o)
                0x0000000000013193                clock_init
                0x000000000001319e                clock_time
                0x00000000000131b2                clock_seconds
                0x00000000000131de                clock_delay
 .text          0x0000000000013202      0x214 build/cooja/contiki-ng-cooja.a(cooja-log.o)
                0x0000000000013202                simlog_char
                0x000000000001325c                simlog
                0x00000000000132e1                log_message
                0x0000000000013326                log_set_putchar_with_slip
                0x000000000001333d                dbg_putchar
                0x00000000000133be                dbg_send_bytes
 .text          0x0000000000013416      0x39b build/cooja/contiki-ng-cooja.a(cfs-cooja.o)
                0x0000000000013416                cfs_open
                0x0000000000013493                cfs_close
                0x00000000000134a8                cfs_read
                0x000000000001356f                cfs_write
                0x000000000001367f                cfs_seek
                0x000000000001372e                cfs_remove
                0x000000000001375e                cfs_opendir
                0x0000000000013775                cfs_readdir
                0x000000000001378c                cfs_closedir
 .text          0x00000000000137b1      0x79f build/cooja/contiki-ng-cooja.a(cooja-radio.o)
                0x0000000000013810                radio_set_channel
                0x000000000001382a                radio_set_txpower
                0x0000000000013847                radio_signal_strength_last
                0x000000000001385a                radio_signal_strength_current
                0x000000000001386d                radio_LQI
 .text          0x0000000000013f50      0x163 build/cooja/contiki-ng-cooja.a(eeprom.o)
                0x0000000000013f50                eeprom_init
                0x0000000000013f5f                eeprom_read
                0x0000000000013ffe                eeprom_write
 .text          0x00000000000140b3       0x2f build/cooja/contiki-ng-cooja.a(random.o)
                0x00000000000140b3                random_init
                0x00000000000140d3                random_rand
 .text          0x00000000000140e2      0x35f build/cooja/contiki-ng-cooja.a(sensors.o)
                0x000000000001412b                sensors_first
                0x000000000001413f                sensors_next
                0x000000000001416e                sensors_changed
                0x00000000000141bb                sensors_find
 .text          0x0000000000014441      0x3ad build/cooja/contiki-ng-cooja.a(leds.o)
                0x0000000000014441                leds_init
                0x000000000001448c                leds_single_on
                0x00000000000144f9                leds_single_off
                0x0000000000014566                leds_single_toggle
                0x000000000001459e                leds_on
                0x000000000001462f                leds_off
                0x00000000000146c0                leds_toggle
                0x000000000001471c                leds_set
                0x0000000000014745                leds_get
 .text          0x00000000000147ee      0x41b build/cooja/contiki-ng-cooja.a(gpio-hal-arch.o)
                0x00000000000147ee                gpio_hal_arch_register_pin_callback
                0x0000000000014895                gpio_hal_arch_init
                0x00000000000148eb                gpio_hal_arch_no_port_interrupt_enable
                0x0000000000014938                gpio_hal_arch_no_port_interrupt_disable
                0x0000000000014985                gpio_hal_arch_no_port_pin_cfg_set
                0x00000000000149bb                gpio_hal_arch_no_port_pin_cfg_get
                0x00000000000149ef                gpio_hal_arch_no_port_pin_set_input
                0x0000000000014a02                gpio_hal_arch_no_port_pin_set_output
                0x0000000000014a15                gpio_hal_arch_no_port_set_pin
                0x0000000000014a39                gpio_hal_arch_no_port_clear_pin
                0x0000000000014a5d                gpio_hal_arch_no_port_read_pin
                0x0000000000014a8a                gpio_hal_arch_no_port_write_pin
                0x0000000000014ab4                gpio_hal_arch_no_port_set_pins
                0x0000000000014b03                gpio_hal_arch_no_port_clear_pins
                0x0000000000014b52                gpio_hal_arch_no_port_read_pins
                0x0000000000014ba0                gpio_hal_arch_no_port_write_pins
 .text          0x0000000000014c09       0xa8 build/cooja/contiki-ng-cooja.a(buttons.o)
 .text          0x0000000000014cb1      0x616 build/cooja/contiki-ng-cooja.a(fan-speed.o)
 .text          0x00000000000152c7      0x2fe build/cooja/contiki-ng-cooja.a(nitrogen.o)
 .text          0x00000000000155c5      0x2e0 build/cooja/contiki-ng-cooja.a(coap-blocking-api.o)
                0x00000000000155c5                coap_blocking_request_callback
                0x0000000000015600                coap_blocking_request
 .text          0x00000000000158a5      0xdaa build/cooja/contiki-ng-cooja.a(coap-engine.o)
                0x0000000000015974                coap_add_handler
                0x000000000001599d                coap_remove_handler
                0x00000000000159c6                coap_call_handlers
                0x0000000000015b07                coap_receive
                0x00000000000161bd                coap_engine_init
                0x000000000001621d                coap_activate_resource
                0x00000000000162ee                coap_get_first_resource
                0x0000000000016307                coap_get_next_resource
 .text          0x000000000001664f      0xa9c build/cooja/contiki-ng-cooja.a(coap-observe.o)
                0x00000000000167a0                coap_remove_observer
                0x00000000000167df                coap_remove_observer_by_client
                0x0000000000016855                coap_remove_observer_by_token
                0x0000000000016903                coap_remove_observer_by_uri
                0x00000000000169c0                coap_remove_observer_by_mid
                0x0000000000016a4a                coap_notify_observers
                0x0000000000016a6e                coap_notify_observers_sub
                0x0000000000016f20                coap_observe_handler
                0x0000000000017074                coap_has_observers
 .text          0x00000000000170eb      0x376 build/cooja/contiki-ng-cooja.a(coap-res-well-known-core.o)
 .text          0x0000000000017461      0x322 build/cooja/contiki-ng-cooja.a(coap-timer.o)
                0x0000000000017573                coap_timer_stop
                0x00000000000175a9                coap_timer_set
                0x00000000000175e0                coap_timer_reset
                0x000000000001761a                coap_timer_time_to_next_expiration
                0x0000000000017673                coap_timer_run
                0x000000000001773a                coap_timer_init
 .text          0x0000000000017783      0x33a build/cooja/contiki-ng-cooja.a(coap-transactions.o)
                0x0000000000017815                coap_new_transaction
                0x000000000001788c                coap_send_transaction
                0x0000000000017a0b                coap_clear_transaction
                0x0000000000017a61                coap_get_transaction_by_mid
 .text          0x0000000000017abd      0x8b4 build/cooja/contiki-ng-cooja.a(coap-uip.o)
                0x0000000000017abd                coap_endpoint_log
                0x0000000000017b59                coap_endpoint_print
                0x0000000000017bf5                coap_endpoint_snprint
                0x0000000000017d7b                coap_endpoint_copy
                0x0000000000017dc3                coap_endpoint_cmp
                0x0000000000017f18                coap_endpoint_parse
                0x0000000000018147                coap_endpoint_is_secure
                0x0000000000018160                coap_endpoint_is_connected
                0x00000000000181a6                coap_endpoint_connect
                0x00000000000181cc                coap_endpoint_disconnect
                0x00000000000181db                coap_databuf
                0x00000000000181ef                coap_transport_init
                0x000000000001824f                coap_sendto
 .text          0x0000000000018371     0x24a7 build/cooja/contiki-ng-cooja.a(coap.o)
                0x0000000000018a49                coap_init_connection
                0x0000000000018a60                coap_get_mid
                0x0000000000018a82                coap_init_message
                0x0000000000018ad8                coap_serialize_message
                0x0000000000019261                coap_parse_message
                0x0000000000019a95                coap_get_query_variable
                0x0000000000019af1                coap_get_post_variable
                0x0000000000019b4b                coap_set_status_code
                0x0000000000019b7d                coap_set_token
                0x0000000000019bdd                coap_get_header_content_format
                0x0000000000019c25                coap_set_header_content_format
                0x0000000000019c5d                coap_get_header_accept
                0x0000000000019ca8                coap_set_header_accept
                0x0000000000019ce3                coap_get_header_max_age
                0x0000000000019d2c                coap_set_header_max_age
                0x0000000000019d61                coap_get_header_etag
                0x0000000000019dad                coap_set_header_etag
                0x0000000000019e1e                coap_get_header_if_match
                0x0000000000019e70                coap_set_header_if_match
                0x0000000000019eed                coap_get_header_if_none_match
                0x0000000000019f18                coap_set_header_if_none_match
                0x0000000000019f40                coap_get_header_proxy_uri
                0x0000000000019f89                coap_set_header_proxy_uri
                0x0000000000019fd8                coap_get_header_uri_host
                0x000000000001a021                coap_set_header_uri_host
                0x000000000001a070                coap_get_header_uri_path
                0x000000000001a0bf                coap_set_header_uri_path
                0x000000000001a129                coap_get_header_uri_query
                0x000000000001a178                coap_set_header_uri_query
                0x000000000001a1e2                coap_get_header_location_path
                0x000000000001a22b                coap_set_header_location_path
                0x000000000001a2e1                coap_get_header_location_query
                0x000000000001a330                coap_set_header_location_query
                0x000000000001a39a                coap_get_header_observe
                0x000000000001a3e3                coap_set_header_observe
                0x000000000001a41b                coap_get_header_block2
                0x000000000001a4bd                coap_set_header_block2
                0x000000000001a54d                coap_get_header_block1
                0x000000000001a5ef                coap_set_header_block1
                0x000000000001a67a                coap_get_header_size2
                0x000000000001a6c1                coap_set_header_size2
                0x000000000001a6f9                coap_get_header_size1
                0x000000000001a740                coap_set_header_size1
                0x000000000001a778                coap_get_payload
                0x000000000001a7c8                coap_set_payload
 .text          0x000000000001a818      0x405 build/cooja/contiki-ng-cooja.a(contiki-main.o)
                0x000000000001a818                main
 .text          0x000000000001ac1d       0xbd build/cooja/contiki-ng-cooja.a(autostart.o)
                0x000000000001ac1d                autostart_start
                0x000000000001ac7e                autostart_exit
 .text          0x000000000001acda      0x441 build/cooja/contiki-ng-cooja.a(ctimer.o)
                0x000000000001ae3c                ctimer_init
                0x000000000001ae71                ctimer_set
                0x000000000001aeb5                ctimer_set_with_process
                0x000000000001af6f                ctimer_reset
                0x000000000001afe0                ctimer_restart
                0x000000000001b051                ctimer_stop
                0x000000000001b0af                ctimer_expired
 .text          0x000000000001b11b       0x25 build/cooja/contiki-ng-cooja.a(energest.o)
                0x000000000001b11b                energest_init
                0x000000000001b126                energest_flush
                0x000000000001b131                energest_get_total_time
 .text          0x000000000001b140      0x57c build/cooja/contiki-ng-cooja.a(etimer.o)
                0x000000000001b3e8                etimer_request_poll
                0x000000000001b49a                etimer_set
                0x000000000001b4d0                etimer_reset_with_new_interval
                0x000000000001b50b                etimer_reset
                0x000000000001b536                etimer_restart
                0x000000000001b561                etimer_adjust
                0x000000000001b592                etimer_expired
                0x000000000001b5b1                etimer_expiration_time
                0x000000000001b5d1                etimer_start_time
                0x000000000001b5e6                etimer_pending
                0x000000000001b600                etimer_next_expiration_time
                0x000000000001b621                etimer_stop
 .text          0x000000000001b6bc      0x539 build/cooja/contiki-ng-cooja.a(log.o)
                0x000000000001b6bc                log_6addr
                0x000000000001b722                log_6addr_compact_snprint
                0x000000000001b7fd                log_6addr_compact
                0x000000000001b863                log_lladdr
                0x000000000001b8e3                log_lladdr_compact
                0x000000000001b965                log_bytes
                0x000000000001b9c5                log_set_level
                0x000000000001bad3                log_get_level
                0x000000000001bb8a                log_level_to_str
 .text          0x000000000001bbf5       0x36 build/cooja/contiki-ng-cooja.a(node-id.o)
                0x000000000001bbf5                node_id_init
 .text          0x000000000001bc2b      0x673 build/cooja/contiki-ng-cooja.a(process.o)
                0x000000000001bc2b                process_alloc_event
                0x000000000001bc45                process_start
                0x000000000001beb5                process_exit
                0x000000000001bee1                process_init
                0x000000000001c0d8                process_run
                0x000000000001c10d                process_nevents
                0x000000000001c12d                process_post
                0x000000000001c1f5                process_post_synch
                0x000000000001c243                process_poll
                0x000000000001c280                process_is_running
 .text          0x000000000001c29e      0x101 build/cooja/contiki-ng-cooja.a(rtimer.o)
                0x000000000001c29e                rtimer_init
                0x000000000001c2ae                rtimer_set
                0x000000000001c32f                rtimer_run_next
 .text          0x000000000001c39f       0xfd build/cooja/contiki-ng-cooja.a(timer.o)
                0x000000000001c39f                timer_set
                0x000000000001c3ce                timer_reset
                0x000000000001c40a                timer_restart
                0x000000000001c429                timer_expired
                0x000000000001c464                timer_remaining
 .text          0x000000000001c49c      0x39b build/cooja/contiki-ng-cooja.a(list.o)
                0x000000000001c49c                list_init
                0x000000000001c4b6                list_head
                0x000000000001c4cb                list_copy
                0x000000000001c4ec                list_tail
                0x000000000001c535                list_add
                0x000000000001c599                list_push
                0x000000000001c5dc                list_chop
                0x000000000001c669                list_pop
                0x000000000001c6a3                list_remove
                0x000000000001c72f                list_length
                0x000000000001c76a                list_insert
                0x000000000001c7cd                list_item_next
                0x000000000001c7f0                list_contains
 .text          0x000000000001c837      0x21a build/cooja/contiki-ng-cooja.a(memb.o)
                0x000000000001c837                memb_init
                0x000000000001c89a                memb_alloc
                0x000000000001c914                memb_free
                0x000000000001c9a7                memb_inmemb
                0x000000000001c9fe                memb_numfree
 .text          0x000000000001ca51      0x574 build/cooja/contiki-ng-cooja.a(button-hal.o)
                0x000000000001cc1c                button_hal_get_by_id
                0x000000000001cc6a                button_hal_get_by_index
                0x000000000001cca1                button_hal_get_state
                0x000000000001cd04                button_hal_init
 .text          0x000000000001cfc5      0x181 build/cooja/contiki-ng-cooja.a(gpio-hal.o)
                0x000000000001cfc5                gpio_hal_register_handler
                0x000000000001cfee                gpio_hal_event_handler
                0x000000000001d059                gpio_hal_init
                0x000000000001d078                gpio_hal_arch_port_toggle_pin
                0x000000000001d0af                gpio_hal_arch_port_toggle_pins
                0x000000000001d0e0                gpio_hal_arch_no_port_toggle_pin
                0x000000000001d11a                gpio_hal_arch_no_port_toggle_pins
 .text          0x000000000001d146      0x238 build/cooja/contiki-ng-cooja.a(serial-line.o)
                0x000000000001d146                serial_line_input_byte
                0x000000000001d341                serial_line_init
 .text          0x000000000001d37e       0x80 build/cooja/contiki-ng-cooja.a(linkaddr.o)
                0x000000000001d37e                linkaddr_copy
                0x000000000001d39f                linkaddr_cmp
                0x000000000001d3d5                linkaddr_set_node_addr
 .text          0x000000000001d3fe      0x12b build/cooja/contiki-ng-cooja.a(netstack.o)
                0x000000000001d3fe                netstack_process_ip_callback
                0x000000000001d49f                netstack_ip_packet_processor_add
                0x000000000001d4cf                uip_ds6_ip_packet_processor_rm
                0x000000000001d4f8                netstack_init
 .text          0x000000000001d529      0x4a8 build/cooja/contiki-ng-cooja.a(packetbuf.o)
                0x000000000001d529                packetbuf_clear
                0x000000000001d557                packetbuf_copyfrom
                0x000000000001d5b0                packetbuf_copyto
                0x000000000001d656                packetbuf_hdralloc
                0x000000000001d6e5                packetbuf_hdrreduce
                0x000000000001d735                packetbuf_set_datalen
                0x000000000001d751                packetbuf_dataptr
                0x000000000001d776                packetbuf_hdrptr
                0x000000000001d787                packetbuf_datalen
                0x000000000001d798                packetbuf_hdrlen
                0x000000000001d7b4                packetbuf_totlen
                0x000000000001d7d6                packetbuf_remaininglen
                0x000000000001d7ee                packetbuf_attr_clear
                0x000000000001d853                packetbuf_attr_copyto
                0x000000000001d89e                packetbuf_attr_copyfrom
                0x000000000001d8e9                packetbuf_set_attr
                0x000000000001d919                packetbuf_attr
                0x000000000001d93a                packetbuf_set_addr
                0x000000000001d980                packetbuf_addr
                0x000000000001d9aa                packetbuf_holds_broadcast
 .text          0x000000000001d9d1      0x382 build/cooja/contiki-ng-cooja.a(queuebuf.o)
                0x000000000001d9e6                queuebuf_init
                0x000000000001da0f                queuebuf_numfree
                0x000000000001da28                queuebuf_new_from_packetbuf
                0x000000000001dadb                queuebuf_update_attr_from_packetbuf
                0x000000000001db1e                queuebuf_update_from_packetbuf
                0x000000000001db7a                queuebuf_free
                0x000000000001dbd6                queuebuf_to_packetbuf
                0x000000000001dc4f                queuebuf_dataptr
                0x000000000001dc96                queuebuf_datalen
                0x000000000001dcc6                queuebuf_addr
                0x000000000001dd0d                queuebuf_attr
                0x000000000001dd48                queuebuf_debug_print
 .text          0x000000000001dd53      0x116 build/cooja/contiki-ng-cooja.a(printf.o)
                0x000000000001dd88                log_printf
 .text          0x000000000001de69       0x1e build/cooja/contiki-ng-cooja.a(putchar.o)
                0x000000000001de69                log_putchar
 .text          0x000000000001de87       0x3d build/cooja/contiki-ng-cooja.a(puts.o)
                0x000000000001de87                log_puts
 .text          0x000000000001dec4      0x1f8 build/cooja/contiki-ng-cooja.a(snprintf.o)
                0x000000000001df4f                log_snprintf
                0x000000000001e034                log_vsnprintf
 .text          0x000000000001e0bc      0x152 build/cooja/contiki-ng-cooja.a(sprintf.o)
                0x000000000001e107                log_sprintf
 .text          0x000000000001e20e     0x170b build/cooja/contiki-ng-cooja.a(strformat.o)
                0x000000000001e581                format_str
                0x000000000001e662                format_str_v
 .text          0x000000000001f919      0x292 build/cooja/contiki-ng-cooja.a(csma.o)
 .text          0x000000000001fbab     0x3747 build/cooja/contiki-ng-cooja.a(sicslowpan.o)
                0x0000000000020381                netstack_sniffer_add
                0x000000000002039b                netstack_sniffer_remove
                0x00000000000232bb                sicslowpan_init
                0x00000000000232e2                sicslowpan_get_last_rssi
 .text          0x00000000000232f2      0x884 build/cooja/contiki-ng-cooja.a(tcpip.o)
                0x0000000000023322                tcpip_output
                0x00000000000233ba                udp_attach
                0x00000000000233e8                udp_new
                0x0000000000023443                udp_broadcast_new
                0x00000000000235f7                tcpip_input
                0x00000000000237cf                tcpip_ipv6_output
                0x0000000000023a28                tcpip_poll_udp
                0x0000000000023a56                tcpip_uipcall
 .text          0x0000000000023b76      0x416 build/cooja/contiki-ng-cooja.a(uip-ds6-nbr.o)
                0x0000000000023b76                uip_ds6_neighbors_init
                0x0000000000023b9f                uip_ds6_nbr_add
                0x0000000000023c3d                uip_ds6_nbr_rm
                0x0000000000023c9a                uip_ds6_nbr_update_ll
                0x0000000000023d9f                uip_ds6_nbr_get_ipaddr
                0x0000000000023dbf                uip_ds6_nbr_get_ll
                0x0000000000023de7                uip_ds6_nbr_num
                0x0000000000023e39                uip_ds6_nbr_head
                0x0000000000023e52                uip_ds6_nbr_next
                0x0000000000023e7a                uip_ds6_nbr_lookup
                0x0000000000023ee3                uip_ds6_nbr_ll_lookup
                0x0000000000023f0b                uip_ds6_nbr_ipaddr_from_lladdr
                0x0000000000023f3f                uip_ds6_nbr_lladdr_from_ipaddr
                0x0000000000023f7b                uip_ds6_link_callback
 .text          0x0000000000023f8c      0x3f9 build/cooja/contiki-ng-cooja.a(uip-ds6-route.o)
                0x0000000000023fe3                uip_ds6_route_init
                0x000000000002400c                uip_ds6_route_count_nexthop_neighbors
                0x000000000002401b                uip_ds6_route_nexthop
                0x000000000002402e                uip_ds6_route_head
                0x000000000002403d                uip_ds6_route_next
                0x0000000000024050                uip_ds6_route_is_nexthop
                0x0000000000024063                uip_ds6_route_num_routes
                0x0000000000024072                uip_ds6_route_lookup
                0x0000000000024085                uip_ds6_route_add
                0x00000000000240a1                uip_ds6_route_rm
                0x00000000000240b0                uip_ds6_route_rm_by_nexthop
                0x00000000000240bf                uip_ds6_defrt_head
                0x00000000000240d8                uip_ds6_defrt_add
                0x0000000000024198                uip_ds6_defrt_rm
                0x000000000002420e                uip_ds6_defrt_lookup
                0x0000000000024285                uip_ds6_defrt_choose
                0x0000000000024308                uip_ds6_defrt_periodic
 .text          0x0000000000024385      0xebc build/cooja/contiki-ng-cooja.a(uip-ds6.o)
                0x0000000000024385                uip_ds6_default_prefix
                0x0000000000024396                uip_ds6_set_default_prefix
                0x00000000000243be                uip_ds6_init
                0x000000000002465d                uip_ds6_periodic
                0x00000000000246ff                uip_ds6_list_loop
                0x00000000000247e8                uip_ds6_prefix_add
                0x00000000000248b9                uip_ds6_prefix_rm
                0x00000000000248d7                uip_ds6_prefix_lookup
                0x000000000002492e                uip_ds6_is_addr_onlink
                0x00000000000249c2                uip_ds6_addr_add
                0x0000000000024b0d                uip_ds6_addr_rm
                0x0000000000024bc8                uip_ds6_addr_lookup
                0x0000000000024c1d                uip_ds6_get_link_local
                0x0000000000024cc2                uip_ds6_get_global
                0x0000000000024d67                uip_ds6_maddr_add
                0x0000000000024de3                uip_ds6_maddr_rm
                0x0000000000024e01                uip_ds6_maddr_lookup
                0x0000000000024e59                uip_ds6_aaddr_add
                0x0000000000024ed5                uip_ds6_aaddr_rm
                0x0000000000024ef3                uip_ds6_aaddr_lookup
                0x0000000000024f4b                uip_ds6_select_src
                0x00000000000250d5                uip_ds6_set_addr_iid
                0x000000000002510e                uip_ds6_set_lladdr_from_iid
                0x0000000000025145                get_match_length
                0x00000000000251f3                uip_ds6_compute_reachable_time
 .text          0x0000000000025241      0x1b9 build/cooja/contiki-ng-cooja.a(uip-packetqueue.o)
                0x0000000000025280                uip_packetqueue_new
                0x000000000002529a                uip_packetqueue_alloc
                0x0000000000025314                uip_packetqueue_free
                0x000000000002536c                uip_packetqueue_buf
                0x0000000000025398                uip_packetqueue_buflen
                0x00000000000253c7                uip_packetqueue_set_buflen
 .text          0x00000000000253fa      0x147 build/cooja/contiki-ng-cooja.a(uip-udp-packet.o)
                0x00000000000253fa                uip_udp_packet_send
                0x000000000002547c                uip_udp_packet_sendto
 .text          0x0000000000025541     0x1701 build/cooja/contiki-ng-cooja.a(uip6.o)
                0x0000000000025605                uip_chksum
                0x00000000000256eb                uip_icmp6chksum
                0x00000000000256ff                uip_udpchksum
                0x0000000000025713                uip_init
                0x000000000002577a                uip_remove_ext_hdr
                0x000000000002587b                uip_udp_new
                0x0000000000025c29                uip_process
                0x0000000000026ac8                uip_htons
                0x0000000000026aeb                uip_htonl
                0x0000000000026b33                uip_send
 .text          0x0000000000026c42      0x5b1 build/cooja/contiki-ng-cooja.a(uipbuf.o)
                0x0000000000026c42                uipbuf_clear
                0x0000000000026c74                uipbuf_add_ext_hdr
                0x0000000000026d0c                uipbuf_set_len
                0x0000000000026d3e                uipbuf_set_len_field
                0x0000000000026d71                uipbuf_get_len_field
                0x0000000000026d9c                uipbuf_get_next_header
                0x0000000000026f0e                uipbuf_get_last_header
                0x0000000000026fa1                uipbuf_search_header
                0x0000000000027068                uipbuf_get_attr
                0x0000000000027099                uipbuf_set_attr
                0x00000000000270d9                uipbuf_set_default_attr
                0x0000000000027119                uipbuf_clear_attr
                0x0000000000027140                uipbuf_set_attr_flag
                0x0000000000027163                uipbuf_clr_attr_flag
                0x000000000002718c                uipbuf_is_attr_flag
                0x00000000000271b1                uipbuf_init
 .text          0x00000000000271f3      0x57d build/cooja/contiki-ng-cooja.a(uiplib.o)
                0x00000000000271f3                uiplib_ip6addrconv
                0x00000000000273cf                uiplib_ip4addrconv
                0x00000000000274a1                uiplib_ipaddr_print
                0x0000000000027507                uiplib_ipaddr_snprint
 .text          0x0000000000027770      0x66e build/cooja/contiki-ng-cooja.a(rpl.o)
                0x0000000000027770                rpl_lollipop_greater_than
                0x00000000000277d4                rpl_get_global_address
                0x0000000000027974                rpl_link_callback
                0x00000000000279de                rpl_has_joined
                0x0000000000027a11                rpl_is_reachable
                0x0000000000027ab7                rpl_reset_prefix
                0x0000000000027b2e                rpl_set_prefix_from_addr
                0x0000000000027c49                rpl_set_prefix
                0x0000000000027db3                rpl_set_leaf_only
                0x0000000000027dcd                rpl_get_leaf_only
 .text          0x0000000000027dde       0x49 build/cooja/contiki-ng-cooja.a(watchdog.o)
                0x0000000000027dde                watchdog_init
                0x0000000000027de9                watchdog_start
                0x0000000000027df4                watchdog_periodic
                0x0000000000027e11                watchdog_stop
                0x0000000000027e1c                watchdog_reboot
 .text          0x0000000000027e27       0x61 build/cooja/contiki-ng-cooja.a(int-master.o)
                0x0000000000027e27                int_master_enable
                0x0000000000027e3c                int_master_read_and_disable
                0x0000000000027e5c                int_master_status_set
                0x0000000000027e73                int_master_is_enabled
 .text          0x0000000000027e88      0x1e5 build/cooja/contiki-ng-cooja.a(coap-timer-default.o)
 .text          0x000000000002806d      0x125 build/cooja/contiki-ng-cooja.a(stimer.o)
                0x000000000002806d                stimer_set
                0x000000000002809c                stimer_reset
                0x00000000000280d8                stimer_restart
                0x00000000000280f7                stimer_expired
                0x0000000000028139                stimer_remaining
                0x0000000000028171                stimer_elapsed
 .text          0x0000000000028192      0x19d build/cooja/contiki-ng-cooja.a(ringbuf.o)
                0x0000000000028192                ringbuf_init
                0x00000000000281d3                ringbuf_put
                0x0000000000028262                ringbuf_get
                0x00000000000282e0                ringbuf_size
                0x00000000000282fc                ringbuf_elements
 .text          0x000000000002832f      0x481 build/cooja/contiki-ng-cooja.a(link-stats.o)
                0x000000000002832f                link_stats_from_lladdr
                0x0000000000028357                link_stats_get_lladdr
                0x000000000002837f                link_stats_is_fresh
                0x00000000000283c7                guess_etx_from_rssi
                0x000000000002844c                link_stats_packet_sent
                0x00000000000285b0                link_stats_input_callback
                0x0000000000028712                link_stats_reset
                0x000000000002876e                link_stats_init
 .text          0x00000000000287b0      0xcb3 build/cooja/contiki-ng-cooja.a(nbr-table.o)
                0x0000000000028c0e                nbr_table_count_entries
                0x0000000000028cb0                nbr_table_gc_get_worst
                0x0000000000028cf3                nbr_table_can_accept_new
                0x0000000000028ea8                nbr_table_entry_is_allowed
                0x0000000000028f55                nbr_table_register
                0x0000000000028fe7                nbr_table_is_registered
                0x000000000002903e                nbr_table_head
                0x00000000000290ac                nbr_table_next
                0x0000000000029129                nbr_table_add_lladdr
                0x0000000000029289                nbr_table_get_from_lladdr
                0x00000000000292e8                nbr_table_remove
                0x0000000000029342                nbr_table_lock
                0x0000000000029377                nbr_table_unlock
                0x00000000000293ac                nbr_table_get_lladdr
                0x00000000000293ef                nbr_table_clear
                0x000000000002942c                nbr_table_key_head
                0x0000000000029445                nbr_table_key_next
 .text          0x0000000000029463      0x1e0 build/cooja/contiki-ng-cooja.a(mac-sequence.o)
                0x0000000000029463                mac_sequence_is_duplicate
                0x0000000000029544                mac_sequence_register_seqno
 .text          0x0000000000029643      0x451 build/cooja/contiki-ng-cooja.a(framer-802154.o)
                0x00000000000297de                framer_802154_setup_params
 .text          0x0000000000029a94      0xae3 build/cooja/contiki-ng-cooja.a(csma-output.o)
                0x000000000002a276                csma_output_packet
                0x000000000002a53f                csma_output_init
 .text          0x000000000002a577       0x3d build/cooja/contiki-ng-cooja.a(csma-security.o)
                0x000000000002a577                csma_security_create_frame
                0x000000000002a59d                csma_security_parse_frame
 .text          0x000000000002a5b4      0x8b7 build/cooja/contiki-ng-cooja.a(uip-icmp6.o)
                0x000000000002a631                uip_icmp6_input
                0x000000000002a68f                uip_icmp6_register_input_handler
                0x000000000002a821                uip_icmp6_error_output
                0x000000000002ab86                uip_icmp6_send
                0x000000000002add2                uip_icmp6_echo_reply_callback_add
                0x000000000002ae19                uip_icmp6_echo_reply_callback_rm
                0x000000000002ae42                uip_icmp6_init
 .text          0x000000000002ae6b      0x87f build/cooja/contiki-ng-cooja.a(uip-nd6.o)
                0x000000000002b6d0                uip_nd6_init
 .text          0x000000000002b6ea      0x7e7 build/cooja/contiki-ng-cooja.a(uip-sr.o)
                0x000000000002b6ea                uip_sr_num_nodes
                0x000000000002b795                uip_sr_get_node
                0x000000000002b7fd                uip_sr_is_addr_reachable
                0x000000000002b8c5                uip_sr_expire_parent
                0x000000000002b934                uip_sr_update_node
                0x000000000002baa8                uip_sr_init
                0x000000000002badb                uip_sr_node_head
                0x000000000002baf4                uip_sr_node_next
                0x000000000002bb12                uip_sr_periodic
                0x000000000002bc4e                uip_sr_free_all
                0x000000000002bccd                uip_sr_link_snprint
 .text          0x000000000002bed1      0x35a build/cooja/contiki-ng-cooja.a(rpl-dag-root.o)
                0x000000000002bed1                rpl_dag_root_print_links
                0x000000000002c046                rpl_dag_root_set_prefix
                0x000000000002c082                rpl_dag_root_start
                0x000000000002c1eb                rpl_dag_root_is_root
 .text          0x000000000002c22b     0x1219 build/cooja/contiki-ng-cooja.a(rpl-dag.o)
                0x000000000002c22b                rpl_dag_state_to_str
                0x000000000002c289                rpl_dag_get_root_ipaddr
                0x000000000002c2d3                rpl_dag_leave
                0x000000000002c37e                rpl_dag_poison_and_leave
                0x000000000002c39c                rpl_dag_periodic
                0x000000000002c460                rpl_is_addr_in_our_dag
                0x000000000002c4bc                rpl_get_default_instance
                0x000000000002c4e3                rpl_get_any_dag
                0x000000000002c550                rpl_refresh_routes
                0x000000000002c5b2                rpl_global_repair
                0x000000000002c674                rpl_local_repair
                0x000000000002c6d6                rpl_dag_ready_to_advertise
                0x000000000002c72e                rpl_dag_update_state
                0x000000000002cff1                rpl_process_dio
                0x000000000002d093                rpl_process_dis
                0x000000000002d0e7                rpl_process_dao
                0x000000000002d190                rpl_process_dao_ack
                0x000000000002d240                rpl_process_hbh
                0x000000000002d29f                rpl_dag_init_root
                0x000000000002d420                rpl_dag_init
 .text          0x000000000002d444      0xdef build/cooja/contiki-ng-cooja.a(rpl-ext-header.o)
                0x000000000002d444                rpl_ext_header_srh_get_next_hop
                0x000000000002d555                rpl_ext_header_srh_update
                0x000000000002dbe4                rpl_ext_header_hbh_update
                0x000000000002df84                rpl_ext_header_update
                0x000000000002e02e                rpl_ext_header_remove
 .text          0x000000000002e233     0x16eb build/cooja/contiki-ng-cooja.a(rpl-icmp6.o)
                0x000000000002e3c7                rpl_icmp6_update_nbr_table
                0x000000000002e47c                rpl_icmp6_dis_output
                0x000000000002eba0                rpl_icmp6_dio_output
                0x000000000002f4d0                rpl_icmp6_dao_output
                0x000000000002f841                rpl_icmp6_dao_ack_output
                0x000000000002f8d7                rpl_icmp6_init
 .text          0x000000000002f91e      0x36f build/cooja/contiki-ng-cooja.a(rpl-mrhof.o)
 .text          0x000000000002fc8d       0x8c build/cooja/contiki-ng-cooja.a(rpl-nbr-policy.o)
                0x000000000002fcd5                rpl_nbr_gc_get_worst
 .text          0x000000000002fd19      0xadd build/cooja/contiki-ng-cooja.a(rpl-neighbor.o)
                0x000000000002fdac                rpl_neighbor_snprint
                0x00000000000300da                rpl_neighbor_print_list
                0x00000000000301b1                rpl_neighbor_count
                0x000000000003029c                rpl_neighbor_get_from_lladdr
                0x00000000000302c7                rpl_neighbor_is_acceptable_parent
                0x0000000000030313                rpl_neighbor_get_link_metric
                0x000000000003035f                rpl_neighbor_rank_via_nbr
                0x00000000000303ab                rpl_neighbor_get_lladdr
                0x00000000000303d6                rpl_neighbor_get_ipaddr
                0x0000000000030404                rpl_neighbor_get_link_stats
                0x0000000000030432                rpl_neighbor_is_fresh
                0x0000000000030460                rpl_neighbor_is_parent
                0x0000000000030499                rpl_neighbor_set_preferred_parent
                0x0000000000030550                rpl_neighbor_remove_all
                0x00000000000305b6                rpl_neighbor_get_from_ipaddr
                0x00000000000306ef                rpl_neighbor_select_best
                0x00000000000307cf                rpl_neighbor_init
 .text          0x00000000000307f6      0xd3d build/cooja/contiki-ng-cooja.a(rpl-timers.o)
                0x00000000000307f6                rpl_timers_schedule_periodic_dis
                0x00000000000309ac                rpl_timers_dio_reset
                0x0000000000030b30                rpl_timers_schedule_unicast_dio
                0x0000000000030d17                rpl_timers_schedule_dao
                0x0000000000030e1d                rpl_timers_schedule_dao_ack
                0x0000000000030ee2                rpl_timers_notify_dao_ack
                0x0000000000030f57                get_probing_delay
                0x0000000000030f9e                get_probing_target
                0x00000000000311dc                rpl_schedule_probing
                0x0000000000031223                rpl_schedule_probing_now
                0x00000000000312b1                rpl_timers_unschedule_leaving
                0x00000000000312fb                rpl_timers_schedule_leaving
                0x0000000000031359                rpl_timers_init
                0x000000000003140b                rpl_timers_stop_dag_timers
                0x00000000000314ad                rpl_timers_unschedule_state_update
                0x00000000000314da                rpl_timers_schedule_state_update
 .text          0x0000000000031533       0x34 build/cooja/contiki-ng-cooja.a(assert.o)
                0x0000000000031533                _xassert
 .text          0x0000000000031567       0x3a build/cooja/contiki-ng-cooja.a(mac.o)
                0x0000000000031567                mac_call_sent_callback
 .text          0x00000000000315a1      0xca9 build/cooja/contiki-ng-cooja.a(frame802154.o)
                0x00000000000315cf                frame802154_get_pan_id
                0x00000000000315e0                frame802154_set_pan_id
                0x00000000000315fc                frame802154_has_panid
                0x00000000000317db                frame802154_check_dest_panid
                0x0000000000031879                frame802154_is_broadcast_addr
                0x00000000000318d0                frame802154_extract_linkaddr
                0x0000000000031b6a                frame802154_hdrlen
                0x0000000000031be9                frame802154_create_fcf
                0x0000000000031cbb                frame802154_create
                0x0000000000031e65                frame802154_parse_fcf
                0x0000000000031f5c                frame802154_parse
 .text          0x000000000003224a        0x0 /usr/lib/gcc/x86_64-linux-gnu/11/crtendS.o
 .text          0x000000000003224a        0x0 /usr/lib/gcc/x86_64-linux-gnu/11/../../../x86_64-linux-gnu/crtn.o
 *(.gnu.warning)

.fini           0x000000000003224c        0xd
 *(SORT_NONE(.fini))
 .fini          0x000000000003224c        0x8 /usr/lib/gcc/x86_64-linux-gnu/11/../../../x86_64-linux-gnu/crti.o
                0x000000000003224c                _fini
 .fini          0x0000000000032254        0x5 /usr/lib/gcc/x86_64-linux-gnu/11/../../../x86_64-linux-gnu/crtn.o
                [!provide]                        PROVIDE (__etext = .)
                [!provide]                        PROVIDE (_etext = .)
                [!provide]                        PROVIDE (etext = .)
                0x0000000000033000                . = ALIGN (CONSTANT (MAXPAGESIZE))
                0x0000000000033000                . = SEGMENT_START ("rodata-segment", (ALIGN (CONSTANT (MAXPAGESIZE)) + (. & (CONSTANT (MAXPAGESIZE) - 0x1))))

.rodata         0x0000000000033000      0xd3d
 *(.rodata .rodata.* .gnu.linkonce.r.*)
 .rodata        0x0000000000033000      0x111 actuator.o
 .rodata        0x0000000000033111        0x6 build/cooja/contiki-ng-cooja.a(leds-arch.o)
                0x0000000000033111                leds_arch_leds
 .rodata        0x0000000000033117        0x4 build/cooja/contiki-ng-cooja.a(pir-sensor.o)
 .rodata        0x000000000003311b        0x3 build/cooja/contiki-ng-cooja.a(rs232.o)
 .rodata        0x000000000003311e        0xa build/cooja/contiki-ng-cooja.a(vib-sensor.o)
 .rodata        0x0000000000033128       0x26 build/cooja/contiki-ng-cooja.a(cfs-cooja.o)
 *fill*         0x000000000003314e        0x2 
 .rodata        0x0000000000033150       0x68 build/cooja/contiki-ng-cooja.a(cooja-radio.o)
 .rodata        0x00000000000331b8        0x8 build/cooja/contiki-ng-cooja.a(sensors.o)
 .rodata        0x00000000000331c0       0x14 build/cooja/contiki-ng-cooja.a(buttons.o)
                0x00000000000331cc                button_hal_button_count
 *fill*         0x00000000000331d4        0x4 
 .rodata        0x00000000000331d8      0x176 build/cooja/contiki-ng-cooja.a(fan-speed.o)
 *fill*         0x000000000003334e        0x2 
 .rodata        0x0000000000033350       0x73 build/cooja/contiki-ng-cooja.a(nitrogen.o)
 .rodata        0x00000000000333c3       0x41 build/cooja/contiki-ng-cooja.a(coap-engine.o)
 .rodata        0x0000000000033404       0x11 build/cooja/contiki-ng-cooja.a(coap-observe.o)
 .rodata        0x0000000000033415       0x19 build/cooja/contiki-ng-cooja.a(coap-res-well-known-core.o)
 .rodata        0x000000000003342e       0x35 build/cooja/contiki-ng-cooja.a(coap-uip.o)
 *fill*         0x0000000000033463        0x5 
 .rodata        0x0000000000033468      0x1b0 build/cooja/contiki-ng-cooja.a(coap.o)
 .rodata        0x0000000000033618       0xf4 build/cooja/contiki-ng-cooja.a(contiki-main.o)
 .rodata        0x000000000003370c        0xf build/cooja/contiki-ng-cooja.a(ctimer.o)
 .rodata        0x000000000003371b        0xc build/cooja/contiki-ng-cooja.a(etimer.o)
 *fill*         0x0000000000033727        0x1 
 .rodata        0x0000000000033728       0xc0 build/cooja/contiki-ng-cooja.a(log.o)
 .rodata        0x00000000000337e8       0x13 build/cooja/contiki-ng-cooja.a(button-hal.o)
 .rodata        0x00000000000337fb        0xe build/cooja/contiki-ng-cooja.a(serial-line.o)
 *fill*         0x0000000000033809        0x7 
 .rodata        0x0000000000033810        0x8 build/cooja/contiki-ng-cooja.a(linkaddr.o)
                0x0000000000033810                linkaddr_null
 *fill*         0x0000000000033818        0x8 
 .rodata        0x0000000000033820      0x280 build/cooja/contiki-ng-cooja.a(strformat.o)
 .rodata        0x0000000000033aa0        0x5 build/cooja/contiki-ng-cooja.a(csma.o)
 .rodata        0x0000000000033aa5       0x1d build/cooja/contiki-ng-cooja.a(sicslowpan.o)
                0x0000000000033aa5                unc_llconf
                0x0000000000033aa9                unc_ctxconf
                0x0000000000033aad                unc_mxconf
                0x0000000000033ab1                llprefix
 .rodata        0x0000000000033ac2        0xd build/cooja/contiki-ng-cooja.a(tcpip.o)
 *fill*         0x0000000000033acf        0x1 
 .rodata        0x0000000000033ad0       0x4c build/cooja/contiki-ng-cooja.a(uip-ds6-route.o)
 .rodata        0x0000000000033b1c       0x2d build/cooja/contiki-ng-cooja.a(uiplib.o)
 .rodata        0x0000000000033b49        0x9 build/cooja/contiki-ng-cooja.a(rpl.o)
 .rodata        0x0000000000033b52       0x13 build/cooja/contiki-ng-cooja.a(coap-timer-default.o)
 *fill*         0x0000000000033b65        0x3 
 .rodata        0x0000000000033b68       0x27 build/cooja/contiki-ng-cooja.a(csma-output.o)
 .rodata        0x0000000000033b8f       0x44 build/cooja/contiki-ng-cooja.a(uip-sr.o)
 .rodata        0x0000000000033bd3       0xd7 build/cooja/contiki-ng-cooja.a(rpl-dag.o)
 *fill*         0x0000000000033caa        0x6 
 .rodata        0x0000000000033cb0       0x58 build/cooja/contiki-ng-cooja.a(rpl-neighbor.o)
 .rodata        0x0000000000033d08        0xc build/cooja/contiki-ng-cooja.a(rpl-timers.o)
 *fill*         0x0000000000033d14        0x4 
 .rodata        0x0000000000033d18       0x25 build/cooja/contiki-ng-cooja.a(assert.o)

.rodata1
 *(.rodata1)

.eh_frame_hdr   0x0000000000033d40     0x1aec
 *(.eh_frame_hdr)
 .eh_frame_hdr  0x0000000000033d40     0x1aec actuator.o
                0x0000000000033d40                __GNU_EH_FRAME_HDR
 *(.eh_frame_entry .eh_frame_entry.*)

.eh_frame       0x0000000000035830     0x6c20
 *(.eh_frame)
 .eh_frame      0x0000000000035830       0x40 /usr/lib/gcc/x86_64-linux-gnu/11/../../../x86_64-linux-gnu/crti.o
 .eh_frame      0x0000000000035870       0x18 /usr/lib/gcc/x86_64-linux-gnu/11/../../../x86_64-linux-gnu/crti.o
                                         0x30 (size before relaxing)
 .eh_frame      0x0000000000035888       0x18 /usr/lib/gcc/x86_64-linux-gnu/11/../../../x86_64-linux-gnu/crti.o
                                         0x30 (size before relaxing)
 .eh_frame      0x00000000000358a0       0x60 actuator.o
                                         0x78 (size before relaxing)
 .eh_frame      0x0000000000035900      0x198 build/cooja/mtype920332074.o
                                        0x1b0 (size before relaxing)
 .eh_frame      0x0000000000035a98       0x40 build/cooja/contiki-ng-cooja.a(simEnvChange.o)
                                         0x58 (size before relaxing)
 .eh_frame      0x0000000000035ad8       0x60 build/cooja/contiki-ng-cooja.a(cooja_mt.o)
                                         0x78 (size before relaxing)
 .eh_frame      0x0000000000035b38       0x80 build/cooja/contiki-ng-cooja.a(cooja_mtarch.o)
                                         0x98 (size before relaxing)
 .eh_frame      0x0000000000035bb8       0xc0 build/cooja/contiki-ng-cooja.a(rtimer-arch.o)
                                         0xd8 (size before relaxing)
 .eh_frame      0x0000000000035c78      0x160 build/cooja/contiki-ng-cooja.a(beep.o)
                                        0x178 (size before relaxing)
 .eh_frame      0x0000000000035dd8       0x80 build/cooja/contiki-ng-cooja.a(leds-arch.o)
                                         0x98 (size before relaxing)
 .eh_frame      0x0000000000035e58       0x40 build/cooja/contiki-ng-cooja.a(moteid.o)
                                         0x58 (size before relaxing)
 .eh_frame      0x0000000000035e98       0xa0 build/cooja/contiki-ng-cooja.a(pir-sensor.o)
                                         0xb8 (size before relaxing)
 .eh_frame      0x0000000000035f38      0x100 build/cooja/contiki-ng-cooja.a(rs232.o)
                                        0x118 (size before relaxing)
 .eh_frame      0x0000000000036038       0xa0 build/cooja/contiki-ng-cooja.a(vib-sensor.o)
                                         0xb8 (size before relaxing)
 .eh_frame      0x00000000000360d8       0xc0 build/cooja/contiki-ng-cooja.a(clock.o)
                                         0xd8 (size before relaxing)
 .eh_frame      0x0000000000036198      0x100 build/cooja/contiki-ng-cooja.a(cooja-log.o)
                                        0x118 (size before relaxing)
 .eh_frame      0x0000000000036298      0x160 build/cooja/contiki-ng-cooja.a(cfs-cooja.o)
                                        0x178 (size before relaxing)
 .eh_frame      0x00000000000363f8      0x360 build/cooja/contiki-ng-cooja.a(cooja-radio.o)
                                        0x378 (size before relaxing)
 .eh_frame      0x0000000000036758       0xa0 build/cooja/contiki-ng-cooja.a(eeprom.o)
                                         0xb8 (size before relaxing)
 .eh_frame      0x00000000000367f8       0x40 build/cooja/contiki-ng-cooja.a(random.o)
                                         0x58 (size before relaxing)
 .eh_frame      0x0000000000036838       0xc0 build/cooja/contiki-ng-cooja.a(sensors.o)
                                         0xd8 (size before relaxing)
 .eh_frame      0x00000000000368f8      0x120 build/cooja/contiki-ng-cooja.a(leds.o)
                                        0x138 (size before relaxing)
 .eh_frame      0x0000000000036a18      0x220 build/cooja/contiki-ng-cooja.a(gpio-hal-arch.o)
                                        0x238 (size before relaxing)
 .eh_frame      0x0000000000036c38       0xa0 build/cooja/contiki-ng-cooja.a(buttons.o)
                                         0xb8 (size before relaxing)
 .eh_frame      0x0000000000036cd8       0x60 build/cooja/contiki-ng-cooja.a(fan-speed.o)
                                         0x78 (size before relaxing)
 .eh_frame      0x0000000000036d38       0x60 build/cooja/contiki-ng-cooja.a(nitrogen.o)
                                         0x78 (size before relaxing)
 .eh_frame      0x0000000000036d98       0x40 build/cooja/contiki-ng-cooja.a(coap-blocking-api.o)
                                         0x58 (size before relaxing)
 .eh_frame      0x0000000000036dd8      0x220 build/cooja/contiki-ng-cooja.a(coap-engine.o)
                                        0x238 (size before relaxing)
 .eh_frame      0x0000000000036ff8      0x188 build/cooja/contiki-ng-cooja.a(coap-observe.o)
                                        0x1a0 (size before relaxing)
 .eh_frame      0x0000000000037180       0x20 build/cooja/contiki-ng-cooja.a(coap-res-well-known-core.o)
                                         0x38 (size before relaxing)
 .eh_frame      0x00000000000371a0      0x108 build/cooja/contiki-ng-cooja.a(coap-timer.o)
                                        0x120 (size before relaxing)
 .eh_frame      0x00000000000372a8      0x100 build/cooja/contiki-ng-cooja.a(coap-transactions.o)
                                        0x118 (size before relaxing)
 .eh_frame      0x00000000000373a8      0x248 build/cooja/contiki-ng-cooja.a(coap-uip.o)
                                        0x260 (size before relaxing)
 .eh_frame      0x00000000000375f0      0x6e8 build/cooja/contiki-ng-cooja.a(coap.o)
                                        0x700 (size before relaxing)
 .eh_frame      0x0000000000037cd8       0x20 build/cooja/contiki-ng-cooja.a(contiki-main.o)
                                         0x38 (size before relaxing)
 .eh_frame      0x0000000000037cf8       0x40 build/cooja/contiki-ng-cooja.a(autostart.o)
                                         0x58 (size before relaxing)
 .eh_frame      0x0000000000037d38      0x100 build/cooja/contiki-ng-cooja.a(ctimer.o)
                                        0x118 (size before relaxing)
 .eh_frame      0x0000000000037e38       0x60 build/cooja/contiki-ng-cooja.a(energest.o)
                                         0x78 (size before relaxing)
 .eh_frame      0x0000000000037e98      0x1e0 build/cooja/contiki-ng-cooja.a(etimer.o)
                                        0x1f8 (size before relaxing)
 .eh_frame      0x0000000000038078      0x120 build/cooja/contiki-ng-cooja.a(log.o)
                                        0x138 (size before relaxing)
 .eh_frame      0x0000000000038198       0x20 build/cooja/contiki-ng-cooja.a(node-id.o)
                                         0x38 (size before relaxing)
 .eh_frame      0x00000000000381b8      0x1c8 build/cooja/contiki-ng-cooja.a(process.o)
                                        0x1e0 (size before relaxing)
 .eh_frame      0x0000000000038380       0x60 build/cooja/contiki-ng-cooja.a(rtimer.o)
                                         0x78 (size before relaxing)
 .eh_frame      0x00000000000383e0       0xa0 build/cooja/contiki-ng-cooja.a(timer.o)
                                         0xb8 (size before relaxing)
 .eh_frame      0x0000000000038480      0x1a0 build/cooja/contiki-ng-cooja.a(list.o)
                                        0x1b8 (size before relaxing)
 .eh_frame      0x0000000000038620       0xa0 build/cooja/contiki-ng-cooja.a(memb.o)
                                         0xb8 (size before relaxing)
 .eh_frame      0x00000000000386c0      0x160 build/cooja/contiki-ng-cooja.a(button-hal.o)
                                        0x178 (size before relaxing)
 .eh_frame      0x0000000000038820       0xe0 build/cooja/contiki-ng-cooja.a(gpio-hal.o)
                                         0xf8 (size before relaxing)
 .eh_frame      0x0000000000038900       0x60 build/cooja/contiki-ng-cooja.a(serial-line.o)
                                         0x78 (size before relaxing)
 .eh_frame      0x0000000000038960       0x60 build/cooja/contiki-ng-cooja.a(linkaddr.o)
                                         0x78 (size before relaxing)
 .eh_frame      0x00000000000389c0       0x80 build/cooja/contiki-ng-cooja.a(netstack.o)
                                         0x98 (size before relaxing)
 .eh_frame      0x0000000000038a40      0x288 build/cooja/contiki-ng-cooja.a(packetbuf.o)
                                        0x2a0 (size before relaxing)
 .eh_frame      0x0000000000038cc8      0x1a0 build/cooja/contiki-ng-cooja.a(queuebuf.o)
                                        0x1b8 (size before relaxing)
 .eh_frame      0x0000000000038e68       0x40 build/cooja/contiki-ng-cooja.a(printf.o)
                                         0x58 (size before relaxing)
 .eh_frame      0x0000000000038ea8       0x20 build/cooja/contiki-ng-cooja.a(putchar.o)
                                         0x38 (size before relaxing)
 .eh_frame      0x0000000000038ec8       0x20 build/cooja/contiki-ng-cooja.a(puts.o)
                                         0x38 (size before relaxing)
 .eh_frame      0x0000000000038ee8       0x60 build/cooja/contiki-ng-cooja.a(snprintf.o)
                                         0x78 (size before relaxing)
 .eh_frame      0x0000000000038f48       0x40 build/cooja/contiki-ng-cooja.a(sprintf.o)
                                         0x58 (size before relaxing)
 .eh_frame      0x0000000000038f88      0x120 build/cooja/contiki-ng-cooja.a(strformat.o)
                                        0x138 (size before relaxing)
 .eh_frame      0x00000000000390a8       0xe0 build/cooja/contiki-ng-cooja.a(csma.o)
                                         0xf8 (size before relaxing)
 .eh_frame      0x0000000000039188      0x2e0 build/cooja/contiki-ng-cooja.a(sicslowpan.o)
                                        0x2f8 (size before relaxing)
 .eh_frame      0x0000000000039468      0x248 build/cooja/contiki-ng-cooja.a(tcpip.o)
                                        0x260 (size before relaxing)
 .eh_frame      0x00000000000396b0      0x1c0 build/cooja/contiki-ng-cooja.a(uip-ds6-nbr.o)
                                        0x1d8 (size before relaxing)
 .eh_frame      0x0000000000039870      0x240 build/cooja/contiki-ng-cooja.a(uip-ds6-route.o)
                                        0x258 (size before relaxing)
 .eh_frame      0x0000000000039ab0      0x328 build/cooja/contiki-ng-cooja.a(uip-ds6.o)
                                        0x340 (size before relaxing)
 .eh_frame      0x0000000000039dd8       0xe0 build/cooja/contiki-ng-cooja.a(uip-packetqueue.o)
                                         0xf8 (size before relaxing)
 .eh_frame      0x0000000000039eb8       0x40 build/cooja/contiki-ng-cooja.a(uip-udp-packet.o)
                                         0x58 (size before relaxing)
 .eh_frame      0x0000000000039ef8      0x1e8 build/cooja/contiki-ng-cooja.a(uip6.o)
                                        0x200 (size before relaxing)
 .eh_frame      0x000000000003a0e0      0x200 build/cooja/contiki-ng-cooja.a(uipbuf.o)
                                        0x218 (size before relaxing)
 .eh_frame      0x000000000003a2e0       0x80 build/cooja/contiki-ng-cooja.a(uiplib.o)
                                         0x98 (size before relaxing)
 .eh_frame      0x000000000003a360      0x1e0 build/cooja/contiki-ng-cooja.a(rpl.o)
                                        0x1f8 (size before relaxing)
 .eh_frame      0x000000000003a540       0xa0 build/cooja/contiki-ng-cooja.a(watchdog.o)
                                         0xb8 (size before relaxing)
 .eh_frame      0x000000000003a5e0       0x80 build/cooja/contiki-ng-cooja.a(int-master.o)
                                         0x98 (size before relaxing)
 .eh_frame      0x000000000003a660       0xa0 build/cooja/contiki-ng-cooja.a(coap-timer-default.o)
                                         0xb8 (size before relaxing)
 .eh_frame      0x000000000003a700       0xc0 build/cooja/contiki-ng-cooja.a(stimer.o)
                                         0xd8 (size before relaxing)
 .eh_frame      0x000000000003a7c0       0xa0 build/cooja/contiki-ng-cooja.a(ringbuf.o)
                                         0xb8 (size before relaxing)
 .eh_frame      0x000000000003a860      0x120 build/cooja/contiki-ng-cooja.a(link-stats.o)
                                        0x138 (size before relaxing)
 .eh_frame      0x000000000003a980      0x3e0 build/cooja/contiki-ng-cooja.a(nbr-table.o)
                                        0x3f8 (size before relaxing)
 .eh_frame      0x000000000003ad60       0x48 build/cooja/contiki-ng-cooja.a(mac-sequence.o)
                                         0x60 (size before relaxing)
 .eh_frame      0x000000000003ada8       0xa8 build/cooja/contiki-ng-cooja.a(framer-802154.o)
                                         0xc0 (size before relaxing)
 .eh_frame      0x000000000003ae50      0x1c8 build/cooja/contiki-ng-cooja.a(csma-output.o)
                                        0x1e0 (size before relaxing)
 .eh_frame      0x000000000003b018       0x40 build/cooja/contiki-ng-cooja.a(csma-security.o)
                                         0x58 (size before relaxing)
 .eh_frame      0x000000000003b058      0x148 build/cooja/contiki-ng-cooja.a(uip-icmp6.o)
                                        0x160 (size before relaxing)
 .eh_frame      0x000000000003b1a0       0x80 build/cooja/contiki-ng-cooja.a(uip-nd6.o)
                                         0x98 (size before relaxing)
 .eh_frame      0x000000000003b220      0x180 build/cooja/contiki-ng-cooja.a(uip-sr.o)
                                        0x198 (size before relaxing)
 .eh_frame      0x000000000003b3a0       0xa0 build/cooja/contiki-ng-cooja.a(rpl-dag-root.o)
                                         0xb8 (size before relaxing)
 .eh_frame      0x000000000003b440      0x360 build/cooja/contiki-ng-cooja.a(rpl-dag.o)
                                        0x378 (size before relaxing)
 .eh_frame      0x000000000003b7a0      0x128 build/cooja/contiki-ng-cooja.a(rpl-ext-header.o)
                                        0x140 (size before relaxing)
 .eh_frame      0x000000000003b8c8      0x1c0 build/cooja/contiki-ng-cooja.a(rpl-icmp6.o)
                                        0x1d8 (size before relaxing)
 .eh_frame      0x000000000003ba88      0x148 build/cooja/contiki-ng-cooja.a(rpl-mrhof.o)
                                        0x160 (size before relaxing)
 .eh_frame      0x000000000003bbd0       0x40 build/cooja/contiki-ng-cooja.a(rpl-nbr-policy.o)
                                         0x58 (size before relaxing)
 .eh_frame      0x000000000003bc10      0x2b0 build/cooja/contiki-ng-cooja.a(rpl-neighbor.o)
                                        0x2c8 (size before relaxing)
 .eh_frame      0x000000000003bec0      0x3a8 build/cooja/contiki-ng-cooja.a(rpl-timers.o)
                                        0x3c0 (size before relaxing)
 .eh_frame      0x000000000003c268       0x20 build/cooja/contiki-ng-cooja.a(assert.o)
                                         0x38 (size before relaxing)
 .eh_frame      0x000000000003c288       0x20 build/cooja/contiki-ng-cooja.a(mac.o)
                                         0x38 (size before relaxing)
 .eh_frame      0x000000000003c2a8      0x1a4 build/cooja/contiki-ng-cooja.a(frame802154.o)
                                        0x1c0 (size before relaxing)
 .eh_frame      0x000000000003c44c        0x4 /usr/lib/gcc/x86_64-linux-gnu/11/crtendS.o
 *(.eh_frame.*)

.gcc_except_table
 *(.gcc_except_table .gcc_except_table.*)

.gnu_extab
 *(.gnu_extab*)

.exception_ranges
 *(.exception_ranges*)
                0x000000000003d6b0                . = DATA_SEGMENT_ALIGN (CONSTANT (MAXPAGESIZE), CONSTANT (COMMONPAGESIZE))

.eh_frame
 *(.eh_frame)
 *(.eh_frame.*)

.gnu_extab
 *(.gnu_extab)

.gcc_except_table
 *(.gcc_except_table .gcc_except_table.*)

.exception_ranges
 *(.exception_ranges*)

.tdata
 *(.tdata .tdata.* .gnu.linkonce.td.*)

.tbss
 *(.tbss .tbss.* .gnu.linkonce.tb.*)
 *(.tcommon)

.preinit_array
 *(.preinit_array)

.init_array     0x000000000003d6b0        0x8
 *(SORT_BY_INIT_PRIORITY(.init_array.*) SORT_BY_INIT_PRIORITY(.ctors.*))
 *(.init_array EXCLUDE_FILE(*crtend?.o *crtend.o *crtbegin?.o *crtbegin.o) .ctors)
 .init_array    0x000000000003d6b0        0x8 /usr/lib/gcc/x86_64-linux-gnu/11/crtbeginS.o

.fini_array     0x000000000003d6b8        0x8
 *(SORT_BY_INIT_PRIORITY(.fini_array.*) SORT_BY_INIT_PRIORITY(.dtors.*))
 *(.fini_array EXCLUDE_FILE(*crtend?.o *crtend.o *crtbegin?.o *crtbegin.o) .dtors)
 .fini_array    0x000000000003d6b8        0x8 /usr/lib/gcc/x86_64-linux-gnu/11/crtbeginS.o

.ctors
 *crtbegin.o(.ctors)
 *crtbegin?.o(.ctors)
 *(EXCLUDE_FILE(*crtend?.o *crtend.o) .ctors)
 *(SORT_BY_NAME(.ctors.*))
 *(.ctors)

.dtors
 *crtbegin.o(.dtors)
 *crtbegin?.o(.dtors)
 *(EXCLUDE_FILE(*crtend?.o *crtend.o) .dtors)
 *(SORT_BY_NAME(.dtors.*))
 *(.dtors)

.jcr
 *(.jcr)

.data.rel.ro    0x000000000003d6c0      0x370
 *(.data.rel.ro.local* .gnu.linkonce.d.rel.ro.local.*)
 .data.rel.ro.local
                0x000000000003d6c0       0x10 build/cooja/contiki-ng-cooja.a(beep.o)
                0x000000000003d6c0                beep_interface
 .data.rel.ro.local
                0x000000000003d6d0       0x10 build/cooja/contiki-ng-cooja.a(leds-arch.o)
                0x000000000003d6d0                leds_interface
 .data.rel.ro.local
                0x000000000003d6e0       0x10 build/cooja/contiki-ng-cooja.a(moteid.o)
                0x000000000003d6e0                moteid_interface
 *fill*         0x000000000003d6f0       0x10 
 .data.rel.ro.local
                0x000000000003d700       0x40 build/cooja/contiki-ng-cooja.a(pir-sensor.o)
                0x000000000003d700                pir_interface
                0x000000000003d720                pir_sensor
 .data.rel.ro.local
                0x000000000003d740       0x10 build/cooja/contiki-ng-cooja.a(rs232.o)
                0x000000000003d740                rs232_interface
 *fill*         0x000000000003d750       0x10 
 .data.rel.ro.local
                0x000000000003d760       0x40 build/cooja/contiki-ng-cooja.a(vib-sensor.o)
                0x000000000003d760                vib_interface
                0x000000000003d780                vib_sensor
 .data.rel.ro.local
                0x000000000003d7a0       0x10 build/cooja/contiki-ng-cooja.a(clock.o)
                0x000000000003d7a0                clock_interface
 .data.rel.ro.local
                0x000000000003d7b0       0x10 build/cooja/contiki-ng-cooja.a(cooja-log.o)
                0x000000000003d7b0                simlog_interface
 .data.rel.ro.local
                0x000000000003d7c0       0x10 build/cooja/contiki-ng-cooja.a(cfs-cooja.o)
                0x000000000003d7c0                cfs_interface
 *fill*         0x000000000003d7d0       0x10 
 .data.rel.ro.local
                0x000000000003d7e0       0x90 build/cooja/contiki-ng-cooja.a(cooja-radio.o)
                0x000000000003d7e0                radio_interface
                0x000000000003d800                cooja_radio_driver
 .data.rel.ro.local
                0x000000000003d870       0x10 build/cooja/contiki-ng-cooja.a(eeprom.o)
                0x000000000003d870                eeprom_interface
 .data.rel.ro.local
                0x000000000003d880       0x40 build/cooja/contiki-ng-cooja.a(buttons.o)
                0x000000000003d880                button_interface
                0x000000000003d8a0                button_sensor
 .data.rel.ro.local
                0x000000000003d8c0       0x38 build/cooja/contiki-ng-cooja.a(csma.o)
                0x000000000003d8c0                csma_driver
 *fill*         0x000000000003d8f8        0x8 
 .data.rel.ro.local
                0x000000000003d900       0x18 build/cooja/contiki-ng-cooja.a(coap-timer-default.o)
                0x000000000003d900                coap_timer_default_driver
 *fill*         0x000000000003d918        0x8 
 .data.rel.ro.local
                0x000000000003d920       0x18 build/cooja/contiki-ng-cooja.a(framer-802154.o)
                0x000000000003d920                framer_802154
 *(.data.rel.ro .data.rel.ro.* .gnu.linkonce.d.rel.ro.*)
 .data.rel.ro   0x000000000003d938        0x0 /usr/lib/gcc/x86_64-linux-gnu/11/../../../x86_64-linux-gnu/crti.o
 *fill*         0x000000000003d938        0x8 
 .data.rel.ro   0x000000000003d940       0x18 actuator.o
                0x000000000003d940                autostart_processes
 *fill*         0x000000000003d958        0x8 
 .data.rel.ro   0x000000000003d960       0x20 build/cooja/contiki-ng-cooja.a(sicslowpan.o)
                0x000000000003d960                sicslowpan_driver
 .data.rel.ro   0x000000000003d980       0xa8 build/cooja/contiki-ng-cooja.a(rpl.o)
                0x000000000003d980                rpl_lite_driver
 .data.rel.ro   0x000000000003da28        0x8 build/cooja/contiki-ng-cooja.a(rpl-dag.o)

.dynamic        0x000000000003da30      0x1c0
 *(.dynamic)
 .dynamic       0x000000000003da30      0x1c0 /usr/lib/gcc/x86_64-linux-gnu/11/../../../x86_64-linux-gnu/crti.o
                0x000000000003da30                _DYNAMIC

.got            0x000000000003dbf0      0x410
 *(.got)
 .got           0x000000000003dbf0      0x410 /usr/lib/gcc/x86_64-linux-gnu/11/../../../x86_64-linux-gnu/crti.o
 *(.igot)
                0x000000000003efe8                . = DATA_SEGMENT_RELRO_END (., (SIZEOF (.got.plt) >= 0x18)?0x18:0x0)

.got.plt        0x000000000003e000      0xc98
 *(.got.plt)
 .got.plt       0x000000000003e000      0xc98 /usr/lib/gcc/x86_64-linux-gnu/11/../../../x86_64-linux-gnu/crti.o
                0x000000000003e000                _GLOBAL_OFFSET_TABLE_
 *(.igot.plt)

.data           0x000000000003eca0      0x952
 *(.data .data.* .gnu.linkonce.d.*)
 .data          0x000000000003eca0        0x0 /usr/lib/gcc/x86_64-linux-gnu/11/../../../x86_64-linux-gnu/crti.o
 .data          0x000000000003eca0        0x0 /usr/lib/gcc/x86_64-linux-gnu/11/crtbeginS.o
 .data.rel.local
                0x000000000003eca0        0x8 /usr/lib/gcc/x86_64-linux-gnu/11/crtbeginS.o
                0x000000000003eca0                __dso_handle
 .data          0x000000000003eca8        0x0 actuator.o
 *fill*         0x000000000003eca8       0x18 
 .data.rel.local
                0x000000000003ecc0       0x40 actuator.o
                0x000000000003ecc0                fan_server
                0x000000000003ece0                actuator_registration
 .data          0x000000000003ed00        0x0 build/cooja/mtype920332074.o
 .data.rel      0x000000000003ed00       0xa0 build/cooja/mtype920332074.o
                0x000000000003ed00                simInterfaces
                0x000000000003ed80                sensors
 .data          0x000000000003eda0        0x0 build/cooja/contiki-ng-cooja.a(simEnvChange.o)
 .data          0x000000000003eda0        0x0 build/cooja/contiki-ng-cooja.a(cooja_mt.o)
 .data          0x000000000003eda0        0x0 build/cooja/contiki-ng-cooja.a(cooja_mtarch.o)
 .data          0x000000000003eda0        0x0 build/cooja/contiki-ng-cooja.a(rtimer-arch.o)
 .data          0x000000000003eda0        0x0 build/cooja/contiki-ng-cooja.a(beep.o)
 .data          0x000000000003eda0        0x0 build/cooja/contiki-ng-cooja.a(leds-arch.o)
 .data          0x000000000003eda0        0x0 build/cooja/contiki-ng-cooja.a(moteid.o)
 .data          0x000000000003eda0        0x0 build/cooja/contiki-ng-cooja.a(pir-sensor.o)
 .data          0x000000000003eda0        0x0 build/cooja/contiki-ng-cooja.a(rs232.o)
 .data          0x000000000003eda0        0x0 build/cooja/contiki-ng-cooja.a(vib-sensor.o)
 .data          0x000000000003eda0        0x0 build/cooja/contiki-ng-cooja.a(clock.o)
 .data          0x000000000003eda0        0x0 build/cooja/contiki-ng-cooja.a(cooja-log.o)
 .data          0x000000000003eda0        0x0 build/cooja/contiki-ng-cooja.a(cfs-cooja.o)
 .data          0x000000000003eda0       0x20 build/cooja/contiki-ng-cooja.a(cooja-radio.o)
                0x000000000003eda0                simRadioHWOn
                0x000000000003eda4                simSignalStrength
                0x000000000003eda8                simLastSignalStrength
                0x000000000003edac                simPower
                0x000000000003edb0                simRadioChannel
                0x000000000003edb4                simLQI
                0x000000000003edb8                simLastLQI
 .data.rel.local
                0x000000000003edc0       0x20 build/cooja/contiki-ng-cooja.a(cooja-radio.o)
                0x000000000003edc0                cooja_radio_process
 .data          0x000000000003ede0        0x0 build/cooja/contiki-ng-cooja.a(eeprom.o)
 .data          0x000000000003ede0        0x0 build/cooja/contiki-ng-cooja.a(random.o)
 .data          0x000000000003ede0        0x0 build/cooja/contiki-ng-cooja.a(sensors.o)
 .data.rel.local
                0x000000000003ede0       0x20 build/cooja/contiki-ng-cooja.a(sensors.o)
                0x000000000003ede0                sensors_process
 .data          0x000000000003ee00        0x0 build/cooja/contiki-ng-cooja.a(leds.o)
 .data          0x000000000003ee00        0x0 build/cooja/contiki-ng-cooja.a(gpio-hal-arch.o)
 .data          0x000000000003ee00        0x1 build/cooja/contiki-ng-cooja.a(buttons.o)
                0x000000000003ee00                simButtonIsActive
 *fill*         0x000000000003ee01       0x1f 
 .data.rel.local
                0x000000000003ee20       0xb0 build/cooja/contiki-ng-cooja.a(buttons.o)
                0x000000000003eec0                button_hal_buttons
 .data          0x000000000003eed0        0x4 build/cooja/contiki-ng-cooja.a(fan-speed.o)
 *fill*         0x000000000003eed4        0xc 
 .data.rel.local
                0x000000000003eee0       0x48 build/cooja/contiki-ng-cooja.a(fan-speed.o)
                0x000000000003eee0                fan
 .data          0x000000000003ef28        0x0 build/cooja/contiki-ng-cooja.a(nitrogen.o)
 *fill*         0x000000000003ef28       0x18 
 .data.rel.local
                0x000000000003ef40       0x48 build/cooja/contiki-ng-cooja.a(nitrogen.o)
                0x000000000003ef40                nitro
 .data          0x000000000003ef88        0x0 build/cooja/contiki-ng-cooja.a(coap-blocking-api.o)
 .data          0x000000000003ef88        0x0 build/cooja/contiki-ng-cooja.a(coap-engine.o)
 .data.rel.local
                0x000000000003ef88       0x10 build/cooja/contiki-ng-cooja.a(coap-engine.o)
 .data          0x000000000003ef98        0x0 build/cooja/contiki-ng-cooja.a(coap-observe.o)
 *fill*         0x000000000003ef98        0x8 
 .data.rel.local
                0x000000000003efa0       0x20 build/cooja/contiki-ng-cooja.a(coap-observe.o)
 .data          0x000000000003efc0        0x0 build/cooja/contiki-ng-cooja.a(coap-res-well-known-core.o)
 .data.rel.local
                0x000000000003efc0       0x48 build/cooja/contiki-ng-cooja.a(coap-res-well-known-core.o)
                0x000000000003efc0                res_well_known_core
 .data          0x000000000003f008        0x0 build/cooja/contiki-ng-cooja.a(coap-timer.o)
 .data.rel.local
                0x000000000003f008        0x8 build/cooja/contiki-ng-cooja.a(coap-timer.o)
 .data          0x000000000003f010        0x0 build/cooja/contiki-ng-cooja.a(coap-transactions.o)
 .data.rel.local
                0x000000000003f010       0x20 build/cooja/contiki-ng-cooja.a(coap-transactions.o)
 .data          0x000000000003f030        0x0 build/cooja/contiki-ng-cooja.a(coap-uip.o)
 *fill*         0x000000000003f030       0x10 
 .data.rel.local
                0x000000000003f040       0x20 build/cooja/contiki-ng-cooja.a(coap-uip.o)
                0x000000000003f040                coap_engine
 .data          0x000000000003f060        0x0 build/cooja/contiki-ng-cooja.a(coap.o)
 .data.rel.local
                0x000000000003f060        0x8 build/cooja/contiki-ng-cooja.a(coap.o)
                0x000000000003f060                coap_error_message
 .data          0x000000000003f068        0x0 build/cooja/contiki-ng-cooja.a(contiki-main.o)
 .data          0x000000000003f068        0x0 build/cooja/contiki-ng-cooja.a(autostart.o)
 .data          0x000000000003f068        0x0 build/cooja/contiki-ng-cooja.a(ctimer.o)
 *fill*         0x000000000003f068       0x18 
 .data.rel.local
                0x000000000003f080       0x40 build/cooja/contiki-ng-cooja.a(ctimer.o)
                0x000000000003f0a0                ctimer_process
 .data          0x000000000003f0c0        0x0 build/cooja/contiki-ng-cooja.a(energest.o)
 .data          0x000000000003f0c0        0x0 build/cooja/contiki-ng-cooja.a(etimer.o)
 .data.rel.local
                0x000000000003f0c0       0x20 build/cooja/contiki-ng-cooja.a(etimer.o)
                0x000000000003f0c0                etimer_process
 .data          0x000000000003f0e0        0x4 build/cooja/contiki-ng-cooja.a(log.o)
                0x000000000003f0e0                curr_log_level_main
 *fill*         0x000000000003f0e4       0x1c 
 .data.rel      0x000000000003f100      0x138 build/cooja/contiki-ng-cooja.a(log.o)
                0x000000000003f100                all_modules
 .data          0x000000000003f238        0x0 build/cooja/contiki-ng-cooja.a(node-id.o)
 .data          0x000000000003f238        0x0 build/cooja/contiki-ng-cooja.a(process.o)
 .data          0x000000000003f238        0x0 build/cooja/contiki-ng-cooja.a(rtimer.o)
 .data          0x000000000003f238        0x0 build/cooja/contiki-ng-cooja.a(timer.o)
 .data          0x000000000003f238        0x0 build/cooja/contiki-ng-cooja.a(list.o)
 .data          0x000000000003f238        0x0 build/cooja/contiki-ng-cooja.a(memb.o)
 .data          0x000000000003f238        0x0 build/cooja/contiki-ng-cooja.a(button-hal.o)
 *fill*         0x000000000003f238        0x8 
 .data.rel.local
                0x000000000003f240       0x20 build/cooja/contiki-ng-cooja.a(button-hal.o)
                0x000000000003f240                button_hal_process
 .data          0x000000000003f260        0x0 build/cooja/contiki-ng-cooja.a(gpio-hal.o)
 .data.rel.local
                0x000000000003f260        0x8 build/cooja/contiki-ng-cooja.a(gpio-hal.o)
 .data          0x000000000003f268        0x0 build/cooja/contiki-ng-cooja.a(serial-line.o)
 *fill*         0x000000000003f268       0x18 
 .data.rel.local
                0x000000000003f280       0x20 build/cooja/contiki-ng-cooja.a(serial-line.o)
                0x000000000003f280                serial_line_process
 .data          0x000000000003f2a0        0x0 build/cooja/contiki-ng-cooja.a(linkaddr.o)
 .data          0x000000000003f2a0        0x0 build/cooja/contiki-ng-cooja.a(netstack.o)
 .data.rel.local
                0x000000000003f2a0        0x8 build/cooja/contiki-ng-cooja.a(netstack.o)
 .data          0x000000000003f2a8        0x0 build/cooja/contiki-ng-cooja.a(packetbuf.o)
 .data.rel.local
                0x000000000003f2a8        0x8 build/cooja/contiki-ng-cooja.a(packetbuf.o)
 .data          0x000000000003f2b0        0x0 build/cooja/contiki-ng-cooja.a(queuebuf.o)
 .data.rel.local
                0x000000000003f2b0       0x38 build/cooja/contiki-ng-cooja.a(queuebuf.o)
 .data          0x000000000003f2e8        0x0 build/cooja/contiki-ng-cooja.a(printf.o)
 *fill*         0x000000000003f2e8        0x8 
 .data.rel.local
                0x000000000003f2f0       0x10 build/cooja/contiki-ng-cooja.a(printf.o)
 .data          0x000000000003f300        0x0 build/cooja/contiki-ng-cooja.a(putchar.o)
 .data          0x000000000003f300        0x0 build/cooja/contiki-ng-cooja.a(puts.o)
 .data          0x000000000003f300        0x0 build/cooja/contiki-ng-cooja.a(snprintf.o)
 .data          0x000000000003f300        0x0 build/cooja/contiki-ng-cooja.a(sprintf.o)
 .data          0x000000000003f300        0x0 build/cooja/contiki-ng-cooja.a(strformat.o)
 .data          0x000000000003f300        0x0 build/cooja/contiki-ng-cooja.a(csma.o)
 .data          0x000000000003f300        0x0 build/cooja/contiki-ng-cooja.a(sicslowpan.o)
 .data          0x000000000003f300        0x0 build/cooja/contiki-ng-cooja.a(tcpip.o)
 .data.rel.local
                0x000000000003f300       0x20 build/cooja/contiki-ng-cooja.a(tcpip.o)
                0x000000000003f300                tcpip_process
 .data          0x000000000003f320        0x0 build/cooja/contiki-ng-cooja.a(uip-ds6-nbr.o)
 .data.rel.local
                0x000000000003f320       0x20 build/cooja/contiki-ng-cooja.a(uip-ds6-nbr.o)
 .data          0x000000000003f340        0x0 build/cooja/contiki-ng-cooja.a(uip-ds6-route.o)
 .data.rel.local
                0x000000000003f340       0x28 build/cooja/contiki-ng-cooja.a(uip-ds6-route.o)
 .data          0x000000000003f368        0x0 build/cooja/contiki-ng-cooja.a(uip-ds6.o)
 .data          0x000000000003f368        0x0 build/cooja/contiki-ng-cooja.a(uip-packetqueue.o)
 *fill*         0x000000000003f368        0x8 
 .data.rel.local
                0x000000000003f370       0x18 build/cooja/contiki-ng-cooja.a(uip-packetqueue.o)
 .data          0x000000000003f388        0x0 build/cooja/contiki-ng-cooja.a(uip-udp-packet.o)
 .data          0x000000000003f388        0x0 build/cooja/contiki-ng-cooja.a(uip6.o)
 .data          0x000000000003f388        0x0 build/cooja/contiki-ng-cooja.a(uipbuf.o)
 .data          0x000000000003f388        0x0 build/cooja/contiki-ng-cooja.a(uiplib.o)
 .data          0x000000000003f388        0x0 build/cooja/contiki-ng-cooja.a(rpl.o)
 .data          0x000000000003f388        0x0 build/cooja/contiki-ng-cooja.a(watchdog.o)
 .data          0x000000000003f388        0x0 build/cooja/contiki-ng-cooja.a(int-master.o)
 .data          0x000000000003f388        0x0 build/cooja/contiki-ng-cooja.a(coap-timer-default.o)